
> mis-dashboard@3.0.0 build
> tsc && vite build

vite v6.4.1 building for production...
transforming...
Γ£ô 1711 modules transformed.

C:\Users\hp\Documents\New folder\mis-dashboard\src\_mock\_assessment.ts
  1:1  warning  Resolve error: Cannot find native binding. npm has a bug related to optional dependencies (https://github.com/npm/cli/issues/4828). Please try `npm i` again after removing both package-lock.json and node_modules directory.
    at Object.<anonymous> (C:\Users\hp\Documents\New folder\mis-dashboard\node_modules\unrs-resolver\index.js:376:11)
    at Module._compile (node:internal/modules/cjs/loader:1364:14)
    at Module._extensions..js (node:internal/modules/cjs/loader:1422:10)
    at Module.load (node:internal/modules/cjs/loader:1203:32)
    at Module._load (node:internal/modules/cjs/loader:1019:12)
    at Module.require (node:internal/modules/cjs/loader:1231:19)
    at require (node:internal/modules/helpers:177:18)
    at Object.<anonymous> (C:\Users\hp\Documents\New folder\mis-dashboard\node_modules\eslint-import-resolver-typescript\lib\index.cjs:30:31)
    at Module._compile (node:internal/modules/cjs/loader:1364:14)
    at Module._extensions..js (node:internal/modules/cjs/loader:1422:10)  import/no-duplicates

C:\Users\hp\Documents\New folder\mis-dashboard\src\_mock\_borrower.ts
  1:1  warning  Resolve error: Cannot find native binding. npm has a bug related to optional dependencies (https://github.com/npm/cli/issues/4828). Please try `npm i` again after removing both package-lock.json and node_modules directory.
    at Object.<anonymous> (C:\Users\hp\Documents\New folder\mis-dashboard\node_modules\unrs-resolver\index.js:376:11)
    at Module._compile (node:internal/modules/cjs/loader:1364:14)
    at Module._extensions..js (node:internal/modules/cjs/loader:1422:10)
    at Module.load (node:internal/modules/cjs/loader:1203:32)
    at Module._load (node:internal/modules/cjs/loader:1019:12)
    at Module.require (node:internal/modules/cjs/loader:1231:19)
    at require (node:internal/modules/helpers:177:18)
    at Object.<anonymous> (C:\Users\hp\Documents\New folder\mis-dashboard\node_modules\eslint-import-resolver-typescript\lib\index.cjs:30:31)
    at Module._compile (node:internal/modules/cjs/loader:1364:14)
    at Module._extensions..js (node:internal/modules/cjs/loader:1422:10)  import/no-duplicates

C:\Users\hp\Documents\New folder\mis-dashboard\src\_mock\_credit-proposal-report.ts
  1:1  warning  Resolve error: Cannot find native binding. npm has a bug related to optional dependencies (https://github.com/npm/cli/issues/4828). Please try `npm i` again after removing both package-lock.json and node_modules directory.
    at Object.<anonymous> (C:\Users\hp\Documents\New folder\mis-dashboard\node_modules\unrs-resolver\index.js:376:11)
    at Module._compile (node:internal/modules/cjs/loader:1364:14)
    at Module._extensions..js (node:internal/modules/cjs/loader:1422:10)
    at Module.load (node:internal/modules/cjs/loader:1203:32)
    at Module._load (node:internal/modules/cjs/loader:1019:12)
    at Module.require (node:internal/modules/cjs/loader:1231:19)
    at require (node:internal/modules/helpers:177:18)
    at Object.<anonymous> (C:\Users\hp\Documents\New folder\mis-dashboard\node_modules\eslint-import-resolver-typescript\lib\index.cjs:30:31)
    at Module._compile (node:internal/modules/cjs/loader:1364:14)
    at Module._extensions..js (node:internal/modules/cjs/loader:1422:10)  import/no-duplicates

C:\Users\hp\Documents\New folder\mis-dashboard\src\_mock\_loan-application.ts
  1:1  warning  Resolve error: Cannot find native binding. npm has a bug related to optional dependencies (https://github.com/npm/cli/issues/4828). Please try `npm i` again after removing both package-lock.json and node_modules directory.
    at Object.<anonymous> (C:\Users\hp\Documents\New folder\mis-dashboard\node_modules\unrs-resolver\index.js:376:11)
    at Module._compile (node:internal/modules/cjs/loader:1364:14)
    at Module._extensions..js (node:internal/modules/cjs/loader:1422:10)
    at Module.load (node:internal/modules/cjs/loader:1203:32)
    at Module._load (node:internal/modules/cjs/loader:1019:12)
    at Module.require (node:internal/modules/cjs/loader:1231:19)
    at require (node:internal/modules/helpers:177:18)
    at Object.<anonymous> (C:\Users\hp\Documents\New folder\mis-dashboard\node_modules\eslint-import-resolver-typescript\lib\index.cjs:30:31)
    at Module._compile (node:internal/modules/cjs/loader:1364:14)
    at Module._extensions..js (node:internal/modules/cjs/loader:1422:10)  import/no-duplicates

C:\Users\hp\Documents\New folder\mis-dashboard\src\_mock\_recovery.ts
  1:1  warning  Resolve error: Cannot find native binding. npm has a bug related to optional dependencies (https://github.com/npm/cli/issues/4828). Please try `npm i` again after removing both package-lock.json and node_modules directory.
    at Object.<anonymous> (C:\Users\hp\Documents\New folder\mis-dashboard\node_modules\unrs-resolver\index.js:376:11)
    at Module._compile (node:internal/modules/cjs/loader:1364:14)
    at Module._extensions..js (node:internal/modules/cjs/loader:1422:10)
    at Module.load (node:internal/modules/cjs/loader:1203:32)
    at Module._load (node:internal/modules/cjs/loader:1019:12)
    at Module.require (node:internal/modules/cjs/loader:1231:19)
    at require (node:internal/modules/helpers:177:18)
    at Object.<anonymous> (C:\Users\hp\Documents\New folder\mis-dashboard\node_modules\eslint-import-resolver-typescript\lib\index.cjs:30:31)
    at Module._compile (node:internal/modules/cjs/loader:1364:14)
    at Module._extensions..js (node:internal/modules/cjs/loader:1422:10)  import/no-duplicates

C:\Users\hp\Documents\New folder\mis-dashboard\src\app.tsx
  1:1  warning  Resolve error: Cannot find native binding. npm has a bug related to optional dependencies (https://github.com/npm/cli/issues/4828). Please try `npm i` again after removing both package-lock.json and node_modules directory.
    at Object.<anonymous> (C:\Users\hp\Documents\New folder\mis-dashboard\node_modules\unrs-resolver\index.js:376:11)
    at Module._compile (node:internal/modules/cjs/loader:1364:14)
    at Module._extensions..js (node:internal/modules/cjs/loader:1422:10)
    at Module.load (node:internal/modules/cjs/loader:1203:32)
    at Module._load (node:internal/modules/cjs/loader:1019:12)
    at Module.require (node:internal/modules/cjs/loader:1231:19)
    at require (node:internal/modules/helpers:177:18)
    at Object.<anonymous> (C:\Users\hp\Documents\New folder\mis-dashboard\node_modules\eslint-import-resolver-typescript\lib\index.cjs:30:31)
    at Module._compile (node:internal/modules/cjs/loader:1364:14)
    at Module._extensions..js (node:internal/modules/cjs/loader:1422:10)  import/no-duplicates

C:\Users\hp\Documents\New folder\mis-dashboard\src\components\auth\auth-initializer.tsx
   1:1   warning  Resolve error: Cannot find native binding. npm has a bug related to optional dependencies (https://github.com/npm/cli/issues/4828). Please try `npm i` again after removing both package-lock.json and node_modules directory.
    at Object.<anonymous> (C:\Users\hp\Documents\New folder\mis-dashboard\node_modules\unrs-resolver\index.js:376:11)
    at Module._compile (node:internal/modules/cjs/loader:1364:14)
    at Module._extensions..js (node:internal/modules/cjs/loader:1422:10)
    at Module.load (node:internal/modules/cjs/loader:1203:32)
    at Module._load (node:internal/modules/cjs/loader:1019:12)
    at Module.require (node:internal/modules/cjs/loader:1231:19)
    at require (node:internal/modules/helpers:177:18)
    at Object.<anonymous> (C:\Users\hp\Documents\New folder\mis-dashboard\node_modules\eslint-import-resolver-typescript\lib\index.cjs:30:31)
    at Module._compile (node:internal/modules/cjs/loader:1364:14)
    at Module._extensions..js (node:internal/modules/cjs/loader:1422:10)  import/no-duplicates
  22:26  warning  'isLoading' is assigned a value but never used                                                                                                                                                                                                                                                                                                                                                                                                                                                                                                                                                                                                                                                                                                                                                                                                                                                                                                                                                                                                @typescript-eslint/no-unused-vars

C:\Users\hp\Documents\New folder\mis-dashboard\src\components\auth\auth-route-guard.tsx
  1:1  warning  Resolve error: Cannot find native binding. npm has a bug related to optional dependencies (https://github.com/npm/cli/issues/4828). Please try `npm i` again after removing both package-lock.json and node_modules directory.
    at Object.<anonymous> (C:\Users\hp\Documents\New folder\mis-dashboard\node_modules\unrs-resolver\index.js:376:11)
    at Module._compile (node:internal/modules/cjs/loader:1364:14)
    at Module._extensions..js (node:internal/modules/cjs/loader:1422:10)
    at Module.load (node:internal/modules/cjs/loader:1203:32)
    at Module._load (node:internal/modules/cjs/loader:1019:12)
    at Module.require (node:internal/modules/cjs/loader:1231:19)
    at require (node:internal/modules/helpers:177:18)
    at Object.<anonymous> (C:\Users\hp\Documents\New folder\mis-dashboard\node_modules\eslint-import-resolver-typescript\lib\index.cjs:30:31)
    at Module._compile (node:internal/modules/cjs/loader:1364:14)
    at Module._extensions..js (node:internal/modules/cjs/loader:1422:10)  import/no-duplicates

C:\Users\hp\Documents\New folder\mis-dashboard\src\components\auth\customer-bank-guard.tsx
  1:1  warning  Resolve error: Cannot find native binding. npm has a bug related to optional dependencies (https://github.com/npm/cli/issues/4828). Please try `npm i` again after removing both package-lock.json and node_modules directory.
    at Object.<anonymous> (C:\Users\hp\Documents\New folder\mis-dashboard\node_modules\unrs-resolver\index.js:376:11)
    at Module._compile (node:internal/modules/cjs/loader:1364:14)
    at Module._extensions..js (node:internal/modules/cjs/loader:1422:10)
    at Module.load (node:internal/modules/cjs/loader:1203:32)
    at Module._load (node:internal/modules/cjs/loader:1019:12)
    at Module.require (node:internal/modules/cjs/loader:1231:19)
    at require (node:internal/modules/helpers:177:18)
    at Object.<anonymous> (C:\Users\hp\Documents\New folder\mis-dashboard\node_modules\eslint-import-resolver-typescript\lib\index.cjs:30:31)
    at Module._compile (node:internal/modules/cjs/loader:1364:14)
    at Module._extensions..js (node:internal/modules/cjs/loader:1422:10)  import/no-duplicates

C:\Users\hp\Documents\New folder\mis-dashboard\src\components\auth\customer-home-redirect.tsx
  1:1  warning  Resolve error: Cannot find native binding. npm has a bug related to optional dependencies (https://github.com/npm/cli/issues/4828). Please try `npm i` again after removing both package-lock.json and node_modules directory.
    at Object.<anonymous> (C:\Users\hp\Documents\New folder\mis-dashboard\node_modules\unrs-resolver\index.js:376:11)
    at Module._compile (node:internal/modules/cjs/loader:1364:14)
    at Module._extensions..js (node:internal/modules/cjs/loader:1422:10)
    at Module.load (node:internal/modules/cjs/loader:1203:32)
    at Module._load (node:internal/modules/cjs/loader:1019:12)
    at Module.require (node:internal/modules/cjs/loader:1231:19)
    at require (node:internal/modules/helpers:177:18)
    at Object.<anonymous> (C:\Users\hp\Documents\New folder\mis-dashboard\node_modules\eslint-import-resolver-typescript\lib\index.cjs:30:31)
    at Module._compile (node:internal/modules/cjs/loader:1364:14)
    at Module._extensions..js (node:internal/modules/cjs/loader:1422:10)  import/no-duplicates

C:\Users\hp\Documents\New folder\mis-dashboard\src\components\auth\google-login-button.tsx
  1:1  warning  Resolve error: Cannot find native binding. npm has a bug related to optional dependencies (https://github.com/npm/cli/issues/4828). Please try `npm i` again after removing both package-lock.json and node_modules directory.
    at Object.<anonymous> (C:\Users\hp\Documents\New folder\mis-dashboard\node_modules\unrs-resolver\index.js:376:11)
    at Module._compile (node:internal/modules/cjs/loader:1364:14)
    at Module._extensions..js (node:internal/modules/cjs/loader:1422:10)
    at Module.load (node:internal/modules/cjs/loader:1203:32)
    at Module._load (node:internal/modules/cjs/loader:1019:12)
    at Module.require (node:internal/modules/cjs/loader:1231:19)
    at require (node:internal/modules/helpers:177:18)
    at Object.<anonymous> (C:\Users\hp\Documents\New folder\mis-dashboard\node_modules\eslint-import-resolver-typescript\lib\index.cjs:30:31)
    at Module._compile (node:internal/modules/cjs/loader:1364:14)
    at Module._extensions..js (node:internal/modules/cjs/loader:1422:10)  import/no-duplicates

C:\Users\hp\Documents\New folder\mis-dashboard\src\components\auth\guest-only-route.tsx
  1:1  warning  Resolve error: Cannot find native binding. npm has a bug related to optional dependencies (https://github.com/npm/cli/issues/4828). Please try `npm i` again after removing both package-lock.json and node_modules directory.
    at Object.<anonymous> (C:\Users\hp\Documents\New folder\mis-dashboard\node_modules\unrs-resolver\index.js:376:11)
    at Module._compile (node:internal/modules/cjs/loader:1364:14)
    at Module._extensions..js (node:internal/modules/cjs/loader:1422:10)
    at Module.load (node:internal/modules/cjs/loader:1203:32)
    at Module._load (node:internal/modules/cjs/loader:1019:12)
    at Module.require (node:internal/modules/cjs/loader:1231:19)
    at require (node:internal/modules/helpers:177:18)
    at Object.<anonymous> (C:\Users\hp\Documents\New folder\mis-dashboard\node_modules\eslint-import-resolver-typescript\lib\index.cjs:30:31)
    at Module._compile (node:internal/modules/cjs/loader:1364:14)
    at Module._extensions..js (node:internal/modules/cjs/loader:1422:10)  import/no-duplicates

C:\Users\hp\Documents\New folder\mis-dashboard\src\components\auth\multi-role-guard.tsx
  1:1  warning  Resolve error: Cannot find native binding. npm has a bug related to optional dependencies (https://github.com/npm/cli/issues/4828). Please try `npm i` again after removing both package-lock.json and node_modules directory.
    at Object.<anonymous> (C:\Users\hp\Documents\New folder\mis-dashboard\node_modules\unrs-resolver\index.js:376:11)
    at Module._compile (node:internal/modules/cjs/loader:1364:14)
    at Module._extensions..js (node:internal/modules/cjs/loader:1422:10)
    at Module.load (node:internal/modules/cjs/loader:1203:32)
    at Module._load (node:internal/modules/cjs/loader:1019:12)
    at Module.require (node:internal/modules/cjs/loader:1231:19)
    at require (node:internal/modules/helpers:177:18)
    at Object.<anonymous> (C:\Users\hp\Documents\New folder\mis-dashboard\node_modules\eslint-import-resolver-typescript\lib\index.cjs:30:31)
    at Module._compile (node:internal/modules/cjs/loader:1364:14)
    at Module._extensions..js (node:internal/modules/cjs/loader:1422:10)  import/no-duplicates

C:\Users\hp\Documents\New folder\mis-dashboard\src\components\auth\protected-route.tsx
  1:1  warning  Resolve error: Cannot find native binding. npm has a bug related to optional dependencies (https://github.com/npm/cli/issues/4828). Please try `npm i` again after removing both package-lock.json and node_modules directory.
    at Object.<anonymous> (C:\Users\hp\Documents\New folder\mis-dashboard\node_modules\unrs-resolver\index.js:376:11)
    at Module._compile (node:internal/modules/cjs/loader:1364:14)
    at Module._extensions..js (node:internal/modules/cjs/loader:1422:10)
    at Module.load (node:internal/modules/cjs/loader:1203:32)
    at Module._load (node:internal/modules/cjs/loader:1019:12)
    at Module.require (node:internal/modules/cjs/loader:1231:19)
    at require (node:internal/modules/helpers:177:18)
    at Object.<anonymous> (C:\Users\hp\Documents\New folder\mis-dashboard\node_modules\eslint-import-resolver-typescript\lib\index.cjs:30:31)
    at Module._compile (node:internal/modules/cjs/loader:1364:14)
    at Module._extensions..js (node:internal/modules/cjs/loader:1422:10)  import/no-duplicates

C:\Users\hp\Documents\New folder\mis-dashboard\src\components\auth\role-guard.tsx
  1:1  warning  Resolve error: Cannot find native binding. npm has a bug related to optional dependencies (https://github.com/npm/cli/issues/4828). Please try `npm i` again after removing both package-lock.json and node_modules directory.
    at Object.<anonymous> (C:\Users\hp\Documents\New folder\mis-dashboard\node_modules\unrs-resolver\index.js:376:11)
    at Module._compile (node:internal/modules/cjs/loader:1364:14)
    at Module._extensions..js (node:internal/modules/cjs/loader:1422:10)
    at Module.load (node:internal/modules/cjs/loader:1203:32)
    at Module._load (node:internal/modules/cjs/loader:1019:12)
    at Module.require (node:internal/modules/cjs/loader:1231:19)
    at require (node:internal/modules/helpers:177:18)
    at Object.<anonymous> (C:\Users\hp\Documents\New folder\mis-dashboard\node_modules\eslint-import-resolver-typescript\lib\index.cjs:30:31)
    at Module._compile (node:internal/modules/cjs/loader:1364:14)
    at Module._extensions..js (node:internal/modules/cjs/loader:1422:10)  import/no-duplicates

C:\Users\hp\Documents\New folder\mis-dashboard\src\components\auth\subscription-guard.tsx
  1:1  warning  Resolve error: Cannot find native binding. npm has a bug related to optional dependencies (https://github.com/npm/cli/issues/4828). Please try `npm i` again after removing both package-lock.json and node_modules directory.
    at Object.<anonymous> (C:\Users\hp\Documents\New folder\mis-dashboard\node_modules\unrs-resolver\index.js:376:11)
    at Module._compile (node:internal/modules/cjs/loader:1364:14)
    at Module._extensions..js (node:internal/modules/cjs/loader:1422:10)
    at Module.load (node:internal/modules/cjs/loader:1203:32)
    at Module._load (node:internal/modules/cjs/loader:1019:12)
    at Module.require (node:internal/modules/cjs/loader:1231:19)
    at require (node:internal/modules/helpers:177:18)
    at Object.<anonymous> (C:\Users\hp\Documents\New folder\mis-dashboard\node_modules\eslint-import-resolver-typescript\lib\index.cjs:30:31)
    at Module._compile (node:internal/modules/cjs/loader:1364:14)
    at Module._extensions..js (node:internal/modules/cjs/loader:1422:10)  import/no-duplicates

C:\Users\hp\Documents\New folder\mis-dashboard\src\components\chart\chart.tsx
  1:1  warning  Resolve error: Cannot find native binding. npm has a bug related to optional dependencies (https://github.com/npm/cli/issues/4828). Please try `npm i` again after removing both package-lock.json and node_modules directory.
    at Object.<anonymous> (C:\Users\hp\Documents\New folder\mis-dashboard\node_modules\unrs-resolver\index.js:376:11)
    at Module._compile (node:internal/modules/cjs/loader:1364:14)
    at Module._extensions..js (node:internal/modules/cjs/loader:1422:10)
    at Module.load (node:internal/modules/cjs/loader:1203:32)
    at Module._load (node:internal/modules/cjs/loader:1019:12)
    at Module.require (node:internal/modules/cjs/loader:1231:19)
    at require (node:internal/modules/helpers:177:18)
    at Object.<anonymous> (C:\Users\hp\Documents\New folder\mis-dashboard\node_modules\eslint-import-resolver-typescript\lib\index.cjs:30:31)
    at Module._compile (node:internal/modules/cjs/loader:1364:14)
    at Module._extensions..js (node:internal/modules/cjs/loader:1422:10)  import/no-duplicates

C:\Users\hp\Documents\New folder\mis-dashboard\src\components\chart\classes.ts
  1:1  warning  Resolve error: Cannot find native binding. npm has a bug related to optional dependencies (https://github.com/npm/cli/issues/4828). Please try `npm i` again after removing both package-lock.json and node_modules directory.
    at Object.<anonymous> (C:\Users\hp\Documents\New folder\mis-dashboard\node_modules\unrs-resolver\index.js:376:11)
    at Module._compile (node:internal/modules/cjs/loader:1364:14)
    at Module._extensions..js (node:internal/modules/cjs/loader:1422:10)
    at Module.load (node:internal/modules/cjs/loader:1203:32)
    at Module._load (node:internal/modules/cjs/loader:1019:12)
    at Module.require (node:internal/modules/cjs/loader:1231:19)
    at require (node:internal/modules/helpers:177:18)
    at Object.<anonymous> (C:\Users\hp\Documents\New folder\mis-dashboard\node_modules\eslint-import-resolver-typescript\lib\index.cjs:30:31)
    at Module._compile (node:internal/modules/cjs/loader:1364:14)
    at Module._extensions..js (node:internal/modules/cjs/loader:1422:10)  import/no-duplicates

C:\Users\hp\Documents\New folder\mis-dashboard\src\components\chart\components\chart-legends.tsx
  1:1  warning  Resolve error: Cannot find native binding. npm has a bug related to optional dependencies (https://github.com/npm/cli/issues/4828). Please try `npm i` again after removing both package-lock.json and node_modules directory.
    at Object.<anonymous> (C:\Users\hp\Documents\New folder\mis-dashboard\node_modules\unrs-resolver\index.js:376:11)
    at Module._compile (node:internal/modules/cjs/loader:1364:14)
    at Module._extensions..js (node:internal/modules/cjs/loader:1422:10)
    at Module.load (node:internal/modules/cjs/loader:1203:32)
    at Module._load (node:internal/modules/cjs/loader:1019:12)
    at Module.require (node:internal/modules/cjs/loader:1231:19)
    at require (node:internal/modules/helpers:177:18)
    at Object.<anonymous> (C:\Users\hp\Documents\New folder\mis-dashboard\node_modules\eslint-import-resolver-typescript\lib\index.cjs:30:31)
    at Module._compile (node:internal/modules/cjs/loader:1364:14)
    at Module._extensions..js (node:internal/modules/cjs/loader:1422:10)  import/no-duplicates

C:\Users\hp\Documents\New folder\mis-dashboard\src\components\chart\components\chart-loading.tsx
  1:1  warning  Resolve error: Cannot find native binding. npm has a bug related to optional dependencies (https://github.com/npm/cli/issues/4828). Please try `npm i` again after removing both package-lock.json and node_modules directory.
    at Object.<anonymous> (C:\Users\hp\Documents\New folder\mis-dashboard\node_modules\unrs-resolver\index.js:376:11)
    at Module._compile (node:internal/modules/cjs/loader:1364:14)
    at Module._extensions..js (node:internal/modules/cjs/loader:1422:10)
    at Module.load (node:internal/modules/cjs/loader:1203:32)
    at Module._load (node:internal/modules/cjs/loader:1019:12)
    at Module.require (node:internal/modules/cjs/loader:1231:19)
    at require (node:internal/modules/helpers:177:18)
    at Object.<anonymous> (C:\Users\hp\Documents\New folder\mis-dashboard\node_modules\eslint-import-resolver-typescript\lib\index.cjs:30:31)
    at Module._compile (node:internal/modules/cjs/loader:1364:14)
    at Module._extensions..js (node:internal/modules/cjs/loader:1422:10)  import/no-duplicates

C:\Users\hp\Documents\New folder\mis-dashboard\src\components\chart\use-chart.ts
  1:1  warning  Resolve error: Cannot find native binding. npm has a bug related to optional dependencies (https://github.com/npm/cli/issues/4828). Please try `npm i` again after removing both package-lock.json and node_modules directory.
    at Object.<anonymous> (C:\Users\hp\Documents\New folder\mis-dashboard\node_modules\unrs-resolver\index.js:376:11)
    at Module._compile (node:internal/modules/cjs/loader:1364:14)
    at Module._extensions..js (node:internal/modules/cjs/loader:1422:10)
    at Module.load (node:internal/modules/cjs/loader:1203:32)
    at Module._load (node:internal/modules/cjs/loader:1019:12)
    at Module.require (node:internal/modules/cjs/loader:1231:19)
    at require (node:internal/modules/helpers:177:18)
    at Object.<anonymous> (C:\Users\hp\Documents\New folder\mis-dashboard\node_modules\eslint-import-resolver-typescript\lib\index.cjs:30:31)
    at Module._compile (node:internal/modules/cjs/loader:1364:14)
    at Module._extensions..js (node:internal/modules/cjs/loader:1422:10)  import/no-duplicates

C:\Users\hp\Documents\New folder\mis-dashboard\src\components\color-utils\classes.ts
  1:1  warning  Resolve error: Cannot find native binding. npm has a bug related to optional dependencies (https://github.com/npm/cli/issues/4828). Please try `npm i` again after removing both package-lock.json and node_modules directory.
    at Object.<anonymous> (C:\Users\hp\Documents\New folder\mis-dashboard\node_modules\unrs-resolver\index.js:376:11)
    at Module._compile (node:internal/modules/cjs/loader:1364:14)
    at Module._extensions..js (node:internal/modules/cjs/loader:1422:10)
    at Module.load (node:internal/modules/cjs/loader:1203:32)
    at Module._load (node:internal/modules/cjs/loader:1019:12)
    at Module.require (node:internal/modules/cjs/loader:1231:19)
    at require (node:internal/modules/helpers:177:18)
    at Object.<anonymous> (C:\Users\hp\Documents\New folder\mis-dashboard\node_modules\eslint-import-resolver-typescript\lib\index.cjs:30:31)
    at Module._compile (node:internal/modules/cjs/loader:1364:14)
    at Module._extensions..js (node:internal/modules/cjs/loader:1422:10)  import/no-duplicates

C:\Users\hp\Documents\New folder\mis-dashboard\src\components\color-utils\color-picker.tsx
  1:1  warning  Resolve error: Cannot find native binding. npm has a bug related to optional dependencies (https://github.com/npm/cli/issues/4828). Please try `npm i` again after removing both package-lock.json and node_modules directory.
    at Object.<anonymous> (C:\Users\hp\Documents\New folder\mis-dashboard\node_modules\unrs-resolver\index.js:376:11)
    at Module._compile (node:internal/modules/cjs/loader:1364:14)
    at Module._extensions..js (node:internal/modules/cjs/loader:1422:10)
    at Module.load (node:internal/modules/cjs/loader:1203:32)
    at Module._load (node:internal/modules/cjs/loader:1019:12)
    at Module.require (node:internal/modules/cjs/loader:1231:19)
    at require (node:internal/modules/helpers:177:18)
    at Object.<anonymous> (C:\Users\hp\Documents\New folder\mis-dashboard\node_modules\eslint-import-resolver-typescript\lib\index.cjs:30:31)
    at Module._compile (node:internal/modules/cjs/loader:1364:14)
    at Module._extensions..js (node:internal/modules/cjs/loader:1422:10)  import/no-duplicates

C:\Users\hp\Documents\New folder\mis-dashboard\src\components\color-utils\color-preview.tsx
  1:1  warning  Resolve error: Cannot find native binding. npm has a bug related to optional dependencies (https://github.com/npm/cli/issues/4828). Please try `npm i` again after removing both package-lock.json and node_modules directory.
    at Object.<anonymous> (C:\Users\hp\Documents\New folder\mis-dashboard\node_modules\unrs-resolver\index.js:376:11)
    at Module._compile (node:internal/modules/cjs/loader:1364:14)
    at Module._extensions..js (node:internal/modules/cjs/loader:1422:10)
    at Module.load (node:internal/modules/cjs/loader:1203:32)
    at Module._load (node:internal/modules/cjs/loader:1019:12)
    at Module.require (node:internal/modules/cjs/loader:1231:19)
    at require (node:internal/modules/helpers:177:18)
    at Object.<anonymous> (C:\Users\hp\Documents\New folder\mis-dashboard\node_modules\eslint-import-resolver-typescript\lib\index.cjs:30:31)
    at Module._compile (node:internal/modules/cjs/loader:1364:14)
    at Module._extensions..js (node:internal/modules/cjs/loader:1422:10)  import/no-duplicates

C:\Users\hp\Documents\New folder\mis-dashboard\src\components\form\memoized-form-field.tsx
  1:1  warning  Resolve error: Cannot find native binding. npm has a bug related to optional dependencies (https://github.com/npm/cli/issues/4828). Please try `npm i` again after removing both package-lock.json and node_modules directory.
    at Object.<anonymous> (C:\Users\hp\Documents\New folder\mis-dashboard\node_modules\unrs-resolver\index.js:376:11)
    at Module._compile (node:internal/modules/cjs/loader:1364:14)
    at Module._extensions..js (node:internal/modules/cjs/loader:1422:10)
    at Module.load (node:internal/modules/cjs/loader:1203:32)
    at Module._load (node:internal/modules/cjs/loader:1019:12)
    at Module.require (node:internal/modules/cjs/loader:1231:19)
    at require (node:internal/modules/helpers:177:18)
    at Object.<anonymous> (C:\Users\hp\Documents\New folder\mis-dashboard\node_modules\eslint-import-resolver-typescript\lib\index.cjs:30:31)
    at Module._compile (node:internal/modules/cjs/loader:1364:14)
    at Module._extensions..js (node:internal/modules/cjs/loader:1422:10)  import/no-duplicates

C:\Users\hp\Documents\New folder\mis-dashboard\src\components\iconify\classes.ts
  1:1  warning  Resolve error: Cannot find native binding. npm has a bug related to optional dependencies (https://github.com/npm/cli/issues/4828). Please try `npm i` again after removing both package-lock.json and node_modules directory.
    at Object.<anonymous> (C:\Users\hp\Documents\New folder\mis-dashboard\node_modules\unrs-resolver\index.js:376:11)
    at Module._compile (node:internal/modules/cjs/loader:1364:14)
    at Module._extensions..js (node:internal/modules/cjs/loader:1422:10)
    at Module.load (node:internal/modules/cjs/loader:1203:32)
    at Module._load (node:internal/modules/cjs/loader:1019:12)
    at Module.require (node:internal/modules/cjs/loader:1231:19)
    at require (node:internal/modules/helpers:177:18)
    at Object.<anonymous> (C:\Users\hp\Documents\New folder\mis-dashboard\node_modules\eslint-import-resolver-typescript\lib\index.cjs:30:31)
    at Module._compile (node:internal/modules/cjs/loader:1364:14)
    at Module._extensions..js (node:internal/modules/cjs/loader:1422:10)  import/no-duplicates

C:\Users\hp\Documents\New folder\mis-dashboard\src\components\iconify\iconify.tsx
  1:1  warning  Resolve error: Cannot find native binding. npm has a bug related to optional dependencies (https://github.com/npm/cli/issues/4828). Please try `npm i` again after removing both package-lock.json and node_modules directory.
    at Object.<anonymous> (C:\Users\hp\Documents\New folder\mis-dashboard\node_modules\unrs-resolver\index.js:376:11)
    at Module._compile (node:internal/modules/cjs/loader:1364:14)
    at Module._extensions..js (node:internal/modules/cjs/loader:1422:10)
    at Module.load (node:internal/modules/cjs/loader:1203:32)
    at Module._load (node:internal/modules/cjs/loader:1019:12)
    at Module.require (node:internal/modules/cjs/loader:1231:19)
    at require (node:internal/modules/helpers:177:18)
    at Object.<anonymous> (C:\Users\hp\Documents\New folder\mis-dashboard\node_modules\eslint-import-resolver-typescript\lib\index.cjs:30:31)
    at Module._compile (node:internal/modules/cjs/loader:1364:14)
    at Module._extensions..js (node:internal/modules/cjs/loader:1422:10)  import/no-duplicates

C:\Users\hp\Documents\New folder\mis-dashboard\src\components\label\classes.ts
  1:1  warning  Resolve error: Cannot find native binding. npm has a bug related to optional dependencies (https://github.com/npm/cli/issues/4828). Please try `npm i` again after removing both package-lock.json and node_modules directory.
    at Object.<anonymous> (C:\Users\hp\Documents\New folder\mis-dashboard\node_modules\unrs-resolver\index.js:376:11)
    at Module._compile (node:internal/modules/cjs/loader:1364:14)
    at Module._extensions..js (node:internal/modules/cjs/loader:1422:10)
    at Module.load (node:internal/modules/cjs/loader:1203:32)
    at Module._load (node:internal/modules/cjs/loader:1019:12)
    at Module.require (node:internal/modules/cjs/loader:1231:19)
    at require (node:internal/modules/helpers:177:18)
    at Object.<anonymous> (C:\Users\hp\Documents\New folder\mis-dashboard\node_modules\eslint-import-resolver-typescript\lib\index.cjs:30:31)
    at Module._compile (node:internal/modules/cjs/loader:1364:14)
    at Module._extensions..js (node:internal/modules/cjs/loader:1422:10)  import/no-duplicates

C:\Users\hp\Documents\New folder\mis-dashboard\src\components\label\label.tsx
  1:1  warning  Resolve error: Cannot find native binding. npm has a bug related to optional dependencies (https://github.com/npm/cli/issues/4828). Please try `npm i` again after removing both package-lock.json and node_modules directory.
    at Object.<anonymous> (C:\Users\hp\Documents\New folder\mis-dashboard\node_modules\unrs-resolver\index.js:376:11)
    at Module._compile (node:internal/modules/cjs/loader:1364:14)
    at Module._extensions..js (node:internal/modules/cjs/loader:1422:10)
    at Module.load (node:internal/modules/cjs/loader:1203:32)
    at Module._load (node:internal/modules/cjs/loader:1019:12)
    at Module.require (node:internal/modules/cjs/loader:1231:19)
    at require (node:internal/modules/helpers:177:18)
    at Object.<anonymous> (C:\Users\hp\Documents\New folder\mis-dashboard\node_modules\eslint-import-resolver-typescript\lib\index.cjs:30:31)
    at Module._compile (node:internal/modules/cjs/loader:1364:14)
    at Module._extensions..js (node:internal/modules/cjs/loader:1422:10)  import/no-duplicates

C:\Users\hp\Documents\New folder\mis-dashboard\src\components\label\styles.tsx
  1:1  warning  Resolve error: Cannot find native binding. npm has a bug related to optional dependencies (https://github.com/npm/cli/issues/4828). Please try `npm i` again after removing both package-lock.json and node_modules directory.
    at Object.<anonymous> (C:\Users\hp\Documents\New folder\mis-dashboard\node_modules\unrs-resolver\index.js:376:11)
    at Module._compile (node:internal/modules/cjs/loader:1364:14)
    at Module._extensions..js (node:internal/modules/cjs/loader:1422:10)
    at Module.load (node:internal/modules/cjs/loader:1203:32)
    at Module._load (node:internal/modules/cjs/loader:1019:12)
    at Module.require (node:internal/modules/cjs/loader:1231:19)
    at require (node:internal/modules/helpers:177:18)
    at Object.<anonymous> (C:\Users\hp\Documents\New folder\mis-dashboard\node_modules\eslint-import-resolver-typescript\lib\index.cjs:30:31)
    at Module._compile (node:internal/modules/cjs/loader:1364:14)
    at Module._extensions..js (node:internal/modules/cjs/loader:1422:10)  import/no-duplicates

C:\Users\hp\Documents\New folder\mis-dashboard\src\components\logo\classes.ts
  1:1  warning  Resolve error: Cannot find native binding. npm has a bug related to optional dependencies (https://github.com/npm/cli/issues/4828). Please try `npm i` again after removing both package-lock.json and node_modules directory.
    at Object.<anonymous> (C:\Users\hp\Documents\New folder\mis-dashboard\node_modules\unrs-resolver\index.js:376:11)
    at Module._compile (node:internal/modules/cjs/loader:1364:14)
    at Module._extensions..js (node:internal/modules/cjs/loader:1422:10)
    at Module.load (node:internal/modules/cjs/loader:1203:32)
    at Module._load (node:internal/modules/cjs/loader:1019:12)
    at Module.require (node:internal/modules/cjs/loader:1231:19)
    at require (node:internal/modules/helpers:177:18)
    at Object.<anonymous> (C:\Users\hp\Documents\New folder\mis-dashboard\node_modules\eslint-import-resolver-typescript\lib\index.cjs:30:31)
    at Module._compile (node:internal/modules/cjs/loader:1364:14)
    at Module._extensions..js (node:internal/modules/cjs/loader:1422:10)  import/no-duplicates

C:\Users\hp\Documents\New folder\mis-dashboard\src\components\logo\logo.tsx
  1:1  warning  Resolve error: Cannot find native binding. npm has a bug related to optional dependencies (https://github.com/npm/cli/issues/4828). Please try `npm i` again after removing both package-lock.json and node_modules directory.
    at Object.<anonymous> (C:\Users\hp\Documents\New folder\mis-dashboard\node_modules\unrs-resolver\index.js:376:11)
    at Module._compile (node:internal/modules/cjs/loader:1364:14)
    at Module._extensions..js (node:internal/modules/cjs/loader:1422:10)
    at Module.load (node:internal/modules/cjs/loader:1203:32)
    at Module._load (node:internal/modules/cjs/loader:1019:12)
    at Module.require (node:internal/modules/cjs/loader:1231:19)
    at require (node:internal/modules/helpers:177:18)
    at Object.<anonymous> (C:\Users\hp\Documents\New folder\mis-dashboard\node_modules\eslint-import-resolver-typescript\lib\index.cjs:30:31)
    at Module._compile (node:internal/modules/cjs/loader:1364:14)
    at Module._extensions..js (node:internal/modules/cjs/loader:1422:10)  import/no-duplicates

C:\Users\hp\Documents\New folder\mis-dashboard\src\components\notifications\notification-container.tsx
  1:1  warning  Resolve error: Cannot find native binding. npm has a bug related to optional dependencies (https://github.com/npm/cli/issues/4828). Please try `npm i` again after removing both package-lock.json and node_modules directory.
    at Object.<anonymous> (C:\Users\hp\Documents\New folder\mis-dashboard\node_modules\unrs-resolver\index.js:376:11)
    at Module._compile (node:internal/modules/cjs/loader:1364:14)
    at Module._extensions..js (node:internal/modules/cjs/loader:1422:10)
    at Module.load (node:internal/modules/cjs/loader:1203:32)
    at Module._load (node:internal/modules/cjs/loader:1019:12)
    at Module.require (node:internal/modules/cjs/loader:1231:19)
    at require (node:internal/modules/helpers:177:18)
    at Object.<anonymous> (C:\Users\hp\Documents\New folder\mis-dashboard\node_modules\eslint-import-resolver-typescript\lib\index.cjs:30:31)
    at Module._compile (node:internal/modules/cjs/loader:1364:14)
    at Module._extensions..js (node:internal/modules/cjs/loader:1422:10)  import/no-duplicates

C:\Users\hp\Documents\New folder\mis-dashboard\src\components\notifications\notification-history.tsx
  1:1  warning  Resolve error: Cannot find native binding. npm has a bug related to optional dependencies (https://github.com/npm/cli/issues/4828). Please try `npm i` again after removing both package-lock.json and node_modules directory.
    at Object.<anonymous> (C:\Users\hp\Documents\New folder\mis-dashboard\node_modules\unrs-resolver\index.js:376:11)
    at Module._compile (node:internal/modules/cjs/loader:1364:14)
    at Module._extensions..js (node:internal/modules/cjs/loader:1422:10)
    at Module.load (node:internal/modules/cjs/loader:1203:32)
    at Module._load (node:internal/modules/cjs/loader:1019:12)
    at Module.require (node:internal/modules/cjs/loader:1231:19)
    at require (node:internal/modules/helpers:177:18)
    at Object.<anonymous> (C:\Users\hp\Documents\New folder\mis-dashboard\node_modules\eslint-import-resolver-typescript\lib\index.cjs:30:31)
    at Module._compile (node:internal/modules/cjs/loader:1364:14)
    at Module._extensions..js (node:internal/modules/cjs/loader:1422:10)  import/no-duplicates

C:\Users\hp\Documents\New folder\mis-dashboard\src\components\notifications\notification-toast.tsx
  1:1  warning  Resolve error: Cannot find native binding. npm has a bug related to optional dependencies (https://github.com/npm/cli/issues/4828). Please try `npm i` again after removing both package-lock.json and node_modules directory.
    at Object.<anonymous> (C:\Users\hp\Documents\New folder\mis-dashboard\node_modules\unrs-resolver\index.js:376:11)
    at Module._compile (node:internal/modules/cjs/loader:1364:14)
    at Module._extensions..js (node:internal/modules/cjs/loader:1422:10)
    at Module.load (node:internal/modules/cjs/loader:1203:32)
    at Module._load (node:internal/modules/cjs/loader:1019:12)
    at Module.require (node:internal/modules/cjs/loader:1231:19)
    at require (node:internal/modules/helpers:177:18)
    at Object.<anonymous> (C:\Users\hp\Documents\New folder\mis-dashboard\node_modules\eslint-import-resolver-typescript\lib\index.cjs:30:31)
    at Module._compile (node:internal/modules/cjs/loader:1364:14)
    at Module._extensions..js (node:internal/modules/cjs/loader:1422:10)  import/no-duplicates

C:\Users\hp\Documents\New folder\mis-dashboard\src\components\scrollbar\classes.ts
  1:1  warning  Resolve error: Cannot find native binding. npm has a bug related to optional dependencies (https://github.com/npm/cli/issues/4828). Please try `npm i` again after removing both package-lock.json and node_modules directory.
    at Object.<anonymous> (C:\Users\hp\Documents\New folder\mis-dashboard\node_modules\unrs-resolver\index.js:376:11)
    at Module._compile (node:internal/modules/cjs/loader:1364:14)
    at Module._extensions..js (node:internal/modules/cjs/loader:1422:10)
    at Module.load (node:internal/modules/cjs/loader:1203:32)
    at Module._load (node:internal/modules/cjs/loader:1019:12)
    at Module.require (node:internal/modules/cjs/loader:1231:19)
    at require (node:internal/modules/helpers:177:18)
    at Object.<anonymous> (C:\Users\hp\Documents\New folder\mis-dashboard\node_modules\eslint-import-resolver-typescript\lib\index.cjs:30:31)
    at Module._compile (node:internal/modules/cjs/loader:1364:14)
    at Module._extensions..js (node:internal/modules/cjs/loader:1422:10)  import/no-duplicates

C:\Users\hp\Documents\New folder\mis-dashboard\src\components\scrollbar\scrollbar.tsx
  1:1  warning  Resolve error: Cannot find native binding. npm has a bug related to optional dependencies (https://github.com/npm/cli/issues/4828). Please try `npm i` again after removing both package-lock.json and node_modules directory.
    at Object.<anonymous> (C:\Users\hp\Documents\New folder\mis-dashboard\node_modules\unrs-resolver\index.js:376:11)
    at Module._compile (node:internal/modules/cjs/loader:1364:14)
    at Module._extensions..js (node:internal/modules/cjs/loader:1422:10)
    at Module.load (node:internal/modules/cjs/loader:1203:32)
    at Module._load (node:internal/modules/cjs/loader:1019:12)
    at Module.require (node:internal/modules/cjs/loader:1231:19)
    at require (node:internal/modules/helpers:177:18)
    at Object.<anonymous> (C:\Users\hp\Documents\New folder\mis-dashboard\node_modules\eslint-import-resolver-typescript\lib\index.cjs:30:31)
    at Module._compile (node:internal/modules/cjs/loader:1364:14)
    at Module._extensions..js (node:internal/modules/cjs/loader:1422:10)  import/no-duplicates

C:\Users\hp\Documents\New folder\mis-dashboard\src\components\svg-color\classes.ts
  1:1  warning  Resolve error: Cannot find native binding. npm has a bug related to optional dependencies (https://github.com/npm/cli/issues/4828). Please try `npm i` again after removing both package-lock.json and node_modules directory.
    at Object.<anonymous> (C:\Users\hp\Documents\New folder\mis-dashboard\node_modules\unrs-resolver\index.js:376:11)
    at Module._compile (node:internal/modules/cjs/loader:1364:14)
    at Module._extensions..js (node:internal/modules/cjs/loader:1422:10)
    at Module.load (node:internal/modules/cjs/loader:1203:32)
    at Module._load (node:internal/modules/cjs/loader:1019:12)
    at Module.require (node:internal/modules/cjs/loader:1231:19)
    at require (node:internal/modules/helpers:177:18)
    at Object.<anonymous> (C:\Users\hp\Documents\New folder\mis-dashboard\node_modules\eslint-import-resolver-typescript\lib\index.cjs:30:31)
    at Module._compile (node:internal/modules/cjs/loader:1364:14)
    at Module._extensions..js (node:internal/modules/cjs/loader:1422:10)  import/no-duplicates

C:\Users\hp\Documents\New folder\mis-dashboard\src\components\svg-color\svg-color.tsx
  1:1  warning  Resolve error: Cannot find native binding. npm has a bug related to optional dependencies (https://github.com/npm/cli/issues/4828). Please try `npm i` again after removing both package-lock.json and node_modules directory.
    at Object.<anonymous> (C:\Users\hp\Documents\New folder\mis-dashboard\node_modules\unrs-resolver\index.js:376:11)
    at Module._compile (node:internal/modules/cjs/loader:1364:14)
    at Module._extensions..js (node:internal/modules/cjs/loader:1422:10)
    at Module.load (node:internal/modules/cjs/loader:1203:32)
    at Module._load (node:internal/modules/cjs/loader:1019:12)
    at Module.require (node:internal/modules/cjs/loader:1231:19)
    at require (node:internal/modules/helpers:177:18)
    at Object.<anonymous> (C:\Users\hp\Documents\New folder\mis-dashboard\node_modules\eslint-import-resolver-typescript\lib\index.cjs:30:31)
    at Module._compile (node:internal/modules/cjs/loader:1364:14)
    at Module._extensions..js (node:internal/modules/cjs/loader:1422:10)  import/no-duplicates

C:\Users\hp\Documents\New folder\mis-dashboard\src\config\roles.config.ts
  1:1  warning  Resolve error: Cannot find native binding. npm has a bug related to optional dependencies (https://github.com/npm/cli/issues/4828). Please try `npm i` again after removing both package-lock.json and node_modules directory.
    at Object.<anonymous> (C:\Users\hp\Documents\New folder\mis-dashboard\node_modules\unrs-resolver\index.js:376:11)
    at Module._compile (node:internal/modules/cjs/loader:1364:14)
    at Module._extensions..js (node:internal/modules/cjs/loader:1422:10)
    at Module.load (node:internal/modules/cjs/loader:1203:32)
    at Module._load (node:internal/modules/cjs/loader:1019:12)
    at Module.require (node:internal/modules/cjs/loader:1231:19)
    at require (node:internal/modules/helpers:177:18)
    at Object.<anonymous> (C:\Users\hp\Documents\New folder\mis-dashboard\node_modules\eslint-import-resolver-typescript\lib\index.cjs:30:31)
    at Module._compile (node:internal/modules/cjs/loader:1364:14)
    at Module._extensions..js (node:internal/modules/cjs/loader:1422:10)  import/no-duplicates

C:\Users\hp\Documents\New folder\mis-dashboard\src\hooks\use-auth.ts
  1:1  warning  Resolve error: Cannot find native binding. npm has a bug related to optional dependencies (https://github.com/npm/cli/issues/4828). Please try `npm i` again after removing both package-lock.json and node_modules directory.
    at Object.<anonymous> (C:\Users\hp\Documents\New folder\mis-dashboard\node_modules\unrs-resolver\index.js:376:11)
    at Module._compile (node:internal/modules/cjs/loader:1364:14)
    at Module._extensions..js (node:internal/modules/cjs/loader:1422:10)
    at Module.load (node:internal/modules/cjs/loader:1203:32)
    at Module._load (node:internal/modules/cjs/loader:1019:12)
    at Module.require (node:internal/modules/cjs/loader:1231:19)
    at require (node:internal/modules/helpers:177:18)
    at Object.<anonymous> (C:\Users\hp\Documents\New folder\mis-dashboard\node_modules\eslint-import-resolver-typescript\lib\index.cjs:30:31)
    at Module._compile (node:internal/modules/cjs/loader:1364:14)
    at Module._extensions..js (node:internal/modules/cjs/loader:1422:10)  import/no-duplicates

C:\Users\hp\Documents\New folder\mis-dashboard\src\hooks\use-notifications.ts
   1:1   warning  Resolve error: Cannot find native binding. npm has a bug related to optional dependencies (https://github.com/npm/cli/issues/4828). Please try `npm i` again after removing both package-lock.json and node_modules directory.
    at Object.<anonymous> (C:\Users\hp\Documents\New folder\mis-dashboard\node_modules\unrs-resolver\index.js:376:11)
    at Module._compile (node:internal/modules/cjs/loader:1364:14)
    at Module._extensions..js (node:internal/modules/cjs/loader:1422:10)
    at Module.load (node:internal/modules/cjs/loader:1203:32)
    at Module._load (node:internal/modules/cjs/loader:1019:12)
    at Module.require (node:internal/modules/cjs/loader:1231:19)
    at require (node:internal/modules/helpers:177:18)
    at Object.<anonymous> (C:\Users\hp\Documents\New folder\mis-dashboard\node_modules\eslint-import-resolver-typescript\lib\index.cjs:30:31)
    at Module._compile (node:internal/modules/cjs/loader:1364:14)
    at Module._extensions..js (node:internal/modules/cjs/loader:1422:10)  import/no-duplicates
  14:15  warning  'off' is assigned a value but never used                                                                                                                                                                                                                                                                                                                                                                                                                                                                                                                                                                                                                                                                                                                                                                                                                                                                                                                                                                                                      @typescript-eslint/no-unused-vars

C:\Users\hp\Documents\New folder\mis-dashboard\src\hooks\use-stats.ts
   1:1  warning  Resolve error: Cannot find native binding. npm has a bug related to optional dependencies (https://github.com/npm/cli/issues/4828). Please try `npm i` again after removing both package-lock.json and node_modules directory.
    at Object.<anonymous> (C:\Users\hp\Documents\New folder\mis-dashboard\node_modules\unrs-resolver\index.js:376:11)
    at Module._compile (node:internal/modules/cjs/loader:1364:14)
    at Module._extensions..js (node:internal/modules/cjs/loader:1422:10)
    at Module.load (node:internal/modules/cjs/loader:1203:32)
    at Module._load (node:internal/modules/cjs/loader:1019:12)
    at Module.require (node:internal/modules/cjs/loader:1231:19)
    at require (node:internal/modules/helpers:177:18)
    at Object.<anonymous> (C:\Users\hp\Documents\New folder\mis-dashboard\node_modules\eslint-import-resolver-typescript\lib\index.cjs:30:31)
    at Module._compile (node:internal/modules/cjs/loader:1364:14)
    at Module._extensions..js (node:internal/modules/cjs/loader:1422:10)  import/no-duplicates
  13:9  warning  'dispatch' is assigned a value but never used                                                                                                                                                                                                                                                                                                                                                                                                                                                                                                                                                                                                                                                                                                                                                                                                                                                                                                                                                                                                 @typescript-eslint/no-unused-vars
  16:9  warning  The 'metrics' object makes the dependencies of useCallback Hook (at line 21) change on every render. To fix this, wrap the initialization of 'metrics' in its own useMemo() Hook                                                                                                                                                                                                                                                                                                                                                                                                                                                                                                                                                                                                                                                                                                                                                                                                                                                              react-hooks/exhaustive-deps
  17:9  warning  The 'analytics' object makes the dependencies of useCallback Hook (at line 23) change on every render. To fix this, wrap the initialization of 'analytics' in its own useMemo() Hook                                                                                                                                                                                                                                                                                                                                                                                                                                                                                                                                                                                                                                                                                                                                                                                                                                                          react-hooks/exhaustive-deps

C:\Users\hp\Documents\New folder\mis-dashboard\src\hooks\useSocket.ts
  1:1  warning  Resolve error: Cannot find native binding. npm has a bug related to optional dependencies (https://github.com/npm/cli/issues/4828). Please try `npm i` again after removing both package-lock.json and node_modules directory.
    at Object.<anonymous> (C:\Users\hp\Documents\New folder\mis-dashboard\node_modules\unrs-resolver\index.js:376:11)
    at Module._compile (node:internal/modules/cjs/loader:1364:14)
    at Module._extensions..js (node:internal/modules/cjs/loader:1422:10)
    at Module.load (node:internal/modules/cjs/loader:1203:32)
    at Module._load (node:internal/modules/cjs/loader:1019:12)
    at Module.require (node:internal/modules/cjs/loader:1231:19)
    at require (node:internal/modules/helpers:177:18)
    at Object.<anonymous> (C:\Users\hp\Documents\New folder\mis-dashboard\node_modules\eslint-import-resolver-typescript\lib\index.cjs:30:31)
    at Module._compile (node:internal/modules/cjs/loader:1364:14)
    at Module._extensions..js (node:internal/modules/cjs/loader:1422:10)  import/no-duplicates

C:\Users\hp\Documents\New folder\mis-dashboard\src\layouts\auth\content.tsx
  1:1  warning  Resolve error: Cannot find native binding. npm has a bug related to optional dependencies (https://github.com/npm/cli/issues/4828). Please try `npm i` again after removing both package-lock.json and node_modules directory.
    at Object.<anonymous> (C:\Users\hp\Documents\New folder\mis-dashboard\node_modules\unrs-resolver\index.js:376:11)
    at Module._compile (node:internal/modules/cjs/loader:1364:14)
    at Module._extensions..js (node:internal/modules/cjs/loader:1422:10)
    at Module.load (node:internal/modules/cjs/loader:1203:32)
    at Module._load (node:internal/modules/cjs/loader:1019:12)
    at Module.require (node:internal/modules/cjs/loader:1231:19)
    at require (node:internal/modules/helpers:177:18)
    at Object.<anonymous> (C:\Users\hp\Documents\New folder\mis-dashboard\node_modules\eslint-import-resolver-typescript\lib\index.cjs:30:31)
    at Module._compile (node:internal/modules/cjs/loader:1364:14)
    at Module._extensions..js (node:internal/modules/cjs/loader:1422:10)  import/no-duplicates

C:\Users\hp\Documents\New folder\mis-dashboard\src\layouts\auth\layout.tsx
  1:1  warning  Resolve error: Cannot find native binding. npm has a bug related to optional dependencies (https://github.com/npm/cli/issues/4828). Please try `npm i` again after removing both package-lock.json and node_modules directory.
    at Object.<anonymous> (C:\Users\hp\Documents\New folder\mis-dashboard\node_modules\unrs-resolver\index.js:376:11)
    at Module._compile (node:internal/modules/cjs/loader:1364:14)
    at Module._extensions..js (node:internal/modules/cjs/loader:1422:10)
    at Module.load (node:internal/modules/cjs/loader:1203:32)
    at Module._load (node:internal/modules/cjs/loader:1019:12)
    at Module.require (node:internal/modules/cjs/loader:1231:19)
    at require (node:internal/modules/helpers:177:18)
    at Object.<anonymous> (C:\Users\hp\Documents\New folder\mis-dashboard\node_modules\eslint-import-resolver-typescript\lib\index.cjs:30:31)
    at Module._compile (node:internal/modules/cjs/loader:1364:14)
    at Module._extensions..js (node:internal/modules/cjs/loader:1422:10)  import/no-duplicates

C:\Users\hp\Documents\New folder\mis-dashboard\src\layouts\components\account-popover.tsx
  1:1  warning  Resolve error: Cannot find native binding. npm has a bug related to optional dependencies (https://github.com/npm/cli/issues/4828). Please try `npm i` again after removing both package-lock.json and node_modules directory.
    at Object.<anonymous> (C:\Users\hp\Documents\New folder\mis-dashboard\node_modules\unrs-resolver\index.js:376:11)
    at Module._compile (node:internal/modules/cjs/loader:1364:14)
    at Module._extensions..js (node:internal/modules/cjs/loader:1422:10)
    at Module.load (node:internal/modules/cjs/loader:1203:32)
    at Module._load (node:internal/modules/cjs/loader:1019:12)
    at Module.require (node:internal/modules/cjs/loader:1231:19)
    at require (node:internal/modules/helpers:177:18)
    at Object.<anonymous> (C:\Users\hp\Documents\New folder\mis-dashboard\node_modules\eslint-import-resolver-typescript\lib\index.cjs:30:31)
    at Module._compile (node:internal/modules/cjs/loader:1364:14)
    at Module._extensions..js (node:internal/modules/cjs/loader:1422:10)  import/no-duplicates

C:\Users\hp\Documents\New folder\mis-dashboard\src\layouts\components\language-popover.tsx
  1:1  warning  Resolve error: Cannot find native binding. npm has a bug related to optional dependencies (https://github.com/npm/cli/issues/4828). Please try `npm i` again after removing both package-lock.json and node_modules directory.
    at Object.<anonymous> (C:\Users\hp\Documents\New folder\mis-dashboard\node_modules\unrs-resolver\index.js:376:11)
    at Module._compile (node:internal/modules/cjs/loader:1364:14)
    at Module._extensions..js (node:internal/modules/cjs/loader:1422:10)
    at Module.load (node:internal/modules/cjs/loader:1203:32)
    at Module._load (node:internal/modules/cjs/loader:1019:12)
    at Module.require (node:internal/modules/cjs/loader:1231:19)
    at require (node:internal/modules/helpers:177:18)
    at Object.<anonymous> (C:\Users\hp\Documents\New folder\mis-dashboard\node_modules\eslint-import-resolver-typescript\lib\index.cjs:30:31)
    at Module._compile (node:internal/modules/cjs/loader:1364:14)
    at Module._extensions..js (node:internal/modules/cjs/loader:1422:10)  import/no-duplicates

C:\Users\hp\Documents\New folder\mis-dashboard\src\layouts\components\menu-button.tsx
  1:1  warning  Resolve error: Cannot find native binding. npm has a bug related to optional dependencies (https://github.com/npm/cli/issues/4828). Please try `npm i` again after removing both package-lock.json and node_modules directory.
    at Object.<anonymous> (C:\Users\hp\Documents\New folder\mis-dashboard\node_modules\unrs-resolver\index.js:376:11)
    at Module._compile (node:internal/modules/cjs/loader:1364:14)
    at Module._extensions..js (node:internal/modules/cjs/loader:1422:10)
    at Module.load (node:internal/modules/cjs/loader:1203:32)
    at Module._load (node:internal/modules/cjs/loader:1019:12)
    at Module.require (node:internal/modules/cjs/loader:1231:19)
    at require (node:internal/modules/helpers:177:18)
    at Object.<anonymous> (C:\Users\hp\Documents\New folder\mis-dashboard\node_modules\eslint-import-resolver-typescript\lib\index.cjs:30:31)
    at Module._compile (node:internal/modules/cjs/loader:1364:14)
    at Module._extensions..js (node:internal/modules/cjs/loader:1422:10)  import/no-duplicates

C:\Users\hp\Documents\New folder\mis-dashboard\src\layouts\components\notifications-popover.tsx
  1:1  warning  Resolve error: Cannot find native binding. npm has a bug related to optional dependencies (https://github.com/npm/cli/issues/4828). Please try `npm i` again after removing both package-lock.json and node_modules directory.
    at Object.<anonymous> (C:\Users\hp\Documents\New folder\mis-dashboard\node_modules\unrs-resolver\index.js:376:11)
    at Module._compile (node:internal/modules/cjs/loader:1364:14)
    at Module._extensions..js (node:internal/modules/cjs/loader:1422:10)
    at Module.load (node:internal/modules/cjs/loader:1203:32)
    at Module._load (node:internal/modules/cjs/loader:1019:12)
    at Module.require (node:internal/modules/cjs/loader:1231:19)
    at require (node:internal/modules/helpers:177:18)
    at Object.<anonymous> (C:\Users\hp\Documents\New folder\mis-dashboard\node_modules\eslint-import-resolver-typescript\lib\index.cjs:30:31)
    at Module._compile (node:internal/modules/cjs/loader:1364:14)
    at Module._extensions..js (node:internal/modules/cjs/loader:1422:10)  import/no-duplicates

C:\Users\hp\Documents\New folder\mis-dashboard\src\layouts\components\searchbar.tsx
  1:1  warning  Resolve error: Cannot find native binding. npm has a bug related to optional dependencies (https://github.com/npm/cli/issues/4828). Please try `npm i` again after removing both package-lock.json and node_modules directory.
    at Object.<anonymous> (C:\Users\hp\Documents\New folder\mis-dashboard\node_modules\unrs-resolver\index.js:376:11)
    at Module._compile (node:internal/modules/cjs/loader:1364:14)
    at Module._extensions..js (node:internal/modules/cjs/loader:1422:10)
    at Module.load (node:internal/modules/cjs/loader:1203:32)
    at Module._load (node:internal/modules/cjs/loader:1019:12)
    at Module.require (node:internal/modules/cjs/loader:1231:19)
    at require (node:internal/modules/helpers:177:18)
    at Object.<anonymous> (C:\Users\hp\Documents\New folder\mis-dashboard\node_modules\eslint-import-resolver-typescript\lib\index.cjs:30:31)
    at Module._compile (node:internal/modules/cjs/loader:1364:14)
    at Module._extensions..js (node:internal/modules/cjs/loader:1422:10)  import/no-duplicates

C:\Users\hp\Documents\New folder\mis-dashboard\src\layouts\components\workspaces-popover.tsx
  1:1  warning  Resolve error: Cannot find native binding. npm has a bug related to optional dependencies (https://github.com/npm/cli/issues/4828). Please try `npm i` again after removing both package-lock.json and node_modules directory.
    at Object.<anonymous> (C:\Users\hp\Documents\New folder\mis-dashboard\node_modules\unrs-resolver\index.js:376:11)
    at Module._compile (node:internal/modules/cjs/loader:1364:14)
    at Module._extensions..js (node:internal/modules/cjs/loader:1422:10)
    at Module.load (node:internal/modules/cjs/loader:1203:32)
    at Module._load (node:internal/modules/cjs/loader:1019:12)
    at Module.require (node:internal/modules/cjs/loader:1231:19)
    at require (node:internal/modules/helpers:177:18)
    at Object.<anonymous> (C:\Users\hp\Documents\New folder\mis-dashboard\node_modules\eslint-import-resolver-typescript\lib\index.cjs:30:31)
    at Module._compile (node:internal/modules/cjs/loader:1364:14)
    at Module._extensions..js (node:internal/modules/cjs/loader:1422:10)  import/no-duplicates

C:\Users\hp\Documents\New folder\mis-dashboard\src\layouts\core\classes.ts
  1:1  warning  Resolve error: Cannot find native binding. npm has a bug related to optional dependencies (https://github.com/npm/cli/issues/4828). Please try `npm i` again after removing both package-lock.json and node_modules directory.
    at Object.<anonymous> (C:\Users\hp\Documents\New folder\mis-dashboard\node_modules\unrs-resolver\index.js:376:11)
    at Module._compile (node:internal/modules/cjs/loader:1364:14)
    at Module._extensions..js (node:internal/modules/cjs/loader:1422:10)
    at Module.load (node:internal/modules/cjs/loader:1203:32)
    at Module._load (node:internal/modules/cjs/loader:1019:12)
    at Module.require (node:internal/modules/cjs/loader:1231:19)
    at require (node:internal/modules/helpers:177:18)
    at Object.<anonymous> (C:\Users\hp\Documents\New folder\mis-dashboard\node_modules\eslint-import-resolver-typescript\lib\index.cjs:30:31)
    at Module._compile (node:internal/modules/cjs/loader:1364:14)
    at Module._extensions..js (node:internal/modules/cjs/loader:1422:10)  import/no-duplicates

C:\Users\hp\Documents\New folder\mis-dashboard\src\layouts\core\header-section.tsx
  1:1  warning  Resolve error: Cannot find native binding. npm has a bug related to optional dependencies (https://github.com/npm/cli/issues/4828). Please try `npm i` again after removing both package-lock.json and node_modules directory.
    at Object.<anonymous> (C:\Users\hp\Documents\New folder\mis-dashboard\node_modules\unrs-resolver\index.js:376:11)
    at Module._compile (node:internal/modules/cjs/loader:1364:14)
    at Module._extensions..js (node:internal/modules/cjs/loader:1422:10)
    at Module.load (node:internal/modules/cjs/loader:1203:32)
    at Module._load (node:internal/modules/cjs/loader:1019:12)
    at Module.require (node:internal/modules/cjs/loader:1231:19)
    at require (node:internal/modules/helpers:177:18)
    at Object.<anonymous> (C:\Users\hp\Documents\New folder\mis-dashboard\node_modules\eslint-import-resolver-typescript\lib\index.cjs:30:31)
    at Module._compile (node:internal/modules/cjs/loader:1364:14)
    at Module._extensions..js (node:internal/modules/cjs/loader:1422:10)  import/no-duplicates

C:\Users\hp\Documents\New folder\mis-dashboard\src\layouts\core\layout-section.tsx
  1:1  warning  Resolve error: Cannot find native binding. npm has a bug related to optional dependencies (https://github.com/npm/cli/issues/4828). Please try `npm i` again after removing both package-lock.json and node_modules directory.
    at Object.<anonymous> (C:\Users\hp\Documents\New folder\mis-dashboard\node_modules\unrs-resolver\index.js:376:11)
    at Module._compile (node:internal/modules/cjs/loader:1364:14)
    at Module._extensions..js (node:internal/modules/cjs/loader:1422:10)
    at Module.load (node:internal/modules/cjs/loader:1203:32)
    at Module._load (node:internal/modules/cjs/loader:1019:12)
    at Module.require (node:internal/modules/cjs/loader:1231:19)
    at require (node:internal/modules/helpers:177:18)
    at Object.<anonymous> (C:\Users\hp\Documents\New folder\mis-dashboard\node_modules\eslint-import-resolver-typescript\lib\index.cjs:30:31)
    at Module._compile (node:internal/modules/cjs/loader:1364:14)
    at Module._extensions..js (node:internal/modules/cjs/loader:1422:10)  import/no-duplicates

C:\Users\hp\Documents\New folder\mis-dashboard\src\layouts\core\main-section.tsx
  1:1  warning  Resolve error: Cannot find native binding. npm has a bug related to optional dependencies (https://github.com/npm/cli/issues/4828). Please try `npm i` again after removing both package-lock.json and node_modules directory.
    at Object.<anonymous> (C:\Users\hp\Documents\New folder\mis-dashboard\node_modules\unrs-resolver\index.js:376:11)
    at Module._compile (node:internal/modules/cjs/loader:1364:14)
    at Module._extensions..js (node:internal/modules/cjs/loader:1422:10)
    at Module.load (node:internal/modules/cjs/loader:1203:32)
    at Module._load (node:internal/modules/cjs/loader:1019:12)
    at Module.require (node:internal/modules/cjs/loader:1231:19)
    at require (node:internal/modules/helpers:177:18)
    at Object.<anonymous> (C:\Users\hp\Documents\New folder\mis-dashboard\node_modules\eslint-import-resolver-typescript\lib\index.cjs:30:31)
    at Module._compile (node:internal/modules/cjs/loader:1364:14)
    at Module._extensions..js (node:internal/modules/cjs/loader:1422:10)  import/no-duplicates

C:\Users\hp\Documents\New folder\mis-dashboard\src\layouts\dashboard\content.tsx
  1:1  warning  Resolve error: Cannot find native binding. npm has a bug related to optional dependencies (https://github.com/npm/cli/issues/4828). Please try `npm i` again after removing both package-lock.json and node_modules directory.
    at Object.<anonymous> (C:\Users\hp\Documents\New folder\mis-dashboard\node_modules\unrs-resolver\index.js:376:11)
    at Module._compile (node:internal/modules/cjs/loader:1364:14)
    at Module._extensions..js (node:internal/modules/cjs/loader:1422:10)
    at Module.load (node:internal/modules/cjs/loader:1203:32)
    at Module._load (node:internal/modules/cjs/loader:1019:12)
    at Module.require (node:internal/modules/cjs/loader:1231:19)
    at require (node:internal/modules/helpers:177:18)
    at Object.<anonymous> (C:\Users\hp\Documents\New folder\mis-dashboard\node_modules\eslint-import-resolver-typescript\lib\index.cjs:30:31)
    at Module._compile (node:internal/modules/cjs/loader:1364:14)
    at Module._extensions..js (node:internal/modules/cjs/loader:1422:10)  import/no-duplicates

C:\Users\hp\Documents\New folder\mis-dashboard\src\layouts\dashboard\layout.tsx
  1:1  warning  Resolve error: Cannot find native binding. npm has a bug related to optional dependencies (https://github.com/npm/cli/issues/4828). Please try `npm i` again after removing both package-lock.json and node_modules directory.
    at Object.<anonymous> (C:\Users\hp\Documents\New folder\mis-dashboard\node_modules\unrs-resolver\index.js:376:11)
    at Module._compile (node:internal/modules/cjs/loader:1364:14)
    at Module._extensions..js (node:internal/modules/cjs/loader:1422:10)
    at Module.load (node:internal/modules/cjs/loader:1203:32)
    at Module._load (node:internal/modules/cjs/loader:1019:12)
    at Module.require (node:internal/modules/cjs/loader:1231:19)
    at require (node:internal/modules/helpers:177:18)
    at Object.<anonymous> (C:\Users\hp\Documents\New folder\mis-dashboard\node_modules\eslint-import-resolver-typescript\lib\index.cjs:30:31)
    at Module._compile (node:internal/modules/cjs/loader:1364:14)
    at Module._extensions..js (node:internal/modules/cjs/loader:1422:10)  import/no-duplicates

C:\Users\hp\Documents\New folder\mis-dashboard\src\layouts\dashboard\nav.tsx
  1:1  warning  Resolve error: Cannot find native binding. npm has a bug related to optional dependencies (https://github.com/npm/cli/issues/4828). Please try `npm i` again after removing both package-lock.json and node_modules directory.
    at Object.<anonymous> (C:\Users\hp\Documents\New folder\mis-dashboard\node_modules\unrs-resolver\index.js:376:11)
    at Module._compile (node:internal/modules/cjs/loader:1364:14)
    at Module._extensions..js (node:internal/modules/cjs/loader:1422:10)
    at Module.load (node:internal/modules/cjs/loader:1203:32)
    at Module._load (node:internal/modules/cjs/loader:1019:12)
    at Module.require (node:internal/modules/cjs/loader:1231:19)
    at require (node:internal/modules/helpers:177:18)
    at Object.<anonymous> (C:\Users\hp\Documents\New folder\mis-dashboard\node_modules\eslint-import-resolver-typescript\lib\index.cjs:30:31)
    at Module._compile (node:internal/modules/cjs/loader:1364:14)
    at Module._extensions..js (node:internal/modules/cjs/loader:1422:10)  import/no-duplicates

C:\Users\hp\Documents\New folder\mis-dashboard\src\layouts\nav-config-account.tsx
  1:1  warning  Resolve error: Cannot find native binding. npm has a bug related to optional dependencies (https://github.com/npm/cli/issues/4828). Please try `npm i` again after removing both package-lock.json and node_modules directory.
    at Object.<anonymous> (C:\Users\hp\Documents\New folder\mis-dashboard\node_modules\unrs-resolver\index.js:376:11)
    at Module._compile (node:internal/modules/cjs/loader:1364:14)
    at Module._extensions..js (node:internal/modules/cjs/loader:1422:10)
    at Module.load (node:internal/modules/cjs/loader:1203:32)
    at Module._load (node:internal/modules/cjs/loader:1019:12)
    at Module.require (node:internal/modules/cjs/loader:1231:19)
    at require (node:internal/modules/helpers:177:18)
    at Object.<anonymous> (C:\Users\hp\Documents\New folder\mis-dashboard\node_modules\eslint-import-resolver-typescript\lib\index.cjs:30:31)
    at Module._compile (node:internal/modules/cjs/loader:1364:14)
    at Module._extensions..js (node:internal/modules/cjs/loader:1422:10)  import/no-duplicates

C:\Users\hp\Documents\New folder\mis-dashboard\src\layouts\nav-config-dashboard.tsx
  1:1  warning  Resolve error: Cannot find native binding. npm has a bug related to optional dependencies (https://github.com/npm/cli/issues/4828). Please try `npm i` again after removing both package-lock.json and node_modules directory.
    at Object.<anonymous> (C:\Users\hp\Documents\New folder\mis-dashboard\node_modules\unrs-resolver\index.js:376:11)
    at Module._compile (node:internal/modules/cjs/loader:1364:14)
    at Module._extensions..js (node:internal/modules/cjs/loader:1422:10)
    at Module.load (node:internal/modules/cjs/loader:1203:32)
    at Module._load (node:internal/modules/cjs/loader:1019:12)
    at Module.require (node:internal/modules/cjs/loader:1231:19)
    at require (node:internal/modules/helpers:177:18)
    at Object.<anonymous> (C:\Users\hp\Documents\New folder\mis-dashboard\node_modules\eslint-import-resolver-typescript\lib\index.cjs:30:31)
    at Module._compile (node:internal/modules/cjs/loader:1364:14)
    at Module._extensions..js (node:internal/modules/cjs/loader:1422:10)  import/no-duplicates

C:\Users\hp\Documents\New folder\mis-dashboard\src\pages\admin\assessment.tsx
  1:1  warning  Resolve error: Cannot find native binding. npm has a bug related to optional dependencies (https://github.com/npm/cli/issues/4828). Please try `npm i` again after removing both package-lock.json and node_modules directory.
    at Object.<anonymous> (C:\Users\hp\Documents\New folder\mis-dashboard\node_modules\unrs-resolver\index.js:376:11)
    at Module._compile (node:internal/modules/cjs/loader:1364:14)
    at Module._extensions..js (node:internal/modules/cjs/loader:1422:10)
    at Module.load (node:internal/modules/cjs/loader:1203:32)
    at Module._load (node:internal/modules/cjs/loader:1019:12)
    at Module.require (node:internal/modules/cjs/loader:1231:19)
    at require (node:internal/modules/helpers:177:18)
    at Object.<anonymous> (C:\Users\hp\Documents\New folder\mis-dashboard\node_modules\eslint-import-resolver-typescript\lib\index.cjs:30:31)
    at Module._compile (node:internal/modules/cjs/loader:1364:14)
    at Module._extensions..js (node:internal/modules/cjs/loader:1422:10)  import/no-duplicates

C:\Users\hp\Documents\New folder\mis-dashboard\src\pages\admin\bank-settings.tsx
  1:1  warning  Resolve error: Cannot find native binding. npm has a bug related to optional dependencies (https://github.com/npm/cli/issues/4828). Please try `npm i` again after removing both package-lock.json and node_modules directory.
    at Object.<anonymous> (C:\Users\hp\Documents\New folder\mis-dashboard\node_modules\unrs-resolver\index.js:376:11)
    at Module._compile (node:internal/modules/cjs/loader:1364:14)
    at Module._extensions..js (node:internal/modules/cjs/loader:1422:10)
    at Module.load (node:internal/modules/cjs/loader:1203:32)
    at Module._load (node:internal/modules/cjs/loader:1019:12)
    at Module.require (node:internal/modules/cjs/loader:1231:19)
    at require (node:internal/modules/helpers:177:18)
    at Object.<anonymous> (C:\Users\hp\Documents\New folder\mis-dashboard\node_modules\eslint-import-resolver-typescript\lib\index.cjs:30:31)
    at Module._compile (node:internal/modules/cjs/loader:1364:14)
    at Module._extensions..js (node:internal/modules/cjs/loader:1422:10)  import/no-duplicates

C:\Users\hp\Documents\New folder\mis-dashboard\src\pages\admin\borrower-add.tsx
  1:1  warning  Resolve error: Cannot find native binding. npm has a bug related to optional dependencies (https://github.com/npm/cli/issues/4828). Please try `npm i` again after removing both package-lock.json and node_modules directory.
    at Object.<anonymous> (C:\Users\hp\Documents\New folder\mis-dashboard\node_modules\unrs-resolver\index.js:376:11)
    at Module._compile (node:internal/modules/cjs/loader:1364:14)
    at Module._extensions..js (node:internal/modules/cjs/loader:1422:10)
    at Module.load (node:internal/modules/cjs/loader:1203:32)
    at Module._load (node:internal/modules/cjs/loader:1019:12)
    at Module.require (node:internal/modules/cjs/loader:1231:19)
    at require (node:internal/modules/helpers:177:18)
    at Object.<anonymous> (C:\Users\hp\Documents\New folder\mis-dashboard\node_modules\eslint-import-resolver-typescript\lib\index.cjs:30:31)
    at Module._compile (node:internal/modules/cjs/loader:1364:14)
    at Module._extensions..js (node:internal/modules/cjs/loader:1422:10)  import/no-duplicates

C:\Users\hp\Documents\New folder\mis-dashboard\src\pages\admin\borrower-detail.tsx
  1:1  warning  Resolve error: Cannot find native binding. npm has a bug related to optional dependencies (https://github.com/npm/cli/issues/4828). Please try `npm i` again after removing both package-lock.json and node_modules directory.
    at Object.<anonymous> (C:\Users\hp\Documents\New folder\mis-dashboard\node_modules\unrs-resolver\index.js:376:11)
    at Module._compile (node:internal/modules/cjs/loader:1364:14)
    at Module._extensions..js (node:internal/modules/cjs/loader:1422:10)
    at Module.load (node:internal/modules/cjs/loader:1203:32)
    at Module._load (node:internal/modules/cjs/loader:1019:12)
    at Module.require (node:internal/modules/cjs/loader:1231:19)
    at require (node:internal/modules/helpers:177:18)
    at Object.<anonymous> (C:\Users\hp\Documents\New folder\mis-dashboard\node_modules\eslint-import-resolver-typescript\lib\index.cjs:30:31)
    at Module._compile (node:internal/modules/cjs/loader:1364:14)
    at Module._extensions..js (node:internal/modules/cjs/loader:1422:10)  import/no-duplicates

C:\Users\hp\Documents\New folder\mis-dashboard\src\pages\admin\borrower-edit.tsx
  1:1  warning  Resolve error: Cannot find native binding. npm has a bug related to optional dependencies (https://github.com/npm/cli/issues/4828). Please try `npm i` again after removing both package-lock.json and node_modules directory.
    at Object.<anonymous> (C:\Users\hp\Documents\New folder\mis-dashboard\node_modules\unrs-resolver\index.js:376:11)
    at Module._compile (node:internal/modules/cjs/loader:1364:14)
    at Module._extensions..js (node:internal/modules/cjs/loader:1422:10)
    at Module.load (node:internal/modules/cjs/loader:1203:32)
    at Module._load (node:internal/modules/cjs/loader:1019:12)
    at Module.require (node:internal/modules/cjs/loader:1231:19)
    at require (node:internal/modules/helpers:177:18)
    at Object.<anonymous> (C:\Users\hp\Documents\New folder\mis-dashboard\node_modules\eslint-import-resolver-typescript\lib\index.cjs:30:31)
    at Module._compile (node:internal/modules/cjs/loader:1364:14)
    at Module._extensions..js (node:internal/modules/cjs/loader:1422:10)  import/no-duplicates

C:\Users\hp\Documents\New folder\mis-dashboard\src\pages\admin\borrower-management.tsx
  1:1  warning  Resolve error: Cannot find native binding. npm has a bug related to optional dependencies (https://github.com/npm/cli/issues/4828). Please try `npm i` again after removing both package-lock.json and node_modules directory.
    at Object.<anonymous> (C:\Users\hp\Documents\New folder\mis-dashboard\node_modules\unrs-resolver\index.js:376:11)
    at Module._compile (node:internal/modules/cjs/loader:1364:14)
    at Module._extensions..js (node:internal/modules/cjs/loader:1422:10)
    at Module.load (node:internal/modules/cjs/loader:1203:32)
    at Module._load (node:internal/modules/cjs/loader:1019:12)
    at Module.require (node:internal/modules/cjs/loader:1231:19)
    at require (node:internal/modules/helpers:177:18)
    at Object.<anonymous> (C:\Users\hp\Documents\New folder\mis-dashboard\node_modules\eslint-import-resolver-typescript\lib\index.cjs:30:31)
    at Module._compile (node:internal/modules/cjs/loader:1364:14)
    at Module._extensions..js (node:internal/modules/cjs/loader:1422:10)  import/no-duplicates

C:\Users\hp\Documents\New folder\mis-dashboard\src\pages\admin\credit-proposal-report-detail.tsx
  1:1  warning  Resolve error: Cannot find native binding. npm has a bug related to optional dependencies (https://github.com/npm/cli/issues/4828). Please try `npm i` again after removing both package-lock.json and node_modules directory.
    at Object.<anonymous> (C:\Users\hp\Documents\New folder\mis-dashboard\node_modules\unrs-resolver\index.js:376:11)
    at Module._compile (node:internal/modules/cjs/loader:1364:14)
    at Module._extensions..js (node:internal/modules/cjs/loader:1422:10)
    at Module.load (node:internal/modules/cjs/loader:1203:32)
    at Module._load (node:internal/modules/cjs/loader:1019:12)
    at Module.require (node:internal/modules/cjs/loader:1231:19)
    at require (node:internal/modules/helpers:177:18)
    at Object.<anonymous> (C:\Users\hp\Documents\New folder\mis-dashboard\node_modules\eslint-import-resolver-typescript\lib\index.cjs:30:31)
    at Module._compile (node:internal/modules/cjs/loader:1364:14)
    at Module._extensions..js (node:internal/modules/cjs/loader:1422:10)  import/no-duplicates

C:\Users\hp\Documents\New folder\mis-dashboard\src\pages\admin\credit-proposal-reports.tsx
  1:1  warning  Resolve error: Cannot find native binding. npm has a bug related to optional dependencies (https://github.com/npm/cli/issues/4828). Please try `npm i` again after removing both package-lock.json and node_modules directory.
    at Object.<anonymous> (C:\Users\hp\Documents\New folder\mis-dashboard\node_modules\unrs-resolver\index.js:376:11)
    at Module._compile (node:internal/modules/cjs/loader:1364:14)
    at Module._extensions..js (node:internal/modules/cjs/loader:1422:10)
    at Module.load (node:internal/modules/cjs/loader:1203:32)
    at Module._load (node:internal/modules/cjs/loader:1019:12)
    at Module.require (node:internal/modules/cjs/loader:1231:19)
    at require (node:internal/modules/helpers:177:18)
    at Object.<anonymous> (C:\Users\hp\Documents\New folder\mis-dashboard\node_modules\eslint-import-resolver-typescript\lib\index.cjs:30:31)
    at Module._compile (node:internal/modules/cjs/loader:1364:14)
    at Module._extensions..js (node:internal/modules/cjs/loader:1422:10)  import/no-duplicates

C:\Users\hp\Documents\New folder\mis-dashboard\src\pages\admin\credit-ratings.tsx
  1:1  warning  Resolve error: Cannot find native binding. npm has a bug related to optional dependencies (https://github.com/npm/cli/issues/4828). Please try `npm i` again after removing both package-lock.json and node_modules directory.
    at Object.<anonymous> (C:\Users\hp\Documents\New folder\mis-dashboard\node_modules\unrs-resolver\index.js:376:11)
    at Module._compile (node:internal/modules/cjs/loader:1364:14)
    at Module._extensions..js (node:internal/modules/cjs/loader:1422:10)
    at Module.load (node:internal/modules/cjs/loader:1203:32)
    at Module._load (node:internal/modules/cjs/loader:1019:12)
    at Module.require (node:internal/modules/cjs/loader:1231:19)
    at require (node:internal/modules/helpers:177:18)
    at Object.<anonymous> (C:\Users\hp\Documents\New folder\mis-dashboard\node_modules\eslint-import-resolver-typescript\lib\index.cjs:30:31)
    at Module._compile (node:internal/modules/cjs/loader:1364:14)
    at Module._extensions..js (node:internal/modules/cjs/loader:1422:10)  import/no-duplicates

C:\Users\hp\Documents\New folder\mis-dashboard\src\pages\admin\employees.tsx
  1:1  warning  Resolve error: Cannot find native binding. npm has a bug related to optional dependencies (https://github.com/npm/cli/issues/4828). Please try `npm i` again after removing both package-lock.json and node_modules directory.
    at Object.<anonymous> (C:\Users\hp\Documents\New folder\mis-dashboard\node_modules\unrs-resolver\index.js:376:11)
    at Module._compile (node:internal/modules/cjs/loader:1364:14)
    at Module._extensions..js (node:internal/modules/cjs/loader:1422:10)
    at Module.load (node:internal/modules/cjs/loader:1203:32)
    at Module._load (node:internal/modules/cjs/loader:1019:12)
    at Module.require (node:internal/modules/cjs/loader:1231:19)
    at require (node:internal/modules/helpers:177:18)
    at Object.<anonymous> (C:\Users\hp\Documents\New folder\mis-dashboard\node_modules\eslint-import-resolver-typescript\lib\index.cjs:30:31)
    at Module._compile (node:internal/modules/cjs/loader:1364:14)
    at Module._extensions..js (node:internal/modules/cjs/loader:1422:10)  import/no-duplicates

C:\Users\hp\Documents\New folder\mis-dashboard\src\pages\admin\loan-application-detail.tsx
  1:1  warning  Resolve error: Cannot find native binding. npm has a bug related to optional dependencies (https://github.com/npm/cli/issues/4828). Please try `npm i` again after removing both package-lock.json and node_modules directory.
    at Object.<anonymous> (C:\Users\hp\Documents\New folder\mis-dashboard\node_modules\unrs-resolver\index.js:376:11)
    at Module._compile (node:internal/modules/cjs/loader:1364:14)
    at Module._extensions..js (node:internal/modules/cjs/loader:1422:10)
    at Module.load (node:internal/modules/cjs/loader:1203:32)
    at Module._load (node:internal/modules/cjs/loader:1019:12)
    at Module.require (node:internal/modules/cjs/loader:1231:19)
    at require (node:internal/modules/helpers:177:18)
    at Object.<anonymous> (C:\Users\hp\Documents\New folder\mis-dashboard\node_modules\eslint-import-resolver-typescript\lib\index.cjs:30:31)
    at Module._compile (node:internal/modules/cjs/loader:1364:14)
    at Module._extensions..js (node:internal/modules/cjs/loader:1422:10)  import/no-duplicates

C:\Users\hp\Documents\New folder\mis-dashboard\src\pages\admin\loan-application.tsx
  1:1  warning  Resolve error: Cannot find native binding. npm has a bug related to optional dependencies (https://github.com/npm/cli/issues/4828). Please try `npm i` again after removing both package-lock.json and node_modules directory.
    at Object.<anonymous> (C:\Users\hp\Documents\New folder\mis-dashboard\node_modules\unrs-resolver\index.js:376:11)
    at Module._compile (node:internal/modules/cjs/loader:1364:14)
    at Module._extensions..js (node:internal/modules/cjs/loader:1422:10)
    at Module.load (node:internal/modules/cjs/loader:1203:32)
    at Module._load (node:internal/modules/cjs/loader:1019:12)
    at Module.require (node:internal/modules/cjs/loader:1231:19)
    at require (node:internal/modules/helpers:177:18)
    at Object.<anonymous> (C:\Users\hp\Documents\New folder\mis-dashboard\node_modules\eslint-import-resolver-typescript\lib\index.cjs:30:31)
    at Module._compile (node:internal/modules/cjs/loader:1364:14)
    at Module._extensions..js (node:internal/modules/cjs/loader:1422:10)  import/no-duplicates

C:\Users\hp\Documents\New folder\mis-dashboard\src\pages\admin\mis-reports.tsx
  1:1  warning  Resolve error: Cannot find native binding. npm has a bug related to optional dependencies (https://github.com/npm/cli/issues/4828). Please try `npm i` again after removing both package-lock.json and node_modules directory.
    at Object.<anonymous> (C:\Users\hp\Documents\New folder\mis-dashboard\node_modules\unrs-resolver\index.js:376:11)
    at Module._compile (node:internal/modules/cjs/loader:1364:14)
    at Module._extensions..js (node:internal/modules/cjs/loader:1422:10)
    at Module.load (node:internal/modules/cjs/loader:1203:32)
    at Module._load (node:internal/modules/cjs/loader:1019:12)
    at Module.require (node:internal/modules/cjs/loader:1231:19)
    at require (node:internal/modules/helpers:177:18)
    at Object.<anonymous> (C:\Users\hp\Documents\New folder\mis-dashboard\node_modules\eslint-import-resolver-typescript\lib\index.cjs:30:31)
    at Module._compile (node:internal/modules/cjs/loader:1364:14)
    at Module._extensions..js (node:internal/modules/cjs/loader:1422:10)  import/no-duplicates

C:\Users\hp\Documents\New folder\mis-dashboard\src\pages\admin\payment.tsx
  1:1  warning  Resolve error: Cannot find native binding. npm has a bug related to optional dependencies (https://github.com/npm/cli/issues/4828). Please try `npm i` again after removing both package-lock.json and node_modules directory.
    at Object.<anonymous> (C:\Users\hp\Documents\New folder\mis-dashboard\node_modules\unrs-resolver\index.js:376:11)
    at Module._compile (node:internal/modules/cjs/loader:1364:14)
    at Module._extensions..js (node:internal/modules/cjs/loader:1422:10)
    at Module.load (node:internal/modules/cjs/loader:1203:32)
    at Module._load (node:internal/modules/cjs/loader:1019:12)
    at Module.require (node:internal/modules/cjs/loader:1231:19)
    at require (node:internal/modules/helpers:177:18)
    at Object.<anonymous> (C:\Users\hp\Documents\New folder\mis-dashboard\node_modules\eslint-import-resolver-typescript\lib\index.cjs:30:31)
    at Module._compile (node:internal/modules/cjs/loader:1364:14)
    at Module._extensions..js (node:internal/modules/cjs/loader:1422:10)  import/no-duplicates

C:\Users\hp\Documents\New folder\mis-dashboard\src\pages\admin\recovery.tsx
  1:1  warning  Resolve error: Cannot find native binding. npm has a bug related to optional dependencies (https://github.com/npm/cli/issues/4828). Please try `npm i` again after removing both package-lock.json and node_modules directory.
    at Object.<anonymous> (C:\Users\hp\Documents\New folder\mis-dashboard\node_modules\unrs-resolver\index.js:376:11)
    at Module._compile (node:internal/modules/cjs/loader:1364:14)
    at Module._extensions..js (node:internal/modules/cjs/loader:1422:10)
    at Module.load (node:internal/modules/cjs/loader:1203:32)
    at Module._load (node:internal/modules/cjs/loader:1019:12)
    at Module.require (node:internal/modules/cjs/loader:1231:19)
    at require (node:internal/modules/helpers:177:18)
    at Object.<anonymous> (C:\Users\hp\Documents\New folder\mis-dashboard\node_modules\eslint-import-resolver-typescript\lib\index.cjs:30:31)
    at Module._compile (node:internal/modules/cjs/loader:1364:14)
    at Module._extensions..js (node:internal/modules/cjs/loader:1422:10)  import/no-duplicates

C:\Users\hp\Documents\New folder\mis-dashboard\src\pages\admin\users-add.tsx
  1:1  warning  Resolve error: Cannot find native binding. npm has a bug related to optional dependencies (https://github.com/npm/cli/issues/4828). Please try `npm i` again after removing both package-lock.json and node_modules directory.
    at Object.<anonymous> (C:\Users\hp\Documents\New folder\mis-dashboard\node_modules\unrs-resolver\index.js:376:11)
    at Module._compile (node:internal/modules/cjs/loader:1364:14)
    at Module._extensions..js (node:internal/modules/cjs/loader:1422:10)
    at Module.load (node:internal/modules/cjs/loader:1203:32)
    at Module._load (node:internal/modules/cjs/loader:1019:12)
    at Module.require (node:internal/modules/cjs/loader:1231:19)
    at require (node:internal/modules/helpers:177:18)
    at Object.<anonymous> (C:\Users\hp\Documents\New folder\mis-dashboard\node_modules\eslint-import-resolver-typescript\lib\index.cjs:30:31)
    at Module._compile (node:internal/modules/cjs/loader:1364:14)
    at Module._extensions..js (node:internal/modules/cjs/loader:1422:10)  import/no-duplicates

C:\Users\hp\Documents\New folder\mis-dashboard\src\pages\admin\users-detail.tsx
  1:1  warning  Resolve error: Cannot find native binding. npm has a bug related to optional dependencies (https://github.com/npm/cli/issues/4828). Please try `npm i` again after removing both package-lock.json and node_modules directory.
    at Object.<anonymous> (C:\Users\hp\Documents\New folder\mis-dashboard\node_modules\unrs-resolver\index.js:376:11)
    at Module._compile (node:internal/modules/cjs/loader:1364:14)
    at Module._extensions..js (node:internal/modules/cjs/loader:1422:10)
    at Module.load (node:internal/modules/cjs/loader:1203:32)
    at Module._load (node:internal/modules/cjs/loader:1019:12)
    at Module.require (node:internal/modules/cjs/loader:1231:19)
    at require (node:internal/modules/helpers:177:18)
    at Object.<anonymous> (C:\Users\hp\Documents\New folder\mis-dashboard\node_modules\eslint-import-resolver-typescript\lib\index.cjs:30:31)
    at Module._compile (node:internal/modules/cjs/loader:1364:14)
    at Module._extensions..js (node:internal/modules/cjs/loader:1422:10)  import/no-duplicates

C:\Users\hp\Documents\New folder\mis-dashboard\src\pages\admin\users-edit.tsx
  1:1  warning  Resolve error: Cannot find native binding. npm has a bug related to optional dependencies (https://github.com/npm/cli/issues/4828). Please try `npm i` again after removing both package-lock.json and node_modules directory.
    at Object.<anonymous> (C:\Users\hp\Documents\New folder\mis-dashboard\node_modules\unrs-resolver\index.js:376:11)
    at Module._compile (node:internal/modules/cjs/loader:1364:14)
    at Module._extensions..js (node:internal/modules/cjs/loader:1422:10)
    at Module.load (node:internal/modules/cjs/loader:1203:32)
    at Module._load (node:internal/modules/cjs/loader:1019:12)
    at Module.require (node:internal/modules/cjs/loader:1231:19)
    at require (node:internal/modules/helpers:177:18)
    at Object.<anonymous> (C:\Users\hp\Documents\New folder\mis-dashboard\node_modules\eslint-import-resolver-typescript\lib\index.cjs:30:31)
    at Module._compile (node:internal/modules/cjs/loader:1364:14)
    at Module._extensions..js (node:internal/modules/cjs/loader:1422:10)  import/no-duplicates

C:\Users\hp\Documents\New folder\mis-dashboard\src\pages\admin\users-management.tsx
  1:1  warning  Resolve error: Cannot find native binding. npm has a bug related to optional dependencies (https://github.com/npm/cli/issues/4828). Please try `npm i` again after removing both package-lock.json and node_modules directory.
    at Object.<anonymous> (C:\Users\hp\Documents\New folder\mis-dashboard\node_modules\unrs-resolver\index.js:376:11)
    at Module._compile (node:internal/modules/cjs/loader:1364:14)
    at Module._extensions..js (node:internal/modules/cjs/loader:1422:10)
    at Module.load (node:internal/modules/cjs/loader:1203:32)
    at Module._load (node:internal/modules/cjs/loader:1019:12)
    at Module.require (node:internal/modules/cjs/loader:1231:19)
    at require (node:internal/modules/helpers:177:18)
    at Object.<anonymous> (C:\Users\hp\Documents\New folder\mis-dashboard\node_modules\eslint-import-resolver-typescript\lib\index.cjs:30:31)
    at Module._compile (node:internal/modules/cjs/loader:1364:14)
    at Module._extensions..js (node:internal/modules/cjs/loader:1422:10)  import/no-duplicates

C:\Users\hp\Documents\New folder\mis-dashboard\src\pages\auth\forgot-password-admin.tsx
  1:1  warning  Resolve error: Cannot find native binding. npm has a bug related to optional dependencies (https://github.com/npm/cli/issues/4828). Please try `npm i` again after removing both package-lock.json and node_modules directory.
    at Object.<anonymous> (C:\Users\hp\Documents\New folder\mis-dashboard\node_modules\unrs-resolver\index.js:376:11)
    at Module._compile (node:internal/modules/cjs/loader:1364:14)
    at Module._extensions..js (node:internal/modules/cjs/loader:1422:10)
    at Module.load (node:internal/modules/cjs/loader:1203:32)
    at Module._load (node:internal/modules/cjs/loader:1019:12)
    at Module.require (node:internal/modules/cjs/loader:1231:19)
    at require (node:internal/modules/helpers:177:18)
    at Object.<anonymous> (C:\Users\hp\Documents\New folder\mis-dashboard\node_modules\eslint-import-resolver-typescript\lib\index.cjs:30:31)
    at Module._compile (node:internal/modules/cjs/loader:1364:14)
    at Module._extensions..js (node:internal/modules/cjs/loader:1422:10)  import/no-duplicates

C:\Users\hp\Documents\New folder\mis-dashboard\src\pages\auth\forgot-password.tsx
  1:1  warning  Resolve error: Cannot find native binding. npm has a bug related to optional dependencies (https://github.com/npm/cli/issues/4828). Please try `npm i` again after removing both package-lock.json and node_modules directory.
    at Object.<anonymous> (C:\Users\hp\Documents\New folder\mis-dashboard\node_modules\unrs-resolver\index.js:376:11)
    at Module._compile (node:internal/modules/cjs/loader:1364:14)
    at Module._extensions..js (node:internal/modules/cjs/loader:1422:10)
    at Module.load (node:internal/modules/cjs/loader:1203:32)
    at Module._load (node:internal/modules/cjs/loader:1019:12)
    at Module.require (node:internal/modules/cjs/loader:1231:19)
    at require (node:internal/modules/helpers:177:18)
    at Object.<anonymous> (C:\Users\hp\Documents\New folder\mis-dashboard\node_modules\eslint-import-resolver-typescript\lib\index.cjs:30:31)
    at Module._compile (node:internal/modules/cjs/loader:1364:14)
    at Module._extensions..js (node:internal/modules/cjs/loader:1422:10)  import/no-duplicates

C:\Users\hp\Documents\New folder\mis-dashboard\src\pages\auth\register.tsx
  1:1  warning  Resolve error: Cannot find native binding. npm has a bug related to optional dependencies (https://github.com/npm/cli/issues/4828). Please try `npm i` again after removing both package-lock.json and node_modules directory.
    at Object.<anonymous> (C:\Users\hp\Documents\New folder\mis-dashboard\node_modules\unrs-resolver\index.js:376:11)
    at Module._compile (node:internal/modules/cjs/loader:1364:14)
    at Module._extensions..js (node:internal/modules/cjs/loader:1422:10)
    at Module.load (node:internal/modules/cjs/loader:1203:32)
    at Module._load (node:internal/modules/cjs/loader:1019:12)
    at Module.require (node:internal/modules/cjs/loader:1231:19)
    at require (node:internal/modules/helpers:177:18)
    at Object.<anonymous> (C:\Users\hp\Documents\New folder\mis-dashboard\node_modules\eslint-import-resolver-typescript\lib\index.cjs:30:31)
    at Module._compile (node:internal/modules/cjs/loader:1364:14)
    at Module._extensions..js (node:internal/modules/cjs/loader:1422:10)  import/no-duplicates

C:\Users\hp\Documents\New folder\mis-dashboard\src\pages\auth\reset-password.tsx
  1:1  warning  Resolve error: Cannot find native binding. npm has a bug related to optional dependencies (https://github.com/npm/cli/issues/4828). Please try `npm i` again after removing both package-lock.json and node_modules directory.
    at Object.<anonymous> (C:\Users\hp\Documents\New folder\mis-dashboard\node_modules\unrs-resolver\index.js:376:11)
    at Module._compile (node:internal/modules/cjs/loader:1364:14)
    at Module._extensions..js (node:internal/modules/cjs/loader:1422:10)
    at Module.load (node:internal/modules/cjs/loader:1203:32)
    at Module._load (node:internal/modules/cjs/loader:1019:12)
    at Module.require (node:internal/modules/cjs/loader:1231:19)
    at require (node:internal/modules/helpers:177:18)
    at Object.<anonymous> (C:\Users\hp\Documents\New folder\mis-dashboard\node_modules\eslint-import-resolver-typescript\lib\index.cjs:30:31)
    at Module._compile (node:internal/modules/cjs/loader:1364:14)
    at Module._extensions..js (node:internal/modules/cjs/loader:1422:10)  import/no-duplicates

C:\Users\hp\Documents\New folder\mis-dashboard\src\pages\auth\sign-in-admin.tsx
  1:1  warning  Resolve error: Cannot find native binding. npm has a bug related to optional dependencies (https://github.com/npm/cli/issues/4828). Please try `npm i` again after removing both package-lock.json and node_modules directory.
    at Object.<anonymous> (C:\Users\hp\Documents\New folder\mis-dashboard\node_modules\unrs-resolver\index.js:376:11)
    at Module._compile (node:internal/modules/cjs/loader:1364:14)
    at Module._extensions..js (node:internal/modules/cjs/loader:1422:10)
    at Module.load (node:internal/modules/cjs/loader:1203:32)
    at Module._load (node:internal/modules/cjs/loader:1019:12)
    at Module.require (node:internal/modules/cjs/loader:1231:19)
    at require (node:internal/modules/helpers:177:18)
    at Object.<anonymous> (C:\Users\hp\Documents\New folder\mis-dashboard\node_modules\eslint-import-resolver-typescript\lib\index.cjs:30:31)
    at Module._compile (node:internal/modules/cjs/loader:1364:14)
    at Module._extensions..js (node:internal/modules/cjs/loader:1422:10)  import/no-duplicates

C:\Users\hp\Documents\New folder\mis-dashboard\src\pages\auth\sign-in-customer.tsx
  1:1  warning  Resolve error: Cannot find native binding. npm has a bug related to optional dependencies (https://github.com/npm/cli/issues/4828). Please try `npm i` again after removing both package-lock.json and node_modules directory.
    at Object.<anonymous> (C:\Users\hp\Documents\New folder\mis-dashboard\node_modules\unrs-resolver\index.js:376:11)
    at Module._compile (node:internal/modules/cjs/loader:1364:14)
    at Module._extensions..js (node:internal/modules/cjs/loader:1422:10)
    at Module.load (node:internal/modules/cjs/loader:1203:32)
    at Module._load (node:internal/modules/cjs/loader:1019:12)
    at Module.require (node:internal/modules/cjs/loader:1231:19)
    at require (node:internal/modules/helpers:177:18)
    at Object.<anonymous> (C:\Users\hp\Documents\New folder\mis-dashboard\node_modules\eslint-import-resolver-typescript\lib\index.cjs:30:31)
    at Module._compile (node:internal/modules/cjs/loader:1364:14)
    at Module._extensions..js (node:internal/modules/cjs/loader:1422:10)  import/no-duplicates

C:\Users\hp\Documents\New folder\mis-dashboard\src\pages\auth\sign-in-superadmin.tsx
  1:1  warning  Resolve error: Cannot find native binding. npm has a bug related to optional dependencies (https://github.com/npm/cli/issues/4828). Please try `npm i` again after removing both package-lock.json and node_modules directory.
    at Object.<anonymous> (C:\Users\hp\Documents\New folder\mis-dashboard\node_modules\unrs-resolver\index.js:376:11)
    at Module._compile (node:internal/modules/cjs/loader:1364:14)
    at Module._extensions..js (node:internal/modules/cjs/loader:1422:10)
    at Module.load (node:internal/modules/cjs/loader:1203:32)
    at Module._load (node:internal/modules/cjs/loader:1019:12)
    at Module.require (node:internal/modules/cjs/loader:1231:19)
    at require (node:internal/modules/helpers:177:18)
    at Object.<anonymous> (C:\Users\hp\Documents\New folder\mis-dashboard\node_modules\eslint-import-resolver-typescript\lib\index.cjs:30:31)
    at Module._compile (node:internal/modules/cjs/loader:1364:14)
    at Module._extensions..js (node:internal/modules/cjs/loader:1422:10)  import/no-duplicates

C:\Users\hp\Documents\New folder\mis-dashboard\src\pages\auth\sign-in.tsx
  1:1  warning  Resolve error: Cannot find native binding. npm has a bug related to optional dependencies (https://github.com/npm/cli/issues/4828). Please try `npm i` again after removing both package-lock.json and node_modules directory.
    at Object.<anonymous> (C:\Users\hp\Documents\New folder\mis-dashboard\node_modules\unrs-resolver\index.js:376:11)
    at Module._compile (node:internal/modules/cjs/loader:1364:14)
    at Module._extensions..js (node:internal/modules/cjs/loader:1422:10)
    at Module.load (node:internal/modules/cjs/loader:1203:32)
    at Module._load (node:internal/modules/cjs/loader:1019:12)
    at Module.require (node:internal/modules/cjs/loader:1231:19)
    at require (node:internal/modules/helpers:177:18)
    at Object.<anonymous> (C:\Users\hp\Documents\New folder\mis-dashboard\node_modules\eslint-import-resolver-typescript\lib\index.cjs:30:31)
    at Module._compile (node:internal/modules/cjs/loader:1364:14)
    at Module._extensions..js (node:internal/modules/cjs/loader:1422:10)  import/no-duplicates

C:\Users\hp\Documents\New folder\mis-dashboard\src\pages\auth\verify-otp-admin.tsx
  1:1  warning  Resolve error: Cannot find native binding. npm has a bug related to optional dependencies (https://github.com/npm/cli/issues/4828). Please try `npm i` again after removing both package-lock.json and node_modules directory.
    at Object.<anonymous> (C:\Users\hp\Documents\New folder\mis-dashboard\node_modules\unrs-resolver\index.js:376:11)
    at Module._compile (node:internal/modules/cjs/loader:1364:14)
    at Module._extensions..js (node:internal/modules/cjs/loader:1422:10)
    at Module.load (node:internal/modules/cjs/loader:1203:32)
    at Module._load (node:internal/modules/cjs/loader:1019:12)
    at Module.require (node:internal/modules/cjs/loader:1231:19)
    at require (node:internal/modules/helpers:177:18)
    at Object.<anonymous> (C:\Users\hp\Documents\New folder\mis-dashboard\node_modules\eslint-import-resolver-typescript\lib\index.cjs:30:31)
    at Module._compile (node:internal/modules/cjs/loader:1364:14)
    at Module._extensions..js (node:internal/modules/cjs/loader:1422:10)  import/no-duplicates

C:\Users\hp\Documents\New folder\mis-dashboard\src\pages\auth\verify-otp.tsx
  1:1  warning  Resolve error: Cannot find native binding. npm has a bug related to optional dependencies (https://github.com/npm/cli/issues/4828). Please try `npm i` again after removing both package-lock.json and node_modules directory.
    at Object.<anonymous> (C:\Users\hp\Documents\New folder\mis-dashboard\node_modules\unrs-resolver\index.js:376:11)
    at Module._compile (node:internal/modules/cjs/loader:1364:14)
    at Module._extensions..js (node:internal/modules/cjs/loader:1422:10)
    at Module.load (node:internal/modules/cjs/loader:1203:32)
    at Module._load (node:internal/modules/cjs/loader:1019:12)
    at Module.require (node:internal/modules/cjs/loader:1231:19)
    at require (node:internal/modules/helpers:177:18)
    at Object.<anonymous> (C:\Users\hp\Documents\New folder\mis-dashboard\node_modules\eslint-import-resolver-typescript\lib\index.cjs:30:31)
    at Module._compile (node:internal/modules/cjs/loader:1364:14)
    at Module._extensions..js (node:internal/modules/cjs/loader:1422:10)  import/no-duplicates

C:\Users\hp\Documents\New folder\mis-dashboard\src\pages\customer\apply-loan-form.tsx
  1:1  warning  Resolve error: Cannot find native binding. npm has a bug related to optional dependencies (https://github.com/npm/cli/issues/4828). Please try `npm i` again after removing both package-lock.json and node_modules directory.
    at Object.<anonymous> (C:\Users\hp\Documents\New folder\mis-dashboard\node_modules\unrs-resolver\index.js:376:11)
    at Module._compile (node:internal/modules/cjs/loader:1364:14)
    at Module._extensions..js (node:internal/modules/cjs/loader:1422:10)
    at Module.load (node:internal/modules/cjs/loader:1203:32)
    at Module._load (node:internal/modules/cjs/loader:1019:12)
    at Module.require (node:internal/modules/cjs/loader:1231:19)
    at require (node:internal/modules/helpers:177:18)
    at Object.<anonymous> (C:\Users\hp\Documents\New folder\mis-dashboard\node_modules\eslint-import-resolver-typescript\lib\index.cjs:30:31)
    at Module._compile (node:internal/modules/cjs/loader:1364:14)
    at Module._extensions..js (node:internal/modules/cjs/loader:1422:10)  import/no-duplicates

C:\Users\hp\Documents\New folder\mis-dashboard\src\pages\customer\apply-loan.tsx
  1:1  warning  Resolve error: Cannot find native binding. npm has a bug related to optional dependencies (https://github.com/npm/cli/issues/4828). Please try `npm i` again after removing both package-lock.json and node_modules directory.
    at Object.<anonymous> (C:\Users\hp\Documents\New folder\mis-dashboard\node_modules\unrs-resolver\index.js:376:11)
    at Module._compile (node:internal/modules/cjs/loader:1364:14)
    at Module._extensions..js (node:internal/modules/cjs/loader:1422:10)
    at Module.load (node:internal/modules/cjs/loader:1203:32)
    at Module._load (node:internal/modules/cjs/loader:1019:12)
    at Module.require (node:internal/modules/cjs/loader:1231:19)
    at require (node:internal/modules/helpers:177:18)
    at Object.<anonymous> (C:\Users\hp\Documents\New folder\mis-dashboard\node_modules\eslint-import-resolver-typescript\lib\index.cjs:30:31)
    at Module._compile (node:internal/modules/cjs/loader:1364:14)
    at Module._extensions..js (node:internal/modules/cjs/loader:1422:10)  import/no-duplicates

C:\Users\hp\Documents\New folder\mis-dashboard\src\pages\customer\assessment.tsx
  1:1  warning  Resolve error: Cannot find native binding. npm has a bug related to optional dependencies (https://github.com/npm/cli/issues/4828). Please try `npm i` again after removing both package-lock.json and node_modules directory.
    at Object.<anonymous> (C:\Users\hp\Documents\New folder\mis-dashboard\node_modules\unrs-resolver\index.js:376:11)
    at Module._compile (node:internal/modules/cjs/loader:1364:14)
    at Module._extensions..js (node:internal/modules/cjs/loader:1422:10)
    at Module.load (node:internal/modules/cjs/loader:1203:32)
    at Module._load (node:internal/modules/cjs/loader:1019:12)
    at Module.require (node:internal/modules/cjs/loader:1231:19)
    at require (node:internal/modules/helpers:177:18)
    at Object.<anonymous> (C:\Users\hp\Documents\New folder\mis-dashboard\node_modules\eslint-import-resolver-typescript\lib\index.cjs:30:31)
    at Module._compile (node:internal/modules/cjs/loader:1364:14)
    at Module._extensions..js (node:internal/modules/cjs/loader:1422:10)  import/no-duplicates

C:\Users\hp\Documents\New folder\mis-dashboard\src\pages\customer\documents.tsx
  1:1  warning  Resolve error: Cannot find native binding. npm has a bug related to optional dependencies (https://github.com/npm/cli/issues/4828). Please try `npm i` again after removing both package-lock.json and node_modules directory.
    at Object.<anonymous> (C:\Users\hp\Documents\New folder\mis-dashboard\node_modules\unrs-resolver\index.js:376:11)
    at Module._compile (node:internal/modules/cjs/loader:1364:14)
    at Module._extensions..js (node:internal/modules/cjs/loader:1422:10)
    at Module.load (node:internal/modules/cjs/loader:1203:32)
    at Module._load (node:internal/modules/cjs/loader:1019:12)
    at Module.require (node:internal/modules/cjs/loader:1231:19)
    at require (node:internal/modules/helpers:177:18)
    at Object.<anonymous> (C:\Users\hp\Documents\New folder\mis-dashboard\node_modules\eslint-import-resolver-typescript\lib\index.cjs:30:31)
    at Module._compile (node:internal/modules/cjs/loader:1364:14)
    at Module._extensions..js (node:internal/modules/cjs/loader:1422:10)  import/no-duplicates

C:\Users\hp\Documents\New folder\mis-dashboard\src\pages\customer\installments.tsx
  1:1  warning  Resolve error: Cannot find native binding. npm has a bug related to optional dependencies (https://github.com/npm/cli/issues/4828). Please try `npm i` again after removing both package-lock.json and node_modules directory.
    at Object.<anonymous> (C:\Users\hp\Documents\New folder\mis-dashboard\node_modules\unrs-resolver\index.js:376:11)
    at Module._compile (node:internal/modules/cjs/loader:1364:14)
    at Module._extensions..js (node:internal/modules/cjs/loader:1422:10)
    at Module.load (node:internal/modules/cjs/loader:1203:32)
    at Module._load (node:internal/modules/cjs/loader:1019:12)
    at Module.require (node:internal/modules/cjs/loader:1231:19)
    at require (node:internal/modules/helpers:177:18)
    at Object.<anonymous> (C:\Users\hp\Documents\New folder\mis-dashboard\node_modules\eslint-import-resolver-typescript\lib\index.cjs:30:31)
    at Module._compile (node:internal/modules/cjs/loader:1364:14)
    at Module._extensions..js (node:internal/modules/cjs/loader:1422:10)  import/no-duplicates

C:\Users\hp\Documents\New folder\mis-dashboard\src\pages\customer\my-credit-rating.tsx
  1:1  warning  Resolve error: Cannot find native binding. npm has a bug related to optional dependencies (https://github.com/npm/cli/issues/4828). Please try `npm i` again after removing both package-lock.json and node_modules directory.
    at Object.<anonymous> (C:\Users\hp\Documents\New folder\mis-dashboard\node_modules\unrs-resolver\index.js:376:11)
    at Module._compile (node:internal/modules/cjs/loader:1364:14)
    at Module._extensions..js (node:internal/modules/cjs/loader:1422:10)
    at Module.load (node:internal/modules/cjs/loader:1203:32)
    at Module._load (node:internal/modules/cjs/loader:1019:12)
    at Module.require (node:internal/modules/cjs/loader:1231:19)
    at require (node:internal/modules/helpers:177:18)
    at Object.<anonymous> (C:\Users\hp\Documents\New folder\mis-dashboard\node_modules\eslint-import-resolver-typescript\lib\index.cjs:30:31)
    at Module._compile (node:internal/modules/cjs/loader:1364:14)
    at Module._extensions..js (node:internal/modules/cjs/loader:1422:10)  import/no-duplicates

C:\Users\hp\Documents\New folder\mis-dashboard\src\pages\customer\pay-installment.tsx
  1:1  warning  Resolve error: Cannot find native binding. npm has a bug related to optional dependencies (https://github.com/npm/cli/issues/4828). Please try `npm i` again after removing both package-lock.json and node_modules directory.
    at Object.<anonymous> (C:\Users\hp\Documents\New folder\mis-dashboard\node_modules\unrs-resolver\index.js:376:11)
    at Module._compile (node:internal/modules/cjs/loader:1364:14)
    at Module._extensions..js (node:internal/modules/cjs/loader:1422:10)
    at Module.load (node:internal/modules/cjs/loader:1203:32)
    at Module._load (node:internal/modules/cjs/loader:1019:12)
    at Module.require (node:internal/modules/cjs/loader:1231:19)
    at require (node:internal/modules/helpers:177:18)
    at Object.<anonymous> (C:\Users\hp\Documents\New folder\mis-dashboard\node_modules\eslint-import-resolver-typescript\lib\index.cjs:30:31)
    at Module._compile (node:internal/modules/cjs/loader:1364:14)
    at Module._extensions..js (node:internal/modules/cjs/loader:1422:10)  import/no-duplicates

C:\Users\hp\Documents\New folder\mis-dashboard\src\pages\customer\payoff-offer.tsx
  1:1  warning  Resolve error: Cannot find native binding. npm has a bug related to optional dependencies (https://github.com/npm/cli/issues/4828). Please try `npm i` again after removing both package-lock.json and node_modules directory.
    at Object.<anonymous> (C:\Users\hp\Documents\New folder\mis-dashboard\node_modules\unrs-resolver\index.js:376:11)
    at Module._compile (node:internal/modules/cjs/loader:1364:14)
    at Module._extensions..js (node:internal/modules/cjs/loader:1422:10)
    at Module.load (node:internal/modules/cjs/loader:1203:32)
    at Module._load (node:internal/modules/cjs/loader:1019:12)
    at Module.require (node:internal/modules/cjs/loader:1231:19)
    at require (node:internal/modules/helpers:177:18)
    at Object.<anonymous> (C:\Users\hp\Documents\New folder\mis-dashboard\node_modules\eslint-import-resolver-typescript\lib\index.cjs:30:31)
    at Module._compile (node:internal/modules/cjs/loader:1364:14)
    at Module._extensions..js (node:internal/modules/cjs/loader:1422:10)  import/no-duplicates

C:\Users\hp\Documents\New folder\mis-dashboard\src\pages\customer\profile.tsx
  1:1  warning  Resolve error: Cannot find native binding. npm has a bug related to optional dependencies (https://github.com/npm/cli/issues/4828). Please try `npm i` again after removing both package-lock.json and node_modules directory.
    at Object.<anonymous> (C:\Users\hp\Documents\New folder\mis-dashboard\node_modules\unrs-resolver\index.js:376:11)
    at Module._compile (node:internal/modules/cjs/loader:1364:14)
    at Module._extensions..js (node:internal/modules/cjs/loader:1422:10)
    at Module.load (node:internal/modules/cjs/loader:1203:32)
    at Module._load (node:internal/modules/cjs/loader:1019:12)
    at Module.require (node:internal/modules/cjs/loader:1231:19)
    at require (node:internal/modules/helpers:177:18)
    at Object.<anonymous> (C:\Users\hp\Documents\New folder\mis-dashboard\node_modules\eslint-import-resolver-typescript\lib\index.cjs:30:31)
    at Module._compile (node:internal/modules/cjs/loader:1364:14)
    at Module._extensions..js (node:internal/modules/cjs/loader:1422:10)  import/no-duplicates

C:\Users\hp\Documents\New folder\mis-dashboard\src\pages\dashboard\dashboard.tsx
  1:1  warning  Resolve error: Cannot find native binding. npm has a bug related to optional dependencies (https://github.com/npm/cli/issues/4828). Please try `npm i` again after removing both package-lock.json and node_modules directory.
    at Object.<anonymous> (C:\Users\hp\Documents\New folder\mis-dashboard\node_modules\unrs-resolver\index.js:376:11)
    at Module._compile (node:internal/modules/cjs/loader:1364:14)
    at Module._extensions..js (node:internal/modules/cjs/loader:1422:10)
    at Module.load (node:internal/modules/cjs/loader:1203:32)
    at Module._load (node:internal/modules/cjs/loader:1019:12)
    at Module.require (node:internal/modules/cjs/loader:1231:19)
    at require (node:internal/modules/helpers:177:18)
    at Object.<anonymous> (C:\Users\hp\Documents\New folder\mis-dashboard\node_modules\eslint-import-resolver-typescript\lib\index.cjs:30:31)
    at Module._compile (node:internal/modules/cjs/loader:1364:14)
    at Module._extensions..js (node:internal/modules/cjs/loader:1422:10)  import/no-duplicates

C:\Users\hp\Documents\New folder\mis-dashboard\src\pages\employee\recovery-dashboard.tsx
  1:1  warning  Resolve error: Cannot find native binding. npm has a bug related to optional dependencies (https://github.com/npm/cli/issues/4828). Please try `npm i` again after removing both package-lock.json and node_modules directory.
    at Object.<anonymous> (C:\Users\hp\Documents\New folder\mis-dashboard\node_modules\unrs-resolver\index.js:376:11)
    at Module._compile (node:internal/modules/cjs/loader:1364:14)
    at Module._extensions..js (node:internal/modules/cjs/loader:1422:10)
    at Module.load (node:internal/modules/cjs/loader:1203:32)
    at Module._load (node:internal/modules/cjs/loader:1019:12)
    at Module.require (node:internal/modules/cjs/loader:1231:19)
    at require (node:internal/modules/helpers:177:18)
    at Object.<anonymous> (C:\Users\hp\Documents\New folder\mis-dashboard\node_modules\eslint-import-resolver-typescript\lib\index.cjs:30:31)
    at Module._compile (node:internal/modules/cjs/loader:1364:14)
    at Module._extensions..js (node:internal/modules/cjs/loader:1422:10)  import/no-duplicates

C:\Users\hp\Documents\New folder\mis-dashboard\src\pages\error\page-not-found.tsx
  1:1  warning  Resolve error: Cannot find native binding. npm has a bug related to optional dependencies (https://github.com/npm/cli/issues/4828). Please try `npm i` again after removing both package-lock.json and node_modules directory.
    at Object.<anonymous> (C:\Users\hp\Documents\New folder\mis-dashboard\node_modules\unrs-resolver\index.js:376:11)
    at Module._compile (node:internal/modules/cjs/loader:1364:14)
    at Module._extensions..js (node:internal/modules/cjs/loader:1422:10)
    at Module.load (node:internal/modules/cjs/loader:1203:32)
    at Module._load (node:internal/modules/cjs/loader:1019:12)
    at Module.require (node:internal/modules/cjs/loader:1231:19)
    at require (node:internal/modules/helpers:177:18)
    at Object.<anonymous> (C:\Users\hp\Documents\New folder\mis-dashboard\node_modules\eslint-import-resolver-typescript\lib\index.cjs:30:31)
    at Module._compile (node:internal/modules/cjs/loader:1364:14)
    at Module._extensions..js (node:internal/modules/cjs/loader:1422:10)  import/no-duplicates

C:\Users\hp\Documents\New folder\mis-dashboard\src\pages\error\unauthorized.tsx
  1:1  warning  Resolve error: Cannot find native binding. npm has a bug related to optional dependencies (https://github.com/npm/cli/issues/4828). Please try `npm i` again after removing both package-lock.json and node_modules directory.
    at Object.<anonymous> (C:\Users\hp\Documents\New folder\mis-dashboard\node_modules\unrs-resolver\index.js:376:11)
    at Module._compile (node:internal/modules/cjs/loader:1364:14)
    at Module._extensions..js (node:internal/modules/cjs/loader:1422:10)
    at Module.load (node:internal/modules/cjs/loader:1203:32)
    at Module._load (node:internal/modules/cjs/loader:1019:12)
    at Module.require (node:internal/modules/cjs/loader:1231:19)
    at require (node:internal/modules/helpers:177:18)
    at Object.<anonymous> (C:\Users\hp\Documents\New folder\mis-dashboard\node_modules\eslint-import-resolver-typescript\lib\index.cjs:30:31)
    at Module._compile (node:internal/modules/cjs/loader:1364:14)
    at Module._extensions..js (node:internal/modules/cjs/loader:1422:10)  import/no-duplicates

C:\Users\hp\Documents\New folder\mis-dashboard\src\pages\profile.tsx
  1:1  warning  Resolve error: Cannot find native binding. npm has a bug related to optional dependencies (https://github.com/npm/cli/issues/4828). Please try `npm i` again after removing both package-lock.json and node_modules directory.
    at Object.<anonymous> (C:\Users\hp\Documents\New folder\mis-dashboard\node_modules\unrs-resolver\index.js:376:11)
    at Module._compile (node:internal/modules/cjs/loader:1364:14)
    at Module._extensions..js (node:internal/modules/cjs/loader:1422:10)
    at Module.load (node:internal/modules/cjs/loader:1203:32)
    at Module._load (node:internal/modules/cjs/loader:1019:12)
    at Module.require (node:internal/modules/cjs/loader:1231:19)
    at require (node:internal/modules/helpers:177:18)
    at Object.<anonymous> (C:\Users\hp\Documents\New folder\mis-dashboard\node_modules\eslint-import-resolver-typescript\lib\index.cjs:30:31)
    at Module._compile (node:internal/modules/cjs/loader:1364:14)
    at Module._extensions..js (node:internal/modules/cjs/loader:1422:10)  import/no-duplicates

C:\Users\hp\Documents\New folder\mis-dashboard\src\pages\subscription\subscription-required.tsx
  1:1  warning  Resolve error: Cannot find native binding. npm has a bug related to optional dependencies (https://github.com/npm/cli/issues/4828). Please try `npm i` again after removing both package-lock.json and node_modules directory.
    at Object.<anonymous> (C:\Users\hp\Documents\New folder\mis-dashboard\node_modules\unrs-resolver\index.js:376:11)
    at Module._compile (node:internal/modules/cjs/loader:1364:14)
    at Module._extensions..js (node:internal/modules/cjs/loader:1422:10)
    at Module.load (node:internal/modules/cjs/loader:1203:32)
    at Module._load (node:internal/modules/cjs/loader:1019:12)
    at Module.require (node:internal/modules/cjs/loader:1231:19)
    at require (node:internal/modules/helpers:177:18)
    at Object.<anonymous> (C:\Users\hp\Documents\New folder\mis-dashboard\node_modules\eslint-import-resolver-typescript\lib\index.cjs:30:31)
    at Module._compile (node:internal/modules/cjs/loader:1364:14)
    at Module._extensions..js (node:internal/modules/cjs/loader:1422:10)  import/no-duplicates

C:\Users\hp\Documents\New folder\mis-dashboard\src\pages\super-admin\bank-details.tsx
  1:1  warning  Resolve error: Cannot find native binding. npm has a bug related to optional dependencies (https://github.com/npm/cli/issues/4828). Please try `npm i` again after removing both package-lock.json and node_modules directory.
    at Object.<anonymous> (C:\Users\hp\Documents\New folder\mis-dashboard\node_modules\unrs-resolver\index.js:376:11)
    at Module._compile (node:internal/modules/cjs/loader:1364:14)
    at Module._extensions..js (node:internal/modules/cjs/loader:1422:10)
    at Module.load (node:internal/modules/cjs/loader:1203:32)
    at Module._load (node:internal/modules/cjs/loader:1019:12)
    at Module.require (node:internal/modules/cjs/loader:1231:19)
    at require (node:internal/modules/helpers:177:18)
    at Object.<anonymous> (C:\Users\hp\Documents\New folder\mis-dashboard\node_modules\eslint-import-resolver-typescript\lib\index.cjs:30:31)
    at Module._compile (node:internal/modules/cjs/loader:1364:14)
    at Module._extensions..js (node:internal/modules/cjs/loader:1422:10)  import/no-duplicates

C:\Users\hp\Documents\New folder\mis-dashboard\src\pages\super-admin\bank-form.tsx
  1:1  warning  Resolve error: Cannot find native binding. npm has a bug related to optional dependencies (https://github.com/npm/cli/issues/4828). Please try `npm i` again after removing both package-lock.json and node_modules directory.
    at Object.<anonymous> (C:\Users\hp\Documents\New folder\mis-dashboard\node_modules\unrs-resolver\index.js:376:11)
    at Module._compile (node:internal/modules/cjs/loader:1364:14)
    at Module._extensions..js (node:internal/modules/cjs/loader:1422:10)
    at Module.load (node:internal/modules/cjs/loader:1203:32)
    at Module._load (node:internal/modules/cjs/loader:1019:12)
    at Module.require (node:internal/modules/cjs/loader:1231:19)
    at require (node:internal/modules/helpers:177:18)
    at Object.<anonymous> (C:\Users\hp\Documents\New folder\mis-dashboard\node_modules\eslint-import-resolver-typescript\lib\index.cjs:30:31)
    at Module._compile (node:internal/modules/cjs/loader:1364:14)
    at Module._extensions..js (node:internal/modules/cjs/loader:1422:10)  import/no-duplicates

C:\Users\hp\Documents\New folder\mis-dashboard\src\pages\super-admin\bank-management.tsx
  1:1  warning  Resolve error: Cannot find native binding. npm has a bug related to optional dependencies (https://github.com/npm/cli/issues/4828). Please try `npm i` again after removing both package-lock.json and node_modules directory.
    at Object.<anonymous> (C:\Users\hp\Documents\New folder\mis-dashboard\node_modules\unrs-resolver\index.js:376:11)
    at Module._compile (node:internal/modules/cjs/loader:1364:14)
    at Module._extensions..js (node:internal/modules/cjs/loader:1422:10)
    at Module.load (node:internal/modules/cjs/loader:1203:32)
    at Module._load (node:internal/modules/cjs/loader:1019:12)
    at Module.require (node:internal/modules/cjs/loader:1231:19)
    at require (node:internal/modules/helpers:177:18)
    at Object.<anonymous> (C:\Users\hp\Documents\New folder\mis-dashboard\node_modules\eslint-import-resolver-typescript\lib\index.cjs:30:31)
    at Module._compile (node:internal/modules/cjs/loader:1364:14)
    at Module._extensions..js (node:internal/modules/cjs/loader:1422:10)  import/no-duplicates

C:\Users\hp\Documents\New folder\mis-dashboard\src\pages\super-admin\bank-payments.tsx
  1:1  warning  Resolve error: Cannot find native binding. npm has a bug related to optional dependencies (https://github.com/npm/cli/issues/4828). Please try `npm i` again after removing both package-lock.json and node_modules directory.
    at Object.<anonymous> (C:\Users\hp\Documents\New folder\mis-dashboard\node_modules\unrs-resolver\index.js:376:11)
    at Module._compile (node:internal/modules/cjs/loader:1364:14)
    at Module._extensions..js (node:internal/modules/cjs/loader:1422:10)
    at Module.load (node:internal/modules/cjs/loader:1203:32)
    at Module._load (node:internal/modules/cjs/loader:1019:12)
    at Module.require (node:internal/modules/cjs/loader:1231:19)
    at require (node:internal/modules/helpers:177:18)
    at Object.<anonymous> (C:\Users\hp\Documents\New folder\mis-dashboard\node_modules\eslint-import-resolver-typescript\lib\index.cjs:30:31)
    at Module._compile (node:internal/modules/cjs/loader:1364:14)
    at Module._extensions..js (node:internal/modules/cjs/loader:1422:10)  import/no-duplicates

C:\Users\hp\Documents\New folder\mis-dashboard\src\pages\super-admin\settings.tsx
  1:1  warning  Resolve error: Cannot find native binding. npm has a bug related to optional dependencies (https://github.com/npm/cli/issues/4828). Please try `npm i` again after removing both package-lock.json and node_modules directory.
    at Object.<anonymous> (C:\Users\hp\Documents\New folder\mis-dashboard\node_modules\unrs-resolver\index.js:376:11)
    at Module._compile (node:internal/modules/cjs/loader:1364:14)
    at Module._extensions..js (node:internal/modules/cjs/loader:1422:10)
    at Module.load (node:internal/modules/cjs/loader:1203:32)
    at Module._load (node:internal/modules/cjs/loader:1019:12)
    at Module.require (node:internal/modules/cjs/loader:1231:19)
    at require (node:internal/modules/helpers:177:18)
    at Object.<anonymous> (C:\Users\hp\Documents\New folder\mis-dashboard\node_modules\eslint-import-resolver-typescript\lib\index.cjs:30:31)
    at Module._compile (node:internal/modules/cjs/loader:1364:14)
    at Module._extensions..js (node:internal/modules/cjs/loader:1422:10)  import/no-duplicates

C:\Users\hp\Documents\New folder\mis-dashboard\src\pages\super-admin\user.tsx
  1:1  warning  Resolve error: Cannot find native binding. npm has a bug related to optional dependencies (https://github.com/npm/cli/issues/4828). Please try `npm i` again after removing both package-lock.json and node_modules directory.
    at Object.<anonymous> (C:\Users\hp\Documents\New folder\mis-dashboard\node_modules\unrs-resolver\index.js:376:11)
    at Module._compile (node:internal/modules/cjs/loader:1364:14)
    at Module._extensions..js (node:internal/modules/cjs/loader:1422:10)
    at Module.load (node:internal/modules/cjs/loader:1203:32)
    at Module._load (node:internal/modules/cjs/loader:1019:12)
    at Module.require (node:internal/modules/cjs/loader:1231:19)
    at require (node:internal/modules/helpers:177:18)
    at Object.<anonymous> (C:\Users\hp\Documents\New folder\mis-dashboard\node_modules\eslint-import-resolver-typescript\lib\index.cjs:30:31)
    at Module._compile (node:internal/modules/cjs/loader:1364:14)
    at Module._extensions..js (node:internal/modules/cjs/loader:1422:10)  import/no-duplicates

C:\Users\hp\Documents\New folder\mis-dashboard\src\providers\index.tsx
  1:1  warning  Resolve error: Cannot find native binding. npm has a bug related to optional dependencies (https://github.com/npm/cli/issues/4828). Please try `npm i` again after removing both package-lock.json and node_modules directory.
    at Object.<anonymous> (C:\Users\hp\Documents\New folder\mis-dashboard\node_modules\unrs-resolver\index.js:376:11)
    at Module._compile (node:internal/modules/cjs/loader:1364:14)
    at Module._extensions..js (node:internal/modules/cjs/loader:1422:10)
    at Module.load (node:internal/modules/cjs/loader:1203:32)
    at Module._load (node:internal/modules/cjs/loader:1019:12)
    at Module.require (node:internal/modules/cjs/loader:1231:19)
    at require (node:internal/modules/helpers:177:18)
    at Object.<anonymous> (C:\Users\hp\Documents\New folder\mis-dashboard\node_modules\eslint-import-resolver-typescript\lib\index.cjs:30:31)
    at Module._compile (node:internal/modules/cjs/loader:1364:14)
    at Module._extensions..js (node:internal/modules/cjs/loader:1422:10)  import/no-duplicates

C:\Users\hp\Documents\New folder\mis-dashboard\src\providers\notification.provider.tsx
  1:1  warning  Resolve error: Cannot find native binding. npm has a bug related to optional dependencies (https://github.com/npm/cli/issues/4828). Please try `npm i` again after removing both package-lock.json and node_modules directory.
    at Object.<anonymous> (C:\Users\hp\Documents\New folder\mis-dashboard\node_modules\unrs-resolver\index.js:376:11)
    at Module._compile (node:internal/modules/cjs/loader:1364:14)
    at Module._extensions..js (node:internal/modules/cjs/loader:1422:10)
    at Module.load (node:internal/modules/cjs/loader:1203:32)
    at Module._load (node:internal/modules/cjs/loader:1019:12)
    at Module.require (node:internal/modules/cjs/loader:1231:19)
    at require (node:internal/modules/helpers:177:18)
    at Object.<anonymous> (C:\Users\hp\Documents\New folder\mis-dashboard\node_modules\eslint-import-resolver-typescript\lib\index.cjs:30:31)
    at Module._compile (node:internal/modules/cjs/loader:1364:14)
    at Module._extensions..js (node:internal/modules/cjs/loader:1422:10)  import/no-duplicates

C:\Users\hp\Documents\New folder\mis-dashboard\src\providers\socket.provider.tsx
  1:1  warning  Resolve error: Cannot find native binding. npm has a bug related to optional dependencies (https://github.com/npm/cli/issues/4828). Please try `npm i` again after removing both package-lock.json and node_modules directory.
    at Object.<anonymous> (C:\Users\hp\Documents\New folder\mis-dashboard\node_modules\unrs-resolver\index.js:376:11)
    at Module._compile (node:internal/modules/cjs/loader:1364:14)
    at Module._extensions..js (node:internal/modules/cjs/loader:1422:10)
    at Module.load (node:internal/modules/cjs/loader:1203:32)
    at Module._load (node:internal/modules/cjs/loader:1019:12)
    at Module.require (node:internal/modules/cjs/loader:1231:19)
    at require (node:internal/modules/helpers:177:18)
    at Object.<anonymous> (C:\Users\hp\Documents\New folder\mis-dashboard\node_modules\eslint-import-resolver-typescript\lib\index.cjs:30:31)
    at Module._compile (node:internal/modules/cjs/loader:1364:14)
    at Module._extensions..js (node:internal/modules/cjs/loader:1422:10)  import/no-duplicates

C:\Users\hp\Documents\New folder\mis-dashboard\src\redux\services\auth\auth.services.tsx
  1:1  warning  Resolve error: Cannot find native binding. npm has a bug related to optional dependencies (https://github.com/npm/cli/issues/4828). Please try `npm i` again after removing both package-lock.json and node_modules directory.
    at Object.<anonymous> (C:\Users\hp\Documents\New folder\mis-dashboard\node_modules\unrs-resolver\index.js:376:11)
    at Module._compile (node:internal/modules/cjs/loader:1364:14)
    at Module._extensions..js (node:internal/modules/cjs/loader:1422:10)
    at Module.load (node:internal/modules/cjs/loader:1203:32)
    at Module._load (node:internal/modules/cjs/loader:1019:12)
    at Module.require (node:internal/modules/cjs/loader:1231:19)
    at require (node:internal/modules/helpers:177:18)
    at Object.<anonymous> (C:\Users\hp\Documents\New folder\mis-dashboard\node_modules\eslint-import-resolver-typescript\lib\index.cjs:30:31)
    at Module._compile (node:internal/modules/cjs/loader:1364:14)
    at Module._extensions..js (node:internal/modules/cjs/loader:1422:10)  import/no-duplicates

C:\Users\hp\Documents\New folder\mis-dashboard\src\redux\services\facades\assessment.services.ts
  1:1  warning  Resolve error: Cannot find native binding. npm has a bug related to optional dependencies (https://github.com/npm/cli/issues/4828). Please try `npm i` again after removing both package-lock.json and node_modules directory.
    at Object.<anonymous> (C:\Users\hp\Documents\New folder\mis-dashboard\node_modules\unrs-resolver\index.js:376:11)
    at Module._compile (node:internal/modules/cjs/loader:1364:14)
    at Module._extensions..js (node:internal/modules/cjs/loader:1422:10)
    at Module.load (node:internal/modules/cjs/loader:1203:32)
    at Module._load (node:internal/modules/cjs/loader:1019:12)
    at Module.require (node:internal/modules/cjs/loader:1231:19)
    at require (node:internal/modules/helpers:177:18)
    at Object.<anonymous> (C:\Users\hp\Documents\New folder\mis-dashboard\node_modules\eslint-import-resolver-typescript\lib\index.cjs:30:31)
    at Module._compile (node:internal/modules/cjs/loader:1364:14)
    at Module._extensions..js (node:internal/modules/cjs/loader:1422:10)  import/no-duplicates

C:\Users\hp\Documents\New folder\mis-dashboard\src\redux\services\http-common.tsx
  1:1  warning  Resolve error: Cannot find native binding. npm has a bug related to optional dependencies (https://github.com/npm/cli/issues/4828). Please try `npm i` again after removing both package-lock.json and node_modules directory.
    at Object.<anonymous> (C:\Users\hp\Documents\New folder\mis-dashboard\node_modules\unrs-resolver\index.js:376:11)
    at Module._compile (node:internal/modules/cjs/loader:1364:14)
    at Module._extensions..js (node:internal/modules/cjs/loader:1422:10)
    at Module.load (node:internal/modules/cjs/loader:1203:32)
    at Module._load (node:internal/modules/cjs/loader:1019:12)
    at Module.require (node:internal/modules/cjs/loader:1231:19)
    at require (node:internal/modules/helpers:177:18)
    at Object.<anonymous> (C:\Users\hp\Documents\New folder\mis-dashboard\node_modules\eslint-import-resolver-typescript\lib\index.cjs:30:31)
    at Module._compile (node:internal/modules/cjs/loader:1364:14)
    at Module._extensions..js (node:internal/modules/cjs/loader:1422:10)  import/no-duplicates

C:\Users\hp\Documents\New folder\mis-dashboard\src\redux\services\shared\socket.services.ts
  1:1  warning  Resolve error: Cannot find native binding. npm has a bug related to optional dependencies (https://github.com/npm/cli/issues/4828). Please try `npm i` again after removing both package-lock.json and node_modules directory.
    at Object.<anonymous> (C:\Users\hp\Documents\New folder\mis-dashboard\node_modules\unrs-resolver\index.js:376:11)
    at Module._compile (node:internal/modules/cjs/loader:1364:14)
    at Module._extensions..js (node:internal/modules/cjs/loader:1422:10)
    at Module.load (node:internal/modules/cjs/loader:1203:32)
    at Module._load (node:internal/modules/cjs/loader:1019:12)
    at Module.require (node:internal/modules/cjs/loader:1231:19)
    at require (node:internal/modules/helpers:177:18)
    at Object.<anonymous> (C:\Users\hp\Documents\New folder\mis-dashboard\node_modules\eslint-import-resolver-typescript\lib\index.cjs:30:31)
    at Module._compile (node:internal/modules/cjs/loader:1364:14)
    at Module._extensions..js (node:internal/modules/cjs/loader:1422:10)  import/no-duplicates

C:\Users\hp\Documents\New folder\mis-dashboard\src\redux\slice\authSlice.tsx
  1:1  warning  Resolve error: Cannot find native binding. npm has a bug related to optional dependencies (https://github.com/npm/cli/issues/4828). Please try `npm i` again after removing both package-lock.json and node_modules directory.
    at Object.<anonymous> (C:\Users\hp\Documents\New folder\mis-dashboard\node_modules\unrs-resolver\index.js:376:11)
    at Module._compile (node:internal/modules/cjs/loader:1364:14)
    at Module._extensions..js (node:internal/modules/cjs/loader:1422:10)
    at Module.load (node:internal/modules/cjs/loader:1203:32)
    at Module._load (node:internal/modules/cjs/loader:1019:12)
    at Module.require (node:internal/modules/cjs/loader:1231:19)
    at require (node:internal/modules/helpers:177:18)
    at Object.<anonymous> (C:\Users\hp\Documents\New folder\mis-dashboard\node_modules\eslint-import-resolver-typescript\lib\index.cjs:30:31)
    at Module._compile (node:internal/modules/cjs/loader:1364:14)
    at Module._extensions..js (node:internal/modules/cjs/loader:1422:10)  import/no-duplicates

C:\Users\hp\Documents\New folder\mis-dashboard\src\routes\routes-admin.tsx
  1:1  warning  Resolve error: Cannot find native binding. npm has a bug related to optional dependencies (https://github.com/npm/cli/issues/4828). Please try `npm i` again after removing both package-lock.json and node_modules directory.
    at Object.<anonymous> (C:\Users\hp\Documents\New folder\mis-dashboard\node_modules\unrs-resolver\index.js:376:11)
    at Module._compile (node:internal/modules/cjs/loader:1364:14)
    at Module._extensions..js (node:internal/modules/cjs/loader:1422:10)
    at Module.load (node:internal/modules/cjs/loader:1203:32)
    at Module._load (node:internal/modules/cjs/loader:1019:12)
    at Module.require (node:internal/modules/cjs/loader:1231:19)
    at require (node:internal/modules/helpers:177:18)
    at Object.<anonymous> (C:\Users\hp\Documents\New folder\mis-dashboard\node_modules\eslint-import-resolver-typescript\lib\index.cjs:30:31)
    at Module._compile (node:internal/modules/cjs/loader:1364:14)
    at Module._extensions..js (node:internal/modules/cjs/loader:1422:10)  import/no-duplicates

C:\Users\hp\Documents\New folder\mis-dashboard\src\routes\routes-auth.tsx
  1:1  warning  Resolve error: Cannot find native binding. npm has a bug related to optional dependencies (https://github.com/npm/cli/issues/4828). Please try `npm i` again after removing both package-lock.json and node_modules directory.
    at Object.<anonymous> (C:\Users\hp\Documents\New folder\mis-dashboard\node_modules\unrs-resolver\index.js:376:11)
    at Module._compile (node:internal/modules/cjs/loader:1364:14)
    at Module._extensions..js (node:internal/modules/cjs/loader:1422:10)
    at Module.load (node:internal/modules/cjs/loader:1203:32)
    at Module._load (node:internal/modules/cjs/loader:1019:12)
    at Module.require (node:internal/modules/cjs/loader:1231:19)
    at require (node:internal/modules/helpers:177:18)
    at Object.<anonymous> (C:\Users\hp\Documents\New folder\mis-dashboard\node_modules\eslint-import-resolver-typescript\lib\index.cjs:30:31)
    at Module._compile (node:internal/modules/cjs/loader:1364:14)
    at Module._extensions..js (node:internal/modules/cjs/loader:1422:10)  import/no-duplicates

C:\Users\hp\Documents\New folder\mis-dashboard\src\routes\routes-bank-dynamic.tsx
  1:1  warning  Resolve error: Cannot find native binding. npm has a bug related to optional dependencies (https://github.com/npm/cli/issues/4828). Please try `npm i` again after removing both package-lock.json and node_modules directory.
    at Object.<anonymous> (C:\Users\hp\Documents\New folder\mis-dashboard\node_modules\unrs-resolver\index.js:376:11)
    at Module._compile (node:internal/modules/cjs/loader:1364:14)
    at Module._extensions..js (node:internal/modules/cjs/loader:1422:10)
    at Module.load (node:internal/modules/cjs/loader:1203:32)
    at Module._load (node:internal/modules/cjs/loader:1019:12)
    at Module.require (node:internal/modules/cjs/loader:1231:19)
    at require (node:internal/modules/helpers:177:18)
    at Object.<anonymous> (C:\Users\hp\Documents\New folder\mis-dashboard\node_modules\eslint-import-resolver-typescript\lib\index.cjs:30:31)
    at Module._compile (node:internal/modules/cjs/loader:1364:14)
    at Module._extensions..js (node:internal/modules/cjs/loader:1422:10)  import/no-duplicates

C:\Users\hp\Documents\New folder\mis-dashboard\src\routes\routes-customer.tsx
  1:1  warning  Resolve error: Cannot find native binding. npm has a bug related to optional dependencies (https://github.com/npm/cli/issues/4828). Please try `npm i` again after removing both package-lock.json and node_modules directory.
    at Object.<anonymous> (C:\Users\hp\Documents\New folder\mis-dashboard\node_modules\unrs-resolver\index.js:376:11)
    at Module._compile (node:internal/modules/cjs/loader:1364:14)
    at Module._extensions..js (node:internal/modules/cjs/loader:1422:10)
    at Module.load (node:internal/modules/cjs/loader:1203:32)
    at Module._load (node:internal/modules/cjs/loader:1019:12)
    at Module.require (node:internal/modules/cjs/loader:1231:19)
    at require (node:internal/modules/helpers:177:18)
    at Object.<anonymous> (C:\Users\hp\Documents\New folder\mis-dashboard\node_modules\eslint-import-resolver-typescript\lib\index.cjs:30:31)
    at Module._compile (node:internal/modules/cjs/loader:1364:14)
    at Module._extensions..js (node:internal/modules/cjs/loader:1422:10)  import/no-duplicates

C:\Users\hp\Documents\New folder\mis-dashboard\src\routes\routes-super-admin.tsx
  1:1  warning  Resolve error: Cannot find native binding. npm has a bug related to optional dependencies (https://github.com/npm/cli/issues/4828). Please try `npm i` again after removing both package-lock.json and node_modules directory.
    at Object.<anonymous> (C:\Users\hp\Documents\New folder\mis-dashboard\node_modules\unrs-resolver\index.js:376:11)
    at Module._compile (node:internal/modules/cjs/loader:1364:14)
    at Module._extensions..js (node:internal/modules/cjs/loader:1422:10)
    at Module.load (node:internal/modules/cjs/loader:1203:32)
    at Module._load (node:internal/modules/cjs/loader:1019:12)
    at Module.require (node:internal/modules/cjs/loader:1231:19)
    at require (node:internal/modules/helpers:177:18)
    at Object.<anonymous> (C:\Users\hp\Documents\New folder\mis-dashboard\node_modules\eslint-import-resolver-typescript\lib\index.cjs:30:31)
    at Module._compile (node:internal/modules/cjs/loader:1364:14)
    at Module._extensions..js (node:internal/modules/cjs/loader:1422:10)  import/no-duplicates

C:\Users\hp\Documents\New folder\mis-dashboard\src\routes\sections.tsx
  1:1  warning  Resolve error: Cannot find native binding. npm has a bug related to optional dependencies (https://github.com/npm/cli/issues/4828). Please try `npm i` again after removing both package-lock.json and node_modules directory.
    at Object.<anonymous> (C:\Users\hp\Documents\New folder\mis-dashboard\node_modules\unrs-resolver\index.js:376:11)
    at Module._compile (node:internal/modules/cjs/loader:1364:14)
    at Module._extensions..js (node:internal/modules/cjs/loader:1422:10)
    at Module.load (node:internal/modules/cjs/loader:1203:32)
    at Module._load (node:internal/modules/cjs/loader:1019:12)
    at Module.require (node:internal/modules/cjs/loader:1231:19)
    at require (node:internal/modules/helpers:177:18)
    at Object.<anonymous> (C:\Users\hp\Documents\New folder\mis-dashboard\node_modules\eslint-import-resolver-typescript\lib\index.cjs:30:31)
    at Module._compile (node:internal/modules/cjs/loader:1364:14)
    at Module._extensions..js (node:internal/modules/cjs/loader:1422:10)  import/no-duplicates

C:\Users\hp\Documents\New folder\mis-dashboard\src\sections\Bankadmin\assessment\assessment-custom-field-dialog.tsx
  1:1  warning  Resolve error: Cannot find native binding. npm has a bug related to optional dependencies (https://github.com/npm/cli/issues/4828). Please try `npm i` again after removing both package-lock.json and node_modules directory.
    at Object.<anonymous> (C:\Users\hp\Documents\New folder\mis-dashboard\node_modules\unrs-resolver\index.js:376:11)
    at Module._compile (node:internal/modules/cjs/loader:1364:14)
    at Module._extensions..js (node:internal/modules/cjs/loader:1422:10)
    at Module.load (node:internal/modules/cjs/loader:1203:32)
    at Module._load (node:internal/modules/cjs/loader:1019:12)
    at Module.require (node:internal/modules/cjs/loader:1231:19)
    at require (node:internal/modules/helpers:177:18)
    at Object.<anonymous> (C:\Users\hp\Documents\New folder\mis-dashboard\node_modules\eslint-import-resolver-typescript\lib\index.cjs:30:31)
    at Module._compile (node:internal/modules/cjs/loader:1364:14)
    at Module._extensions..js (node:internal/modules/cjs/loader:1422:10)  import/no-duplicates

C:\Users\hp\Documents\New folder\mis-dashboard\src\sections\Bankadmin\assessment\assessment-question-dialog.tsx
  1:1  warning  Resolve error: Cannot find native binding. npm has a bug related to optional dependencies (https://github.com/npm/cli/issues/4828). Please try `npm i` again after removing both package-lock.json and node_modules directory.
    at Object.<anonymous> (C:\Users\hp\Documents\New folder\mis-dashboard\node_modules\unrs-resolver\index.js:376:11)
    at Module._compile (node:internal/modules/cjs/loader:1364:14)
    at Module._extensions..js (node:internal/modules/cjs/loader:1422:10)
    at Module.load (node:internal/modules/cjs/loader:1203:32)
    at Module._load (node:internal/modules/cjs/loader:1019:12)
    at Module.require (node:internal/modules/cjs/loader:1231:19)
    at require (node:internal/modules/helpers:177:18)
    at Object.<anonymous> (C:\Users\hp\Documents\New folder\mis-dashboard\node_modules\eslint-import-resolver-typescript\lib\index.cjs:30:31)
    at Module._compile (node:internal/modules/cjs/loader:1364:14)
    at Module._extensions..js (node:internal/modules/cjs/loader:1422:10)  import/no-duplicates

C:\Users\hp\Documents\New folder\mis-dashboard\src\sections\Bankadmin\assessment\view\assessment-view.tsx
  1:1  warning  Resolve error: Cannot find native binding. npm has a bug related to optional dependencies (https://github.com/npm/cli/issues/4828). Please try `npm i` again after removing both package-lock.json and node_modules directory.
    at Object.<anonymous> (C:\Users\hp\Documents\New folder\mis-dashboard\node_modules\unrs-resolver\index.js:376:11)
    at Module._compile (node:internal/modules/cjs/loader:1364:14)
    at Module._extensions..js (node:internal/modules/cjs/loader:1422:10)
    at Module.load (node:internal/modules/cjs/loader:1203:32)
    at Module._load (node:internal/modules/cjs/loader:1019:12)
    at Module.require (node:internal/modules/cjs/loader:1231:19)
    at require (node:internal/modules/helpers:177:18)
    at Object.<anonymous> (C:\Users\hp\Documents\New folder\mis-dashboard\node_modules\eslint-import-resolver-typescript\lib\index.cjs:30:31)
    at Module._compile (node:internal/modules/cjs/loader:1364:14)
    at Module._extensions..js (node:internal/modules/cjs/loader:1422:10)  import/no-duplicates

C:\Users\hp\Documents\New folder\mis-dashboard\src\sections\Bankadmin\borrower\borrower-form-view.tsx
  1:1  warning  Resolve error: Cannot find native binding. npm has a bug related to optional dependencies (https://github.com/npm/cli/issues/4828). Please try `npm i` again after removing both package-lock.json and node_modules directory.
    at Object.<anonymous> (C:\Users\hp\Documents\New folder\mis-dashboard\node_modules\unrs-resolver\index.js:376:11)
    at Module._compile (node:internal/modules/cjs/loader:1364:14)
    at Module._extensions..js (node:internal/modules/cjs/loader:1422:10)
    at Module.load (node:internal/modules/cjs/loader:1203:32)
    at Module._load (node:internal/modules/cjs/loader:1019:12)
    at Module.require (node:internal/modules/cjs/loader:1231:19)
    at require (node:internal/modules/helpers:177:18)
    at Object.<anonymous> (C:\Users\hp\Documents\New folder\mis-dashboard\node_modules\eslint-import-resolver-typescript\lib\index.cjs:30:31)
    at Module._compile (node:internal/modules/cjs/loader:1364:14)
    at Module._extensions..js (node:internal/modules/cjs/loader:1422:10)  import/no-duplicates

C:\Users\hp\Documents\New folder\mis-dashboard\src\sections\Bankadmin\borrower\borrower-table-row.tsx
   1:1  warning  Resolve error: Cannot find native binding. npm has a bug related to optional dependencies (https://github.com/npm/cli/issues/4828). Please try `npm i` again after removing both package-lock.json and node_modules directory.
    at Object.<anonymous> (C:\Users\hp\Documents\New folder\mis-dashboard\node_modules\unrs-resolver\index.js:376:11)
    at Module._compile (node:internal/modules/cjs/loader:1364:14)
    at Module._extensions..js (node:internal/modules/cjs/loader:1422:10)
    at Module.load (node:internal/modules/cjs/loader:1203:32)
    at Module._load (node:internal/modules/cjs/loader:1019:12)
    at Module.require (node:internal/modules/cjs/loader:1231:19)
    at require (node:internal/modules/helpers:177:18)
    at Object.<anonymous> (C:\Users\hp\Documents\New folder\mis-dashboard\node_modules\eslint-import-resolver-typescript\lib\index.cjs:30:31)
    at Module._compile (node:internal/modules/cjs/loader:1364:14)
    at Module._extensions..js (node:internal/modules/cjs/loader:1422:10)  import/no-duplicates
  64:6  warning  React Hook useCallback has a missing dependency: 'handleClosePopover'. Either include it or remove the dependency array                                                                                                                                                                                                                                                                                                                                                                                                                                                                                                                                                                                                                                                                                                                                                                                                                                                                                                                       react-hooks/exhaustive-deps
  69:6  warning  React Hook useCallback has a missing dependency: 'handleClosePopover'. Either include it or remove the dependency array                                                                                                                                                                                                                                                                                                                                                                                                                                                                                                                                                                                                                                                                                                                                                                                                                                                                                                                       react-hooks/exhaustive-deps
  76:6  warning  React Hook useCallback has a missing dependency: 'handleClosePopover'. Either include it or remove the dependency array                                                                                                                                                                                                                                                                                                                                                                                                                                                                                                                                                                                                                                                                                                                                                                                                                                                                                                                       react-hooks/exhaustive-deps

C:\Users\hp\Documents\New folder\mis-dashboard\src\sections\Bankadmin\borrower\borrower-table-toolbar.tsx
  1:1  warning  Resolve error: Cannot find native binding. npm has a bug related to optional dependencies (https://github.com/npm/cli/issues/4828). Please try `npm i` again after removing both package-lock.json and node_modules directory.
    at Object.<anonymous> (C:\Users\hp\Documents\New folder\mis-dashboard\node_modules\unrs-resolver\index.js:376:11)
    at Module._compile (node:internal/modules/cjs/loader:1364:14)
    at Module._extensions..js (node:internal/modules/cjs/loader:1422:10)
    at Module.load (node:internal/modules/cjs/loader:1203:32)
    at Module._load (node:internal/modules/cjs/loader:1019:12)
    at Module.require (node:internal/modules/cjs/loader:1231:19)
    at require (node:internal/modules/helpers:177:18)
    at Object.<anonymous> (C:\Users\hp\Documents\New folder\mis-dashboard\node_modules\eslint-import-resolver-typescript\lib\index.cjs:30:31)
    at Module._compile (node:internal/modules/cjs/loader:1364:14)
    at Module._extensions..js (node:internal/modules/cjs/loader:1422:10)  import/no-duplicates

C:\Users\hp\Documents\New folder\mis-dashboard\src\sections\Bankadmin\borrower\view\borrower-detail-view.tsx
  1:1  warning  Resolve error: Cannot find native binding. npm has a bug related to optional dependencies (https://github.com/npm/cli/issues/4828). Please try `npm i` again after removing both package-lock.json and node_modules directory.
    at Object.<anonymous> (C:\Users\hp\Documents\New folder\mis-dashboard\node_modules\unrs-resolver\index.js:376:11)
    at Module._compile (node:internal/modules/cjs/loader:1364:14)
    at Module._extensions..js (node:internal/modules/cjs/loader:1422:10)
    at Module.load (node:internal/modules/cjs/loader:1203:32)
    at Module._load (node:internal/modules/cjs/loader:1019:12)
    at Module.require (node:internal/modules/cjs/loader:1231:19)
    at require (node:internal/modules/helpers:177:18)
    at Object.<anonymous> (C:\Users\hp\Documents\New folder\mis-dashboard\node_modules\eslint-import-resolver-typescript\lib\index.cjs:30:31)
    at Module._compile (node:internal/modules/cjs/loader:1364:14)
    at Module._extensions..js (node:internal/modules/cjs/loader:1422:10)  import/no-duplicates

C:\Users\hp\Documents\New folder\mis-dashboard\src\sections\Bankadmin\borrower\view\borrower-view.tsx
    1:1  warning  Resolve error: Cannot find native binding. npm has a bug related to optional dependencies (https://github.com/npm/cli/issues/4828). Please try `npm i` again after removing both package-lock.json and node_modules directory.
    at Object.<anonymous> (C:\Users\hp\Documents\New folder\mis-dashboard\node_modules\unrs-resolver\index.js:376:11)
    at Module._compile (node:internal/modules/cjs/loader:1364:14)
    at Module._extensions..js (node:internal/modules/cjs/loader:1422:10)
    at Module.load (node:internal/modules/cjs/loader:1203:32)
    at Module._load (node:internal/modules/cjs/loader:1019:12)
    at Module.require (node:internal/modules/cjs/loader:1231:19)
    at require (node:internal/modules/helpers:177:18)
    at Object.<anonymous> (C:\Users\hp\Documents\New folder\mis-dashboard\node_modules\eslint-import-resolver-typescript\lib\index.cjs:30:31)
    at Module._compile (node:internal/modules/cjs/loader:1364:14)
    at Module._extensions..js (node:internal/modules/cjs/loader:1422:10)  import/no-duplicates
   58:6  warning  React Hook useEffect has a missing dependency: 'fetchBorrowers'. Either include it or remove the dependency array                                                                                                                                                                                                                                                                                                                                                                                                                                                                                                                                                                                                                                                                                                                                                                                                                                                                                                                             react-hooks/exhaustive-deps
  116:9  warning  'handleAddBorrower' is assigned a value but never used                                                                                                                                                                                                                                                                                                                                                                                                                                                                                                                                                                                                                                                                                                                                                                                                                                                                                                                                                                                        @typescript-eslint/no-unused-vars

C:\Users\hp\Documents\New folder\mis-dashboard\src\sections\Bankadmin\credit-proposal-report\credit-proposal-report-table-row.tsx
   1:1   warning  Resolve error: Cannot find native binding. npm has a bug related to optional dependencies (https://github.com/npm/cli/issues/4828). Please try `npm i` again after removing both package-lock.json and node_modules directory.
    at Object.<anonymous> (C:\Users\hp\Documents\New folder\mis-dashboard\node_modules\unrs-resolver\index.js:376:11)
    at Module._compile (node:internal/modules/cjs/loader:1364:14)
    at Module._extensions..js (node:internal/modules/cjs/loader:1422:10)
    at Module.load (node:internal/modules/cjs/loader:1203:32)
    at Module._load (node:internal/modules/cjs/loader:1019:12)
    at Module.require (node:internal/modules/cjs/loader:1231:19)
    at require (node:internal/modules/helpers:177:18)
    at Object.<anonymous> (C:\Users\hp\Documents\New folder\mis-dashboard\node_modules\eslint-import-resolver-typescript\lib\index.cjs:30:31)
    at Module._compile (node:internal/modules/cjs/loader:1364:14)
    at Module._extensions..js (node:internal/modules/cjs/loader:1422:10)  import/no-duplicates
  30:10  warning  'processing' is assigned a value but never used                                                                                                                                                                                                                                                                                                                                                                                                                                                                                                                                                                                                                                                                                                                                                                                                                                                                                                                                                                                               @typescript-eslint/no-unused-vars
  31:9   warning  'isPending' is assigned a value but never used                                                                                                                                                                                                                                                                                                                                                                                                                                                                                                                                                                                                                                                                                                                                                                                                                                                                                                                                                                                                @typescript-eslint/no-unused-vars
  33:9   warning  'handleApprove' is assigned a value but never used                                                                                                                                                                                                                                                                                                                                                                                                                                                                                                                                                                                                                                                                                                                                                                                                                                                                                                                                                                                            @typescript-eslint/no-unused-vars
  39:9   warning  'handleReject' is assigned a value but never used                                                                                                                                                                                                                                                                                                                                                                                                                                                                                                                                                                                                                                                                                                                                                                                                                                                                                                                                                                                             @typescript-eslint/no-unused-vars
  45:9   warning  'getStatusColor' is assigned a value but never used                                                                                                                                                                                                                                                                                                                                                                                                                                                                                                                                                                                                                                                                                                                                                                                                                                                                                                                                                                                           @typescript-eslint/no-unused-vars

C:\Users\hp\Documents\New folder\mis-dashboard\src\sections\Bankadmin\credit-proposal-report\credit-proposal-report-table-toolbar.tsx
  1:1  warning  Resolve error: Cannot find native binding. npm has a bug related to optional dependencies (https://github.com/npm/cli/issues/4828). Please try `npm i` again after removing both package-lock.json and node_modules directory.
    at Object.<anonymous> (C:\Users\hp\Documents\New folder\mis-dashboard\node_modules\unrs-resolver\index.js:376:11)
    at Module._compile (node:internal/modules/cjs/loader:1364:14)
    at Module._extensions..js (node:internal/modules/cjs/loader:1422:10)
    at Module.load (node:internal/modules/cjs/loader:1203:32)
    at Module._load (node:internal/modules/cjs/loader:1019:12)
    at Module.require (node:internal/modules/cjs/loader:1231:19)
    at require (node:internal/modules/helpers:177:18)
    at Object.<anonymous> (C:\Users\hp\Documents\New folder\mis-dashboard\node_modules\eslint-import-resolver-typescript\lib\index.cjs:30:31)
    at Module._compile (node:internal/modules/cjs/loader:1364:14)
    at Module._extensions..js (node:internal/modules/cjs/loader:1422:10)  import/no-duplicates

C:\Users\hp\Documents\New folder\mis-dashboard\src\sections\Bankadmin\credit-proposal-report\utils.ts
  1:1  warning  Resolve error: Cannot find native binding. npm has a bug related to optional dependencies (https://github.com/npm/cli/issues/4828). Please try `npm i` again after removing both package-lock.json and node_modules directory.
    at Object.<anonymous> (C:\Users\hp\Documents\New folder\mis-dashboard\node_modules\unrs-resolver\index.js:376:11)
    at Module._compile (node:internal/modules/cjs/loader:1364:14)
    at Module._extensions..js (node:internal/modules/cjs/loader:1422:10)
    at Module.load (node:internal/modules/cjs/loader:1203:32)
    at Module._load (node:internal/modules/cjs/loader:1019:12)
    at Module.require (node:internal/modules/cjs/loader:1231:19)
    at require (node:internal/modules/helpers:177:18)
    at Object.<anonymous> (C:\Users\hp\Documents\New folder\mis-dashboard\node_modules\eslint-import-resolver-typescript\lib\index.cjs:30:31)
    at Module._compile (node:internal/modules/cjs/loader:1364:14)
    at Module._extensions..js (node:internal/modules/cjs/loader:1422:10)  import/no-duplicates

C:\Users\hp\Documents\New folder\mis-dashboard\src\sections\Bankadmin\credit-proposal-report\view\credit-proposal-report-detail-view.tsx
  1:1  warning  Resolve error: Cannot find native binding. npm has a bug related to optional dependencies (https://github.com/npm/cli/issues/4828). Please try `npm i` again after removing both package-lock.json and node_modules directory.
    at Object.<anonymous> (C:\Users\hp\Documents\New folder\mis-dashboard\node_modules\unrs-resolver\index.js:376:11)
    at Module._compile (node:internal/modules/cjs/loader:1364:14)
    at Module._extensions..js (node:internal/modules/cjs/loader:1422:10)
    at Module.load (node:internal/modules/cjs/loader:1203:32)
    at Module._load (node:internal/modules/cjs/loader:1019:12)
    at Module.require (node:internal/modules/cjs/loader:1231:19)
    at require (node:internal/modules/helpers:177:18)
    at Object.<anonymous> (C:\Users\hp\Documents\New folder\mis-dashboard\node_modules\eslint-import-resolver-typescript\lib\index.cjs:30:31)
    at Module._compile (node:internal/modules/cjs/loader:1364:14)
    at Module._extensions..js (node:internal/modules/cjs/loader:1422:10)  import/no-duplicates

C:\Users\hp\Documents\New folder\mis-dashboard\src\sections\Bankadmin\credit-proposal-report\view\credit-proposal-report-list-view.tsx
    1:1  warning  Resolve error: Cannot find native binding. npm has a bug related to optional dependencies (https://github.com/npm/cli/issues/4828). Please try `npm i` again after removing both package-lock.json and node_modules directory.
    at Object.<anonymous> (C:\Users\hp\Documents\New folder\mis-dashboard\node_modules\unrs-resolver\index.js:376:11)
    at Module._compile (node:internal/modules/cjs/loader:1364:14)
    at Module._extensions..js (node:internal/modules/cjs/loader:1422:10)
    at Module.load (node:internal/modules/cjs/loader:1203:32)
    at Module._load (node:internal/modules/cjs/loader:1019:12)
    at Module.require (node:internal/modules/cjs/loader:1231:19)
    at require (node:internal/modules/helpers:177:18)
    at Object.<anonymous> (C:\Users\hp\Documents\New folder\mis-dashboard\node_modules\eslint-import-resolver-typescript\lib\index.cjs:30:31)
    at Module._compile (node:internal/modules/cjs/loader:1364:14)
    at Module._extensions..js (node:internal/modules/cjs/loader:1422:10)  import/no-duplicates
  179:9  warning  'handleSelectAllRows' is assigned a value but never used                                                                                                                                                                                                                                                                                                                                                                                                                                                                                                                                                                                                                                                                                                                                                                                                                                                                                                                                                                                      @typescript-eslint/no-unused-vars
  190:9  warning  'handleSelectRow' is assigned a value but never used                                                                                                                                                                                                                                                                                                                                                                                                                                                                                                                                                                                                                                                                                                                                                                                                                                                                                                                                                                                          @typescript-eslint/no-unused-vars

C:\Users\hp\Documents\New folder\mis-dashboard\src\sections\Bankadmin\credit-rating\credit-rating-table-row.tsx
  1:1  warning  Resolve error: Cannot find native binding. npm has a bug related to optional dependencies (https://github.com/npm/cli/issues/4828). Please try `npm i` again after removing both package-lock.json and node_modules directory.
    at Object.<anonymous> (C:\Users\hp\Documents\New folder\mis-dashboard\node_modules\unrs-resolver\index.js:376:11)
    at Module._compile (node:internal/modules/cjs/loader:1364:14)
    at Module._extensions..js (node:internal/modules/cjs/loader:1422:10)
    at Module.load (node:internal/modules/cjs/loader:1203:32)
    at Module._load (node:internal/modules/cjs/loader:1019:12)
    at Module.require (node:internal/modules/cjs/loader:1231:19)
    at require (node:internal/modules/helpers:177:18)
    at Object.<anonymous> (C:\Users\hp\Documents\New folder\mis-dashboard\node_modules\eslint-import-resolver-typescript\lib\index.cjs:30:31)
    at Module._compile (node:internal/modules/cjs/loader:1364:14)
    at Module._extensions..js (node:internal/modules/cjs/loader:1422:10)  import/no-duplicates

C:\Users\hp\Documents\New folder\mis-dashboard\src\sections\Bankadmin\credit-rating\credit-rating-table-toolbar.tsx
  1:1  warning  Resolve error: Cannot find native binding. npm has a bug related to optional dependencies (https://github.com/npm/cli/issues/4828). Please try `npm i` again after removing both package-lock.json and node_modules directory.
    at Object.<anonymous> (C:\Users\hp\Documents\New folder\mis-dashboard\node_modules\unrs-resolver\index.js:376:11)
    at Module._compile (node:internal/modules/cjs/loader:1364:14)
    at Module._extensions..js (node:internal/modules/cjs/loader:1422:10)
    at Module.load (node:internal/modules/cjs/loader:1203:32)
    at Module._load (node:internal/modules/cjs/loader:1019:12)
    at Module.require (node:internal/modules/cjs/loader:1231:19)
    at require (node:internal/modules/helpers:177:18)
    at Object.<anonymous> (C:\Users\hp\Documents\New folder\mis-dashboard\node_modules\eslint-import-resolver-typescript\lib\index.cjs:30:31)
    at Module._compile (node:internal/modules/cjs/loader:1364:14)
    at Module._extensions..js (node:internal/modules/cjs/loader:1422:10)  import/no-duplicates

C:\Users\hp\Documents\New folder\mis-dashboard\src\sections\Bankadmin\credit-rating\utils.ts
  1:1  warning  Resolve error: Cannot find native binding. npm has a bug related to optional dependencies (https://github.com/npm/cli/issues/4828). Please try `npm i` again after removing both package-lock.json and node_modules directory.
    at Object.<anonymous> (C:\Users\hp\Documents\New folder\mis-dashboard\node_modules\unrs-resolver\index.js:376:11)
    at Module._compile (node:internal/modules/cjs/loader:1364:14)
    at Module._extensions..js (node:internal/modules/cjs/loader:1422:10)
    at Module.load (node:internal/modules/cjs/loader:1203:32)
    at Module._load (node:internal/modules/cjs/loader:1019:12)
    at Module.require (node:internal/modules/cjs/loader:1231:19)
    at require (node:internal/modules/helpers:177:18)
    at Object.<anonymous> (C:\Users\hp\Documents\New folder\mis-dashboard\node_modules\eslint-import-resolver-typescript\lib\index.cjs:30:31)
    at Module._compile (node:internal/modules/cjs/loader:1364:14)
    at Module._extensions..js (node:internal/modules/cjs/loader:1422:10)  import/no-duplicates

C:\Users\hp\Documents\New folder\mis-dashboard\src\sections\Bankadmin\credit-rating\view\credit-rating-view.tsx
  1:1  warning  Resolve error: Cannot find native binding. npm has a bug related to optional dependencies (https://github.com/npm/cli/issues/4828). Please try `npm i` again after removing both package-lock.json and node_modules directory.
    at Object.<anonymous> (C:\Users\hp\Documents\New folder\mis-dashboard\node_modules\unrs-resolver\index.js:376:11)
    at Module._compile (node:internal/modules/cjs/loader:1364:14)
    at Module._extensions..js (node:internal/modules/cjs/loader:1422:10)
    at Module.load (node:internal/modules/cjs/loader:1203:32)
    at Module._load (node:internal/modules/cjs/loader:1019:12)
    at Module.require (node:internal/modules/cjs/loader:1231:19)
    at require (node:internal/modules/helpers:177:18)
    at Object.<anonymous> (C:\Users\hp\Documents\New folder\mis-dashboard\node_modules\eslint-import-resolver-typescript\lib\index.cjs:30:31)
    at Module._compile (node:internal/modules/cjs/loader:1364:14)
    at Module._extensions..js (node:internal/modules/cjs/loader:1422:10)  import/no-duplicates

C:\Users\hp\Documents\New folder\mis-dashboard\src\sections\Bankadmin\employee\employee-table-row.tsx
   1:1  warning  Resolve error: Cannot find native binding. npm has a bug related to optional dependencies (https://github.com/npm/cli/issues/4828). Please try `npm i` again after removing both package-lock.json and node_modules directory.
    at Object.<anonymous> (C:\Users\hp\Documents\New folder\mis-dashboard\node_modules\unrs-resolver\index.js:376:11)
    at Module._compile (node:internal/modules/cjs/loader:1364:14)
    at Module._extensions..js (node:internal/modules/cjs/loader:1422:10)
    at Module.load (node:internal/modules/cjs/loader:1203:32)
    at Module._load (node:internal/modules/cjs/loader:1019:12)
    at Module.require (node:internal/modules/cjs/loader:1231:19)
    at require (node:internal/modules/helpers:177:18)
    at Object.<anonymous> (C:\Users\hp\Documents\New folder\mis-dashboard\node_modules\eslint-import-resolver-typescript\lib\index.cjs:30:31)
    at Module._compile (node:internal/modules/cjs/loader:1364:14)
    at Module._extensions..js (node:internal/modules/cjs/loader:1422:10)  import/no-duplicates
  54:6  warning  React Hook useCallback has a missing dependency: 'handleClosePopover'. Either include it or remove the dependency array                                                                                                                                                                                                                                                                                                                                                                                                                                                                                                                                                                                                                                                                                                                                                                                                                                                                                                                       react-hooks/exhaustive-deps
  59:6  warning  React Hook useCallback has a missing dependency: 'handleClosePopover'. Either include it or remove the dependency array                                                                                                                                                                                                                                                                                                                                                                                                                                                                                                                                                                                                                                                                                                                                                                                                                                                                                                                       react-hooks/exhaustive-deps

C:\Users\hp\Documents\New folder\mis-dashboard\src\sections\Bankadmin\employee\employee-table-toolbar.tsx
  1:1  warning  Resolve error: Cannot find native binding. npm has a bug related to optional dependencies (https://github.com/npm/cli/issues/4828). Please try `npm i` again after removing both package-lock.json and node_modules directory.
    at Object.<anonymous> (C:\Users\hp\Documents\New folder\mis-dashboard\node_modules\unrs-resolver\index.js:376:11)
    at Module._compile (node:internal/modules/cjs/loader:1364:14)
    at Module._extensions..js (node:internal/modules/cjs/loader:1422:10)
    at Module.load (node:internal/modules/cjs/loader:1203:32)
    at Module._load (node:internal/modules/cjs/loader:1019:12)
    at Module.require (node:internal/modules/cjs/loader:1231:19)
    at require (node:internal/modules/helpers:177:18)
    at Object.<anonymous> (C:\Users\hp\Documents\New folder\mis-dashboard\node_modules\eslint-import-resolver-typescript\lib\index.cjs:30:31)
    at Module._compile (node:internal/modules/cjs/loader:1364:14)
    at Module._extensions..js (node:internal/modules/cjs/loader:1422:10)  import/no-duplicates

C:\Users\hp\Documents\New folder\mis-dashboard\src\sections\Bankadmin\employee\employee-view.tsx
  1:1  warning  Resolve error: Cannot find native binding. npm has a bug related to optional dependencies (https://github.com/npm/cli/issues/4828). Please try `npm i` again after removing both package-lock.json and node_modules directory.
    at Object.<anonymous> (C:\Users\hp\Documents\New folder\mis-dashboard\node_modules\unrs-resolver\index.js:376:11)
    at Module._compile (node:internal/modules/cjs/loader:1364:14)
    at Module._extensions..js (node:internal/modules/cjs/loader:1422:10)
    at Module.load (node:internal/modules/cjs/loader:1203:32)
    at Module._load (node:internal/modules/cjs/loader:1019:12)
    at Module.require (node:internal/modules/cjs/loader:1231:19)
    at require (node:internal/modules/helpers:177:18)
    at Object.<anonymous> (C:\Users\hp\Documents\New folder\mis-dashboard\node_modules\eslint-import-resolver-typescript\lib\index.cjs:30:31)
    at Module._compile (node:internal/modules/cjs/loader:1364:14)
    at Module._extensions..js (node:internal/modules/cjs/loader:1422:10)  import/no-duplicates

C:\Users\hp\Documents\New folder\mis-dashboard\src\sections\Bankadmin\loan-application\loan-application-table-row.tsx
  1:1  warning  Resolve error: Cannot find native binding. npm has a bug related to optional dependencies (https://github.com/npm/cli/issues/4828). Please try `npm i` again after removing both package-lock.json and node_modules directory.
    at Object.<anonymous> (C:\Users\hp\Documents\New folder\mis-dashboard\node_modules\unrs-resolver\index.js:376:11)
    at Module._compile (node:internal/modules/cjs/loader:1364:14)
    at Module._extensions..js (node:internal/modules/cjs/loader:1422:10)
    at Module.load (node:internal/modules/cjs/loader:1203:32)
    at Module._load (node:internal/modules/cjs/loader:1019:12)
    at Module.require (node:internal/modules/cjs/loader:1231:19)
    at require (node:internal/modules/helpers:177:18)
    at Object.<anonymous> (C:\Users\hp\Documents\New folder\mis-dashboard\node_modules\eslint-import-resolver-typescript\lib\index.cjs:30:31)
    at Module._compile (node:internal/modules/cjs/loader:1364:14)
    at Module._extensions..js (node:internal/modules/cjs/loader:1422:10)  import/no-duplicates

C:\Users\hp\Documents\New folder\mis-dashboard\src\sections\Bankadmin\loan-application\loan-application-table-toolbar.tsx
  1:1  warning  Resolve error: Cannot find native binding. npm has a bug related to optional dependencies (https://github.com/npm/cli/issues/4828). Please try `npm i` again after removing both package-lock.json and node_modules directory.
    at Object.<anonymous> (C:\Users\hp\Documents\New folder\mis-dashboard\node_modules\unrs-resolver\index.js:376:11)
    at Module._compile (node:internal/modules/cjs/loader:1364:14)
    at Module._extensions..js (node:internal/modules/cjs/loader:1422:10)
    at Module.load (node:internal/modules/cjs/loader:1203:32)
    at Module._load (node:internal/modules/cjs/loader:1019:12)
    at Module.require (node:internal/modules/cjs/loader:1231:19)
    at require (node:internal/modules/helpers:177:18)
    at Object.<anonymous> (C:\Users\hp\Documents\New folder\mis-dashboard\node_modules\eslint-import-resolver-typescript\lib\index.cjs:30:31)
    at Module._compile (node:internal/modules/cjs/loader:1364:14)
    at Module._extensions..js (node:internal/modules/cjs/loader:1422:10)  import/no-duplicates

C:\Users\hp\Documents\New folder\mis-dashboard\src\sections\Bankadmin\loan-application\view\loan-application-detail-view.tsx
  1:1  warning  Resolve error: Cannot find native binding. npm has a bug related to optional dependencies (https://github.com/npm/cli/issues/4828). Please try `npm i` again after removing both package-lock.json and node_modules directory.
    at Object.<anonymous> (C:\Users\hp\Documents\New folder\mis-dashboard\node_modules\unrs-resolver\index.js:376:11)
    at Module._compile (node:internal/modules/cjs/loader:1364:14)
    at Module._extensions..js (node:internal/modules/cjs/loader:1422:10)
    at Module.load (node:internal/modules/cjs/loader:1203:32)
    at Module._load (node:internal/modules/cjs/loader:1019:12)
    at Module.require (node:internal/modules/cjs/loader:1231:19)
    at require (node:internal/modules/helpers:177:18)
    at Object.<anonymous> (C:\Users\hp\Documents\New folder\mis-dashboard\node_modules\eslint-import-resolver-typescript\lib\index.cjs:30:31)
    at Module._compile (node:internal/modules/cjs/loader:1364:14)
    at Module._extensions..js (node:internal/modules/cjs/loader:1422:10)  import/no-duplicates

C:\Users\hp\Documents\New folder\mis-dashboard\src\sections\Bankadmin\loan-application\view\loan-application-view.tsx
  1:1  warning  Resolve error: Cannot find native binding. npm has a bug related to optional dependencies (https://github.com/npm/cli/issues/4828). Please try `npm i` again after removing both package-lock.json and node_modules directory.
    at Object.<anonymous> (C:\Users\hp\Documents\New folder\mis-dashboard\node_modules\unrs-resolver\index.js:376:11)
    at Module._compile (node:internal/modules/cjs/loader:1364:14)
    at Module._extensions..js (node:internal/modules/cjs/loader:1422:10)
    at Module.load (node:internal/modules/cjs/loader:1203:32)
    at Module._load (node:internal/modules/cjs/loader:1019:12)
    at Module.require (node:internal/modules/cjs/loader:1231:19)
    at require (node:internal/modules/helpers:177:18)
    at Object.<anonymous> (C:\Users\hp\Documents\New folder\mis-dashboard\node_modules\eslint-import-resolver-typescript\lib\index.cjs:30:31)
    at Module._compile (node:internal/modules/cjs/loader:1364:14)
    at Module._extensions..js (node:internal/modules/cjs/loader:1422:10)  import/no-duplicates

C:\Users\hp\Documents\New folder\mis-dashboard\src\sections\Bankadmin\payment\payment-table-row.tsx
   1:1  warning  Resolve error: Cannot find native binding. npm has a bug related to optional dependencies (https://github.com/npm/cli/issues/4828). Please try `npm i` again after removing both package-lock.json and node_modules directory.
    at Object.<anonymous> (C:\Users\hp\Documents\New folder\mis-dashboard\node_modules\unrs-resolver\index.js:376:11)
    at Module._compile (node:internal/modules/cjs/loader:1364:14)
    at Module._extensions..js (node:internal/modules/cjs/loader:1422:10)
    at Module.load (node:internal/modules/cjs/loader:1203:32)
    at Module._load (node:internal/modules/cjs/loader:1019:12)
    at Module.require (node:internal/modules/cjs/loader:1231:19)
    at require (node:internal/modules/helpers:177:18)
    at Object.<anonymous> (C:\Users\hp\Documents\New folder\mis-dashboard\node_modules\eslint-import-resolver-typescript\lib\index.cjs:30:31)
    at Module._compile (node:internal/modules/cjs/loader:1364:14)
    at Module._extensions..js (node:internal/modules/cjs/loader:1422:10)  import/no-duplicates
  50:9  warning  'handleOpenPopover' is assigned a value but never used                                                                                                                                                                                                                                                                                                                                                                                                                                                                                                                                                                                                                                                                                                                                                                                                                                                                                                                                                                                        @typescript-eslint/no-unused-vars

C:\Users\hp\Documents\New folder\mis-dashboard\src\sections\Bankadmin\payment\payment-table-toolbar.tsx
  1:1  warning  Resolve error: Cannot find native binding. npm has a bug related to optional dependencies (https://github.com/npm/cli/issues/4828). Please try `npm i` again after removing both package-lock.json and node_modules directory.
    at Object.<anonymous> (C:\Users\hp\Documents\New folder\mis-dashboard\node_modules\unrs-resolver\index.js:376:11)
    at Module._compile (node:internal/modules/cjs/loader:1364:14)
    at Module._extensions..js (node:internal/modules/cjs/loader:1422:10)
    at Module.load (node:internal/modules/cjs/loader:1203:32)
    at Module._load (node:internal/modules/cjs/loader:1019:12)
    at Module.require (node:internal/modules/cjs/loader:1231:19)
    at require (node:internal/modules/helpers:177:18)
    at Object.<anonymous> (C:\Users\hp\Documents\New folder\mis-dashboard\node_modules\eslint-import-resolver-typescript\lib\index.cjs:30:31)
    at Module._compile (node:internal/modules/cjs/loader:1364:14)
    at Module._extensions..js (node:internal/modules/cjs/loader:1422:10)  import/no-duplicates

C:\Users\hp\Documents\New folder\mis-dashboard\src\sections\Bankadmin\payment\view\payment-view.tsx
    1:1   warning  Resolve error: Cannot find native binding. npm has a bug related to optional dependencies (https://github.com/npm/cli/issues/4828). Please try `npm i` again after removing both package-lock.json and node_modules directory.
    at Object.<anonymous> (C:\Users\hp\Documents\New folder\mis-dashboard\node_modules\unrs-resolver\index.js:376:11)
    at Module._compile (node:internal/modules/cjs/loader:1364:14)
    at Module._extensions..js (node:internal/modules/cjs/loader:1422:10)
    at Module.load (node:internal/modules/cjs/loader:1203:32)
    at Module._load (node:internal/modules/cjs/loader:1019:12)
    at Module.require (node:internal/modules/cjs/loader:1231:19)
    at require (node:internal/modules/helpers:177:18)
    at Object.<anonymous> (C:\Users\hp\Documents\New folder\mis-dashboard\node_modules\eslint-import-resolver-typescript\lib\index.cjs:30:31)
    at Module._compile (node:internal/modules/cjs/loader:1364:14)
    at Module._extensions..js (node:internal/modules/cjs/loader:1422:10)  import/no-duplicates
   37:21  warning  `import()` type annotations are forbidden                                                                                                                                                                                                                                                                                                                                                                                                                                                                                                                                                                                                                                                                                                                                                                                                                                                                                                                                                                                                     @typescript-eslint/consistent-type-imports
   63:52  warning  `import()` type annotations are forbidden                                                                                                                                                                                                                                                                                                                                                                                                                                                                                                                                                                                                                                                                                                                                                                                                                                                                                                                                                                                                     @typescript-eslint/consistent-type-imports
   74:10  warning  `import()` type annotations are forbidden                                                                                                                                                                                                                                                                                                                                                                                                                                                                                                                                                                                                                                                                                                                                                                                                                                                                                                                                                                                                     @typescript-eslint/consistent-type-imports
   75:6   warning  React Hook useCallback has a missing dependency: 'validPaymentTypes'. Either include it or remove the dependency array                                                                                                                                                                                                                                                                                                                                                                                                                                                                                                                                                                                                                                                                                                                                                                                                                                                                                                                        react-hooks/exhaustive-deps
  156:9   warning  'handlePaymentTypeChange' is assigned a value but never used                                                                                                                                                                                                                                                                                                                                                                                                                                                                                                                                                                                                                                                                                                                                                                                                                                                                                                                                                                                  @typescript-eslint/no-unused-vars

C:\Users\hp\Documents\New folder\mis-dashboard\src\sections\Bankadmin\recovery\recovery-table-row.tsx
  1:1  warning  Resolve error: Cannot find native binding. npm has a bug related to optional dependencies (https://github.com/npm/cli/issues/4828). Please try `npm i` again after removing both package-lock.json and node_modules directory.
    at Object.<anonymous> (C:\Users\hp\Documents\New folder\mis-dashboard\node_modules\unrs-resolver\index.js:376:11)
    at Module._compile (node:internal/modules/cjs/loader:1364:14)
    at Module._extensions..js (node:internal/modules/cjs/loader:1422:10)
    at Module.load (node:internal/modules/cjs/loader:1203:32)
    at Module._load (node:internal/modules/cjs/loader:1019:12)
    at Module.require (node:internal/modules/cjs/loader:1231:19)
    at require (node:internal/modules/helpers:177:18)
    at Object.<anonymous> (C:\Users\hp\Documents\New folder\mis-dashboard\node_modules\eslint-import-resolver-typescript\lib\index.cjs:30:31)
    at Module._compile (node:internal/modules/cjs/loader:1364:14)
    at Module._extensions..js (node:internal/modules/cjs/loader:1422:10)  import/no-duplicates

C:\Users\hp\Documents\New folder\mis-dashboard\src\sections\Bankadmin\recovery\recovery-table-toolbar.tsx
  1:1  warning  Resolve error: Cannot find native binding. npm has a bug related to optional dependencies (https://github.com/npm/cli/issues/4828). Please try `npm i` again after removing both package-lock.json and node_modules directory.
    at Object.<anonymous> (C:\Users\hp\Documents\New folder\mis-dashboard\node_modules\unrs-resolver\index.js:376:11)
    at Module._compile (node:internal/modules/cjs/loader:1364:14)
    at Module._extensions..js (node:internal/modules/cjs/loader:1422:10)
    at Module.load (node:internal/modules/cjs/loader:1203:32)
    at Module._load (node:internal/modules/cjs/loader:1019:12)
    at Module.require (node:internal/modules/cjs/loader:1231:19)
    at require (node:internal/modules/helpers:177:18)
    at Object.<anonymous> (C:\Users\hp\Documents\New folder\mis-dashboard\node_modules\eslint-import-resolver-typescript\lib\index.cjs:30:31)
    at Module._compile (node:internal/modules/cjs/loader:1364:14)
    at Module._extensions..js (node:internal/modules/cjs/loader:1422:10)  import/no-duplicates

C:\Users\hp\Documents\New folder\mis-dashboard\src\sections\Bankadmin\recovery\view\recovery-view.tsx
    1:1   warning  Resolve error: Cannot find native binding. npm has a bug related to optional dependencies (https://github.com/npm/cli/issues/4828). Please try `npm i` again after removing both package-lock.json and node_modules directory.
    at Object.<anonymous> (C:\Users\hp\Documents\New folder\mis-dashboard\node_modules\unrs-resolver\index.js:376:11)
    at Module._compile (node:internal/modules/cjs/loader:1364:14)
    at Module._extensions..js (node:internal/modules/cjs/loader:1422:10)
    at Module.load (node:internal/modules/cjs/loader:1203:32)
    at Module._load (node:internal/modules/cjs/loader:1019:12)
    at Module.require (node:internal/modules/cjs/loader:1231:19)
    at require (node:internal/modules/helpers:177:18)
    at Object.<anonymous> (C:\Users\hp\Documents\New folder\mis-dashboard\node_modules\eslint-import-resolver-typescript\lib\index.cjs:30:31)
    at Module._compile (node:internal/modules/cjs/loader:1364:14)
    at Module._extensions..js (node:internal/modules/cjs/loader:1422:10)  import/no-duplicates
  416:24  warning  'setStatusFilter' is assigned a value but never used                                                                                                                                                                                                                                                                                                                                                                                                                                                                                                                                                                                                                                                                                                                                                                                                                                                                                                                                                                                          @typescript-eslint/no-unused-vars

C:\Users\hp\Documents\New folder\mis-dashboard\src\sections\Bankadmin\report\report-table-row.tsx
  1:1  warning  Resolve error: Cannot find native binding. npm has a bug related to optional dependencies (https://github.com/npm/cli/issues/4828). Please try `npm i` again after removing both package-lock.json and node_modules directory.
    at Object.<anonymous> (C:\Users\hp\Documents\New folder\mis-dashboard\node_modules\unrs-resolver\index.js:376:11)
    at Module._compile (node:internal/modules/cjs/loader:1364:14)
    at Module._extensions..js (node:internal/modules/cjs/loader:1422:10)
    at Module.load (node:internal/modules/cjs/loader:1203:32)
    at Module._load (node:internal/modules/cjs/loader:1019:12)
    at Module.require (node:internal/modules/cjs/loader:1231:19)
    at require (node:internal/modules/helpers:177:18)
    at Object.<anonymous> (C:\Users\hp\Documents\New folder\mis-dashboard\node_modules\eslint-import-resolver-typescript\lib\index.cjs:30:31)
    at Module._compile (node:internal/modules/cjs/loader:1364:14)
    at Module._extensions..js (node:internal/modules/cjs/loader:1422:10)  import/no-duplicates

C:\Users\hp\Documents\New folder\mis-dashboard\src\sections\Bankadmin\report\report-table-toolbar.tsx
  1:1  warning  Resolve error: Cannot find native binding. npm has a bug related to optional dependencies (https://github.com/npm/cli/issues/4828). Please try `npm i` again after removing both package-lock.json and node_modules directory.
    at Object.<anonymous> (C:\Users\hp\Documents\New folder\mis-dashboard\node_modules\unrs-resolver\index.js:376:11)
    at Module._compile (node:internal/modules/cjs/loader:1364:14)
    at Module._extensions..js (node:internal/modules/cjs/loader:1422:10)
    at Module.load (node:internal/modules/cjs/loader:1203:32)
    at Module._load (node:internal/modules/cjs/loader:1019:12)
    at Module.require (node:internal/modules/cjs/loader:1231:19)
    at require (node:internal/modules/helpers:177:18)
    at Object.<anonymous> (C:\Users\hp\Documents\New folder\mis-dashboard\node_modules\eslint-import-resolver-typescript\lib\index.cjs:30:31)
    at Module._compile (node:internal/modules/cjs/loader:1364:14)
    at Module._extensions..js (node:internal/modules/cjs/loader:1422:10)  import/no-duplicates

C:\Users\hp\Documents\New folder\mis-dashboard\src\sections\Bankadmin\report\utils.ts
  1:1  warning  Resolve error: Cannot find native binding. npm has a bug related to optional dependencies (https://github.com/npm/cli/issues/4828). Please try `npm i` again after removing both package-lock.json and node_modules directory.
    at Object.<anonymous> (C:\Users\hp\Documents\New folder\mis-dashboard\node_modules\unrs-resolver\index.js:376:11)
    at Module._compile (node:internal/modules/cjs/loader:1364:14)
    at Module._extensions..js (node:internal/modules/cjs/loader:1422:10)
    at Module.load (node:internal/modules/cjs/loader:1203:32)
    at Module._load (node:internal/modules/cjs/loader:1019:12)
    at Module.require (node:internal/modules/cjs/loader:1231:19)
    at require (node:internal/modules/helpers:177:18)
    at Object.<anonymous> (C:\Users\hp\Documents\New folder\mis-dashboard\node_modules\eslint-import-resolver-typescript\lib\index.cjs:30:31)
    at Module._compile (node:internal/modules/cjs/loader:1364:14)
    at Module._extensions..js (node:internal/modules/cjs/loader:1422:10)  import/no-duplicates

C:\Users\hp\Documents\New folder\mis-dashboard\src\sections\Bankadmin\report\view\report-view.tsx
  1:1  warning  Resolve error: Cannot find native binding. npm has a bug related to optional dependencies (https://github.com/npm/cli/issues/4828). Please try `npm i` again after removing both package-lock.json and node_modules directory.
    at Object.<anonymous> (C:\Users\hp\Documents\New folder\mis-dashboard\node_modules\unrs-resolver\index.js:376:11)
    at Module._compile (node:internal/modules/cjs/loader:1364:14)
    at Module._extensions..js (node:internal/modules/cjs/loader:1422:10)
    at Module.load (node:internal/modules/cjs/loader:1203:32)
    at Module._load (node:internal/modules/cjs/loader:1019:12)
    at Module.require (node:internal/modules/cjs/loader:1231:19)
    at require (node:internal/modules/helpers:177:18)
    at Object.<anonymous> (C:\Users\hp\Documents\New folder\mis-dashboard\node_modules\eslint-import-resolver-typescript\lib\index.cjs:30:31)
    at Module._compile (node:internal/modules/cjs/loader:1364:14)
    at Module._extensions..js (node:internal/modules/cjs/loader:1422:10)  import/no-duplicates

C:\Users\hp\Documents\New folder\mis-dashboard\src\sections\Bankadmin\settings\settings-view.tsx
  1:1  warning  Resolve error: Cannot find native binding. npm has a bug related to optional dependencies (https://github.com/npm/cli/issues/4828). Please try `npm i` again after removing both package-lock.json and node_modules directory.
    at Object.<anonymous> (C:\Users\hp\Documents\New folder\mis-dashboard\node_modules\unrs-resolver\index.js:376:11)
    at Module._compile (node:internal/modules/cjs/loader:1364:14)
    at Module._extensions..js (node:internal/modules/cjs/loader:1422:10)
    at Module.load (node:internal/modules/cjs/loader:1203:32)
    at Module._load (node:internal/modules/cjs/loader:1019:12)
    at Module.require (node:internal/modules/cjs/loader:1231:19)
    at require (node:internal/modules/helpers:177:18)
    at Object.<anonymous> (C:\Users\hp\Documents\New folder\mis-dashboard\node_modules\eslint-import-resolver-typescript\lib\index.cjs:30:31)
    at Module._compile (node:internal/modules/cjs/loader:1364:14)
    at Module._extensions..js (node:internal/modules/cjs/loader:1422:10)  import/no-duplicates

C:\Users\hp\Documents\New folder\mis-dashboard\src\sections\Employee\recovery\my-cases-view.tsx
  1:1  warning  Resolve error: Cannot find native binding. npm has a bug related to optional dependencies (https://github.com/npm/cli/issues/4828). Please try `npm i` again after removing both package-lock.json and node_modules directory.
    at Object.<anonymous> (C:\Users\hp\Documents\New folder\mis-dashboard\node_modules\unrs-resolver\index.js:376:11)
    at Module._compile (node:internal/modules/cjs/loader:1364:14)
    at Module._extensions..js (node:internal/modules/cjs/loader:1422:10)
    at Module.load (node:internal/modules/cjs/loader:1203:32)
    at Module._load (node:internal/modules/cjs/loader:1019:12)
    at Module.require (node:internal/modules/cjs/loader:1231:19)
    at require (node:internal/modules/helpers:177:18)
    at Object.<anonymous> (C:\Users\hp\Documents\New folder\mis-dashboard\node_modules\eslint-import-resolver-typescript\lib\index.cjs:30:31)
    at Module._compile (node:internal/modules/cjs/loader:1364:14)
    at Module._extensions..js (node:internal/modules/cjs/loader:1422:10)  import/no-duplicates

C:\Users\hp\Documents\New folder\mis-dashboard\src\sections\Superadmin\bank\bank-status-dialog.tsx
  1:1  warning  Resolve error: Cannot find native binding. npm has a bug related to optional dependencies (https://github.com/npm/cli/issues/4828). Please try `npm i` again after removing both package-lock.json and node_modules directory.
    at Object.<anonymous> (C:\Users\hp\Documents\New folder\mis-dashboard\node_modules\unrs-resolver\index.js:376:11)
    at Module._compile (node:internal/modules/cjs/loader:1364:14)
    at Module._extensions..js (node:internal/modules/cjs/loader:1422:10)
    at Module.load (node:internal/modules/cjs/loader:1203:32)
    at Module._load (node:internal/modules/cjs/loader:1019:12)
    at Module.require (node:internal/modules/cjs/loader:1231:19)
    at require (node:internal/modules/helpers:177:18)
    at Object.<anonymous> (C:\Users\hp\Documents\New folder\mis-dashboard\node_modules\eslint-import-resolver-typescript\lib\index.cjs:30:31)
    at Module._compile (node:internal/modules/cjs/loader:1364:14)
    at Module._extensions..js (node:internal/modules/cjs/loader:1422:10)  import/no-duplicates

C:\Users\hp\Documents\New folder\mis-dashboard\src\sections\Superadmin\bank\bank-table-row.tsx
  1:1  warning  Resolve error: Cannot find native binding. npm has a bug related to optional dependencies (https://github.com/npm/cli/issues/4828). Please try `npm i` again after removing both package-lock.json and node_modules directory.
    at Object.<anonymous> (C:\Users\hp\Documents\New folder\mis-dashboard\node_modules\unrs-resolver\index.js:376:11)
    at Module._compile (node:internal/modules/cjs/loader:1364:14)
    at Module._extensions..js (node:internal/modules/cjs/loader:1422:10)
    at Module.load (node:internal/modules/cjs/loader:1203:32)
    at Module._load (node:internal/modules/cjs/loader:1019:12)
    at Module.require (node:internal/modules/cjs/loader:1231:19)
    at require (node:internal/modules/helpers:177:18)
    at Object.<anonymous> (C:\Users\hp\Documents\New folder\mis-dashboard\node_modules\eslint-import-resolver-typescript\lib\index.cjs:30:31)
    at Module._compile (node:internal/modules/cjs/loader:1364:14)
    at Module._extensions..js (node:internal/modules/cjs/loader:1422:10)  import/no-duplicates

C:\Users\hp\Documents\New folder\mis-dashboard\src\sections\Superadmin\bank\bank-table-toolbar.tsx
  1:1  warning  Resolve error: Cannot find native binding. npm has a bug related to optional dependencies (https://github.com/npm/cli/issues/4828). Please try `npm i` again after removing both package-lock.json and node_modules directory.
    at Object.<anonymous> (C:\Users\hp\Documents\New folder\mis-dashboard\node_modules\unrs-resolver\index.js:376:11)
    at Module._compile (node:internal/modules/cjs/loader:1364:14)
    at Module._extensions..js (node:internal/modules/cjs/loader:1422:10)
    at Module.load (node:internal/modules/cjs/loader:1203:32)
    at Module._load (node:internal/modules/cjs/loader:1019:12)
    at Module.require (node:internal/modules/cjs/loader:1231:19)
    at require (node:internal/modules/helpers:177:18)
    at Object.<anonymous> (C:\Users\hp\Documents\New folder\mis-dashboard\node_modules\eslint-import-resolver-typescript\lib\index.cjs:30:31)
    at Module._compile (node:internal/modules/cjs/loader:1364:14)
    at Module._extensions..js (node:internal/modules/cjs/loader:1422:10)  import/no-duplicates

C:\Users\hp\Documents\New folder\mis-dashboard\src\sections\Superadmin\bank\bank-view-dialog.tsx
  1:1  warning  Resolve error: Cannot find native binding. npm has a bug related to optional dependencies (https://github.com/npm/cli/issues/4828). Please try `npm i` again after removing both package-lock.json and node_modules directory.
    at Object.<anonymous> (C:\Users\hp\Documents\New folder\mis-dashboard\node_modules\unrs-resolver\index.js:376:11)
    at Module._compile (node:internal/modules/cjs/loader:1364:14)
    at Module._extensions..js (node:internal/modules/cjs/loader:1422:10)
    at Module.load (node:internal/modules/cjs/loader:1203:32)
    at Module._load (node:internal/modules/cjs/loader:1019:12)
    at Module.require (node:internal/modules/cjs/loader:1231:19)
    at require (node:internal/modules/helpers:177:18)
    at Object.<anonymous> (C:\Users\hp\Documents\New folder\mis-dashboard\node_modules\eslint-import-resolver-typescript\lib\index.cjs:30:31)
    at Module._compile (node:internal/modules/cjs/loader:1364:14)
    at Module._extensions..js (node:internal/modules/cjs/loader:1422:10)  import/no-duplicates

C:\Users\hp\Documents\New folder\mis-dashboard\src\sections\Superadmin\bank\form\bank-form-view.tsx
  1:1  warning  Resolve error: Cannot find native binding. npm has a bug related to optional dependencies (https://github.com/npm/cli/issues/4828). Please try `npm i` again after removing both package-lock.json and node_modules directory.
    at Object.<anonymous> (C:\Users\hp\Documents\New folder\mis-dashboard\node_modules\unrs-resolver\index.js:376:11)
    at Module._compile (node:internal/modules/cjs/loader:1364:14)
    at Module._extensions..js (node:internal/modules/cjs/loader:1422:10)
    at Module.load (node:internal/modules/cjs/loader:1203:32)
    at Module._load (node:internal/modules/cjs/loader:1019:12)
    at Module.require (node:internal/modules/cjs/loader:1231:19)
    at require (node:internal/modules/helpers:177:18)
    at Object.<anonymous> (C:\Users\hp\Documents\New folder\mis-dashboard\node_modules\eslint-import-resolver-typescript\lib\index.cjs:30:31)
    at Module._compile (node:internal/modules/cjs/loader:1364:14)
    at Module._extensions..js (node:internal/modules/cjs/loader:1422:10)  import/no-duplicates

C:\Users\hp\Documents\New folder\mis-dashboard\src\sections\Superadmin\bank\payments\bank-payment-dialog.tsx
   1:1   warning  Resolve error: Cannot find native binding. npm has a bug related to optional dependencies (https://github.com/npm/cli/issues/4828). Please try `npm i` again after removing both package-lock.json and node_modules directory.
    at Object.<anonymous> (C:\Users\hp\Documents\New folder\mis-dashboard\node_modules\unrs-resolver\index.js:376:11)
    at Module._compile (node:internal/modules/cjs/loader:1364:14)
    at Module._extensions..js (node:internal/modules/cjs/loader:1422:10)
    at Module.load (node:internal/modules/cjs/loader:1203:32)
    at Module._load (node:internal/modules/cjs/loader:1019:12)
    at Module.require (node:internal/modules/cjs/loader:1231:19)
    at require (node:internal/modules/helpers:177:18)
    at Object.<anonymous> (C:\Users\hp\Documents\New folder\mis-dashboard\node_modules\eslint-import-resolver-typescript\lib\index.cjs:30:31)
    at Module._compile (node:internal/modules/cjs/loader:1364:14)
    at Module._extensions..js (node:internal/modules/cjs/loader:1422:10)  import/no-duplicates
  67:10  warning  'paymentId' is assigned a value but never used                                                                                                                                                                                                                                                                                                                                                                                                                                                                                                                                                                                                                                                                                                                                                                                                                                                                                                                                                                                                @typescript-eslint/no-unused-vars

C:\Users\hp\Documents\New folder\mis-dashboard\src\sections\Superadmin\bank\payments\bank-payments-view.tsx
  1:1  warning  Resolve error: Cannot find native binding. npm has a bug related to optional dependencies (https://github.com/npm/cli/issues/4828). Please try `npm i` again after removing both package-lock.json and node_modules directory.
    at Object.<anonymous> (C:\Users\hp\Documents\New folder\mis-dashboard\node_modules\unrs-resolver\index.js:376:11)
    at Module._compile (node:internal/modules/cjs/loader:1364:14)
    at Module._extensions..js (node:internal/modules/cjs/loader:1422:10)
    at Module.load (node:internal/modules/cjs/loader:1203:32)
    at Module._load (node:internal/modules/cjs/loader:1019:12)
    at Module.require (node:internal/modules/cjs/loader:1231:19)
    at require (node:internal/modules/helpers:177:18)
    at Object.<anonymous> (C:\Users\hp\Documents\New folder\mis-dashboard\node_modules\eslint-import-resolver-typescript\lib\index.cjs:30:31)
    at Module._compile (node:internal/modules/cjs/loader:1364:14)
    at Module._extensions..js (node:internal/modules/cjs/loader:1422:10)  import/no-duplicates

C:\Users\hp\Documents\New folder\mis-dashboard\src\sections\Superadmin\bank\view\bank-details-view.tsx
  1:1  warning  Resolve error: Cannot find native binding. npm has a bug related to optional dependencies (https://github.com/npm/cli/issues/4828). Please try `npm i` again after removing both package-lock.json and node_modules directory.
    at Object.<anonymous> (C:\Users\hp\Documents\New folder\mis-dashboard\node_modules\unrs-resolver\index.js:376:11)
    at Module._compile (node:internal/modules/cjs/loader:1364:14)
    at Module._extensions..js (node:internal/modules/cjs/loader:1422:10)
    at Module.load (node:internal/modules/cjs/loader:1203:32)
    at Module._load (node:internal/modules/cjs/loader:1019:12)
    at Module.require (node:internal/modules/cjs/loader:1231:19)
    at require (node:internal/modules/helpers:177:18)
    at Object.<anonymous> (C:\Users\hp\Documents\New folder\mis-dashboard\node_modules\eslint-import-resolver-typescript\lib\index.cjs:30:31)
    at Module._compile (node:internal/modules/cjs/loader:1364:14)
    at Module._extensions..js (node:internal/modules/cjs/loader:1422:10)  import/no-duplicates

C:\Users\hp\Documents\New folder\mis-dashboard\src\sections\Superadmin\bank\view\bank-view.tsx
    1:1  warning  Resolve error: Cannot find native binding. npm has a bug related to optional dependencies (https://github.com/npm/cli/issues/4828). Please try `npm i` again after removing both package-lock.json and node_modules directory.
    at Object.<anonymous> (C:\Users\hp\Documents\New folder\mis-dashboard\node_modules\unrs-resolver\index.js:376:11)
    at Module._compile (node:internal/modules/cjs/loader:1364:14)
    at Module._extensions..js (node:internal/modules/cjs/loader:1422:10)
    at Module.load (node:internal/modules/cjs/loader:1203:32)
    at Module._load (node:internal/modules/cjs/loader:1019:12)
    at Module.require (node:internal/modules/cjs/loader:1231:19)
    at require (node:internal/modules/helpers:177:18)
    at Object.<anonymous> (C:\Users\hp\Documents\New folder\mis-dashboard\node_modules\eslint-import-resolver-typescript\lib\index.cjs:30:31)
    at Module._compile (node:internal/modules/cjs/loader:1364:14)
    at Module._extensions..js (node:internal/modules/cjs/loader:1422:10)  import/no-duplicates
  134:9  warning  'handleUpdateStatus' is assigned a value but never used                                                                                                                                                                                                                                                                                                                                                                                                                                                                                                                                                                                                                                                                                                                                                                                                                                                                                                                                                                                       @typescript-eslint/no-unused-vars

C:\Users\hp\Documents\New folder\mis-dashboard\src\sections\Superadmin\settings\settings-view.tsx
  1:1  warning  Resolve error: Cannot find native binding. npm has a bug related to optional dependencies (https://github.com/npm/cli/issues/4828). Please try `npm i` again after removing both package-lock.json and node_modules directory.
    at Object.<anonymous> (C:\Users\hp\Documents\New folder\mis-dashboard\node_modules\unrs-resolver\index.js:376:11)
    at Module._compile (node:internal/modules/cjs/loader:1364:14)
    at Module._extensions..js (node:internal/modules/cjs/loader:1422:10)
    at Module.load (node:internal/modules/cjs/loader:1203:32)
    at Module._load (node:internal/modules/cjs/loader:1019:12)
    at Module.require (node:internal/modules/cjs/loader:1231:19)
    at require (node:internal/modules/helpers:177:18)
    at Object.<anonymous> (C:\Users\hp\Documents\New folder\mis-dashboard\node_modules\eslint-import-resolver-typescript\lib\index.cjs:30:31)
    at Module._compile (node:internal/modules/cjs/loader:1364:14)
    at Module._extensions..js (node:internal/modules/cjs/loader:1422:10)  import/no-duplicates

C:\Users\hp\Documents\New folder\mis-dashboard\src\sections\Superadmin\subscription\subscription-required-view.tsx
  1:1  warning  Resolve error: Cannot find native binding. npm has a bug related to optional dependencies (https://github.com/npm/cli/issues/4828). Please try `npm i` again after removing both package-lock.json and node_modules directory.
    at Object.<anonymous> (C:\Users\hp\Documents\New folder\mis-dashboard\node_modules\unrs-resolver\index.js:376:11)
    at Module._compile (node:internal/modules/cjs/loader:1364:14)
    at Module._extensions..js (node:internal/modules/cjs/loader:1422:10)
    at Module.load (node:internal/modules/cjs/loader:1203:32)
    at Module._load (node:internal/modules/cjs/loader:1019:12)
    at Module.require (node:internal/modules/cjs/loader:1231:19)
    at require (node:internal/modules/helpers:177:18)
    at Object.<anonymous> (C:\Users\hp\Documents\New folder\mis-dashboard\node_modules\eslint-import-resolver-typescript\lib\index.cjs:30:31)
    at Module._compile (node:internal/modules/cjs/loader:1364:14)
    at Module._extensions..js (node:internal/modules/cjs/loader:1422:10)  import/no-duplicates

C:\Users\hp\Documents\New folder\mis-dashboard\src\sections\Superadmin\user\user-table-row.tsx
  1:1  warning  Resolve error: Cannot find native binding. npm has a bug related to optional dependencies (https://github.com/npm/cli/issues/4828). Please try `npm i` again after removing both package-lock.json and node_modules directory.
    at Object.<anonymous> (C:\Users\hp\Documents\New folder\mis-dashboard\node_modules\unrs-resolver\index.js:376:11)
    at Module._compile (node:internal/modules/cjs/loader:1364:14)
    at Module._extensions..js (node:internal/modules/cjs/loader:1422:10)
    at Module.load (node:internal/modules/cjs/loader:1203:32)
    at Module._load (node:internal/modules/cjs/loader:1019:12)
    at Module.require (node:internal/modules/cjs/loader:1231:19)
    at require (node:internal/modules/helpers:177:18)
    at Object.<anonymous> (C:\Users\hp\Documents\New folder\mis-dashboard\node_modules\eslint-import-resolver-typescript\lib\index.cjs:30:31)
    at Module._compile (node:internal/modules/cjs/loader:1364:14)
    at Module._extensions..js (node:internal/modules/cjs/loader:1422:10)  import/no-duplicates

C:\Users\hp\Documents\New folder\mis-dashboard\src\sections\Superadmin\user\user-table-toolbar.tsx
  1:1  warning  Resolve error: Cannot find native binding. npm has a bug related to optional dependencies (https://github.com/npm/cli/issues/4828). Please try `npm i` again after removing both package-lock.json and node_modules directory.
    at Object.<anonymous> (C:\Users\hp\Documents\New folder\mis-dashboard\node_modules\unrs-resolver\index.js:376:11)
    at Module._compile (node:internal/modules/cjs/loader:1364:14)
    at Module._extensions..js (node:internal/modules/cjs/loader:1422:10)
    at Module.load (node:internal/modules/cjs/loader:1203:32)
    at Module._load (node:internal/modules/cjs/loader:1019:12)
    at Module.require (node:internal/modules/cjs/loader:1231:19)
    at require (node:internal/modules/helpers:177:18)
    at Object.<anonymous> (C:\Users\hp\Documents\New folder\mis-dashboard\node_modules\eslint-import-resolver-typescript\lib\index.cjs:30:31)
    at Module._compile (node:internal/modules/cjs/loader:1364:14)
    at Module._extensions..js (node:internal/modules/cjs/loader:1422:10)  import/no-duplicates

C:\Users\hp\Documents\New folder\mis-dashboard\src\sections\Superadmin\user\view\user-view.tsx
  1:1  warning  Resolve error: Cannot find native binding. npm has a bug related to optional dependencies (https://github.com/npm/cli/issues/4828). Please try `npm i` again after removing both package-lock.json and node_modules directory.
    at Object.<anonymous> (C:\Users\hp\Documents\New folder\mis-dashboard\node_modules\unrs-resolver\index.js:376:11)
    at Module._compile (node:internal/modules/cjs/loader:1364:14)
    at Module._extensions..js (node:internal/modules/cjs/loader:1422:10)
    at Module.load (node:internal/modules/cjs/loader:1203:32)
    at Module._load (node:internal/modules/cjs/loader:1019:12)
    at Module.require (node:internal/modules/cjs/loader:1231:19)
    at require (node:internal/modules/helpers:177:18)
    at Object.<anonymous> (C:\Users\hp\Documents\New folder\mis-dashboard\node_modules\eslint-import-resolver-typescript\lib\index.cjs:30:31)
    at Module._compile (node:internal/modules/cjs/loader:1364:14)
    at Module._extensions..js (node:internal/modules/cjs/loader:1422:10)  import/no-duplicates

C:\Users\hp\Documents\New folder\mis-dashboard\src\sections\auth\forgot-password-admin-view.tsx
  1:1  warning  Resolve error: Cannot find native binding. npm has a bug related to optional dependencies (https://github.com/npm/cli/issues/4828). Please try `npm i` again after removing both package-lock.json and node_modules directory.
    at Object.<anonymous> (C:\Users\hp\Documents\New folder\mis-dashboard\node_modules\unrs-resolver\index.js:376:11)
    at Module._compile (node:internal/modules/cjs/loader:1364:14)
    at Module._extensions..js (node:internal/modules/cjs/loader:1422:10)
    at Module.load (node:internal/modules/cjs/loader:1203:32)
    at Module._load (node:internal/modules/cjs/loader:1019:12)
    at Module.require (node:internal/modules/cjs/loader:1231:19)
    at require (node:internal/modules/helpers:177:18)
    at Object.<anonymous> (C:\Users\hp\Documents\New folder\mis-dashboard\node_modules\eslint-import-resolver-typescript\lib\index.cjs:30:31)
    at Module._compile (node:internal/modules/cjs/loader:1364:14)
    at Module._extensions..js (node:internal/modules/cjs/loader:1422:10)  import/no-duplicates

C:\Users\hp\Documents\New folder\mis-dashboard\src\sections\auth\forgot-password-view.tsx
  1:1  warning  Resolve error: Cannot find native binding. npm has a bug related to optional dependencies (https://github.com/npm/cli/issues/4828). Please try `npm i` again after removing both package-lock.json and node_modules directory.
    at Object.<anonymous> (C:\Users\hp\Documents\New folder\mis-dashboard\node_modules\unrs-resolver\index.js:376:11)
    at Module._compile (node:internal/modules/cjs/loader:1364:14)
    at Module._extensions..js (node:internal/modules/cjs/loader:1422:10)
    at Module.load (node:internal/modules/cjs/loader:1203:32)
    at Module._load (node:internal/modules/cjs/loader:1019:12)
    at Module.require (node:internal/modules/cjs/loader:1231:19)
    at require (node:internal/modules/helpers:177:18)
    at Object.<anonymous> (C:\Users\hp\Documents\New folder\mis-dashboard\node_modules\eslint-import-resolver-typescript\lib\index.cjs:30:31)
    at Module._compile (node:internal/modules/cjs/loader:1364:14)
    at Module._extensions..js (node:internal/modules/cjs/loader:1422:10)  import/no-duplicates

C:\Users\hp\Documents\New folder\mis-dashboard\src\sections\auth\register-view.tsx
    1:1   warning  Resolve error: Cannot find native binding. npm has a bug related to optional dependencies (https://github.com/npm/cli/issues/4828). Please try `npm i` again after removing both package-lock.json and node_modules directory.
    at Object.<anonymous> (C:\Users\hp\Documents\New folder\mis-dashboard\node_modules\unrs-resolver\index.js:376:11)
    at Module._compile (node:internal/modules/cjs/loader:1364:14)
    at Module._extensions..js (node:internal/modules/cjs/loader:1422:10)
    at Module.load (node:internal/modules/cjs/loader:1203:32)
    at Module._load (node:internal/modules/cjs/loader:1019:12)
    at Module.require (node:internal/modules/cjs/loader:1231:19)
    at require (node:internal/modules/helpers:177:18)
    at Object.<anonymous> (C:\Users\hp\Documents\New folder\mis-dashboard\node_modules\eslint-import-resolver-typescript\lib\index.cjs:30:31)
    at Module._compile (node:internal/modules/cjs/loader:1364:14)
    at Module._extensions..js (node:internal/modules/cjs/loader:1422:10)  import/no-duplicates
  485:30  warning  '_' is assigned a value but never used                                                                                                                                                                                                                                                                                                                                                                                                                                                                                                                                                                                                                                                                                                                                                                                                                                                                                                                                                                                                        @typescript-eslint/no-unused-vars

C:\Users\hp\Documents\New folder\mis-dashboard\src\sections\auth\reset-password-view.tsx
  1:1  warning  Resolve error: Cannot find native binding. npm has a bug related to optional dependencies (https://github.com/npm/cli/issues/4828). Please try `npm i` again after removing both package-lock.json and node_modules directory.
    at Object.<anonymous> (C:\Users\hp\Documents\New folder\mis-dashboard\node_modules\unrs-resolver\index.js:376:11)
    at Module._compile (node:internal/modules/cjs/loader:1364:14)
    at Module._extensions..js (node:internal/modules/cjs/loader:1422:10)
    at Module.load (node:internal/modules/cjs/loader:1203:32)
    at Module._load (node:internal/modules/cjs/loader:1019:12)
    at Module.require (node:internal/modules/cjs/loader:1231:19)
    at require (node:internal/modules/helpers:177:18)
    at Object.<anonymous> (C:\Users\hp\Documents\New folder\mis-dashboard\node_modules\eslint-import-resolver-typescript\lib\index.cjs:30:31)
    at Module._compile (node:internal/modules/cjs/loader:1364:14)
    at Module._extensions..js (node:internal/modules/cjs/loader:1422:10)  import/no-duplicates

C:\Users\hp\Documents\New folder\mis-dashboard\src\sections\auth\sign-in-admin-view.tsx
  1:1  warning  Resolve error: Cannot find native binding. npm has a bug related to optional dependencies (https://github.com/npm/cli/issues/4828). Please try `npm i` again after removing both package-lock.json and node_modules directory.
    at Object.<anonymous> (C:\Users\hp\Documents\New folder\mis-dashboard\node_modules\unrs-resolver\index.js:376:11)
    at Module._compile (node:internal/modules/cjs/loader:1364:14)
    at Module._extensions..js (node:internal/modules/cjs/loader:1422:10)
    at Module.load (node:internal/modules/cjs/loader:1203:32)
    at Module._load (node:internal/modules/cjs/loader:1019:12)
    at Module.require (node:internal/modules/cjs/loader:1231:19)
    at require (node:internal/modules/helpers:177:18)
    at Object.<anonymous> (C:\Users\hp\Documents\New folder\mis-dashboard\node_modules\eslint-import-resolver-typescript\lib\index.cjs:30:31)
    at Module._compile (node:internal/modules/cjs/loader:1364:14)
    at Module._extensions..js (node:internal/modules/cjs/loader:1422:10)  import/no-duplicates

C:\Users\hp\Documents\New folder\mis-dashboard\src\sections\auth\sign-in-customer-view.tsx
  1:1  warning  Resolve error: Cannot find native binding. npm has a bug related to optional dependencies (https://github.com/npm/cli/issues/4828). Please try `npm i` again after removing both package-lock.json and node_modules directory.
    at Object.<anonymous> (C:\Users\hp\Documents\New folder\mis-dashboard\node_modules\unrs-resolver\index.js:376:11)
    at Module._compile (node:internal/modules/cjs/loader:1364:14)
    at Module._extensions..js (node:internal/modules/cjs/loader:1422:10)
    at Module.load (node:internal/modules/cjs/loader:1203:32)
    at Module._load (node:internal/modules/cjs/loader:1019:12)
    at Module.require (node:internal/modules/cjs/loader:1231:19)
    at require (node:internal/modules/helpers:177:18)
    at Object.<anonymous> (C:\Users\hp\Documents\New folder\mis-dashboard\node_modules\eslint-import-resolver-typescript\lib\index.cjs:30:31)
    at Module._compile (node:internal/modules/cjs/loader:1364:14)
    at Module._extensions..js (node:internal/modules/cjs/loader:1422:10)  import/no-duplicates

C:\Users\hp\Documents\New folder\mis-dashboard\src\sections\auth\sign-in-role-selector-view.tsx
  1:1  warning  Resolve error: Cannot find native binding. npm has a bug related to optional dependencies (https://github.com/npm/cli/issues/4828). Please try `npm i` again after removing both package-lock.json and node_modules directory.
    at Object.<anonymous> (C:\Users\hp\Documents\New folder\mis-dashboard\node_modules\unrs-resolver\index.js:376:11)
    at Module._compile (node:internal/modules/cjs/loader:1364:14)
    at Module._extensions..js (node:internal/modules/cjs/loader:1422:10)
    at Module.load (node:internal/modules/cjs/loader:1203:32)
    at Module._load (node:internal/modules/cjs/loader:1019:12)
    at Module.require (node:internal/modules/cjs/loader:1231:19)
    at require (node:internal/modules/helpers:177:18)
    at Object.<anonymous> (C:\Users\hp\Documents\New folder\mis-dashboard\node_modules\eslint-import-resolver-typescript\lib\index.cjs:30:31)
    at Module._compile (node:internal/modules/cjs/loader:1364:14)
    at Module._extensions..js (node:internal/modules/cjs/loader:1422:10)  import/no-duplicates

C:\Users\hp\Documents\New folder\mis-dashboard\src\sections\auth\sign-in-superadmin-view.tsx
  1:1  warning  Resolve error: Cannot find native binding. npm has a bug related to optional dependencies (https://github.com/npm/cli/issues/4828). Please try `npm i` again after removing both package-lock.json and node_modules directory.
    at Object.<anonymous> (C:\Users\hp\Documents\New folder\mis-dashboard\node_modules\unrs-resolver\index.js:376:11)
    at Module._compile (node:internal/modules/cjs/loader:1364:14)
    at Module._extensions..js (node:internal/modules/cjs/loader:1422:10)
    at Module.load (node:internal/modules/cjs/loader:1203:32)
    at Module._load (node:internal/modules/cjs/loader:1019:12)
    at Module.require (node:internal/modules/cjs/loader:1231:19)
    at require (node:internal/modules/helpers:177:18)
    at Object.<anonymous> (C:\Users\hp\Documents\New folder\mis-dashboard\node_modules\eslint-import-resolver-typescript\lib\index.cjs:30:31)
    at Module._compile (node:internal/modules/cjs/loader:1364:14)
    at Module._extensions..js (node:internal/modules/cjs/loader:1422:10)  import/no-duplicates

C:\Users\hp\Documents\New folder\mis-dashboard\src\sections\auth\sign-in-view.tsx
  1:1  warning  Resolve error: Cannot find native binding. npm has a bug related to optional dependencies (https://github.com/npm/cli/issues/4828). Please try `npm i` again after removing both package-lock.json and node_modules directory.
    at Object.<anonymous> (C:\Users\hp\Documents\New folder\mis-dashboard\node_modules\unrs-resolver\index.js:376:11)
    at Module._compile (node:internal/modules/cjs/loader:1364:14)
    at Module._extensions..js (node:internal/modules/cjs/loader:1422:10)
    at Module.load (node:internal/modules/cjs/loader:1203:32)
    at Module._load (node:internal/modules/cjs/loader:1019:12)
    at Module.require (node:internal/modules/cjs/loader:1231:19)
    at require (node:internal/modules/helpers:177:18)
    at Object.<anonymous> (C:\Users\hp\Documents\New folder\mis-dashboard\node_modules\eslint-import-resolver-typescript\lib\index.cjs:30:31)
    at Module._compile (node:internal/modules/cjs/loader:1364:14)
    at Module._extensions..js (node:internal/modules/cjs/loader:1422:10)  import/no-duplicates

C:\Users\hp\Documents\New folder\mis-dashboard\src\sections\auth\verify-otp-admin.tsx
  1:1  warning  Resolve error: Cannot find native binding. npm has a bug related to optional dependencies (https://github.com/npm/cli/issues/4828). Please try `npm i` again after removing both package-lock.json and node_modules directory.
    at Object.<anonymous> (C:\Users\hp\Documents\New folder\mis-dashboard\node_modules\unrs-resolver\index.js:376:11)
    at Module._compile (node:internal/modules/cjs/loader:1364:14)
    at Module._extensions..js (node:internal/modules/cjs/loader:1422:10)
    at Module.load (node:internal/modules/cjs/loader:1203:32)
    at Module._load (node:internal/modules/cjs/loader:1019:12)
    at Module.require (node:internal/modules/cjs/loader:1231:19)
    at require (node:internal/modules/helpers:177:18)
    at Object.<anonymous> (C:\Users\hp\Documents\New folder\mis-dashboard\node_modules\eslint-import-resolver-typescript\lib\index.cjs:30:31)
    at Module._compile (node:internal/modules/cjs/loader:1364:14)
    at Module._extensions..js (node:internal/modules/cjs/loader:1422:10)  import/no-duplicates

C:\Users\hp\Documents\New folder\mis-dashboard\src\sections\auth\verify-otp-view.tsx
  1:1  warning  Resolve error: Cannot find native binding. npm has a bug related to optional dependencies (https://github.com/npm/cli/issues/4828). Please try `npm i` again after removing both package-lock.json and node_modules directory.
    at Object.<anonymous> (C:\Users\hp\Documents\New folder\mis-dashboard\node_modules\unrs-resolver\index.js:376:11)
    at Module._compile (node:internal/modules/cjs/loader:1364:14)
    at Module._extensions..js (node:internal/modules/cjs/loader:1422:10)
    at Module.load (node:internal/modules/cjs/loader:1203:32)
    at Module._load (node:internal/modules/cjs/loader:1019:12)
    at Module.require (node:internal/modules/cjs/loader:1231:19)
    at require (node:internal/modules/helpers:177:18)
    at Object.<anonymous> (C:\Users\hp\Documents\New folder\mis-dashboard\node_modules\eslint-import-resolver-typescript\lib\index.cjs:30:31)
    at Module._compile (node:internal/modules/cjs/loader:1364:14)
    at Module._extensions..js (node:internal/modules/cjs/loader:1422:10)  import/no-duplicates

C:\Users\hp\Documents\New folder\mis-dashboard\src\sections\customer\apply-loan\apply-loan-flow-view.tsx
  1:1  warning  Resolve error: Cannot find native binding. npm has a bug related to optional dependencies (https://github.com/npm/cli/issues/4828). Please try `npm i` again after removing both package-lock.json and node_modules directory.
    at Object.<anonymous> (C:\Users\hp\Documents\New folder\mis-dashboard\node_modules\unrs-resolver\index.js:376:11)
    at Module._compile (node:internal/modules/cjs/loader:1364:14)
    at Module._extensions..js (node:internal/modules/cjs/loader:1422:10)
    at Module.load (node:internal/modules/cjs/loader:1203:32)
    at Module._load (node:internal/modules/cjs/loader:1019:12)
    at Module.require (node:internal/modules/cjs/loader:1231:19)
    at require (node:internal/modules/helpers:177:18)
    at Object.<anonymous> (C:\Users\hp\Documents\New folder\mis-dashboard\node_modules\eslint-import-resolver-typescript\lib\index.cjs:30:31)
    at Module._compile (node:internal/modules/cjs/loader:1364:14)
    at Module._extensions..js (node:internal/modules/cjs/loader:1422:10)  import/no-duplicates

C:\Users\hp\Documents\New folder\mis-dashboard\src\sections\customer\apply-loan\apply-loan-form-view.tsx
  1:1  warning  Resolve error: Cannot find native binding. npm has a bug related to optional dependencies (https://github.com/npm/cli/issues/4828). Please try `npm i` again after removing both package-lock.json and node_modules directory.
    at Object.<anonymous> (C:\Users\hp\Documents\New folder\mis-dashboard\node_modules\unrs-resolver\index.js:376:11)
    at Module._compile (node:internal/modules/cjs/loader:1364:14)
    at Module._extensions..js (node:internal/modules/cjs/loader:1422:10)
    at Module.load (node:internal/modules/cjs/loader:1203:32)
    at Module._load (node:internal/modules/cjs/loader:1019:12)
    at Module.require (node:internal/modules/cjs/loader:1231:19)
    at require (node:internal/modules/helpers:177:18)
    at Object.<anonymous> (C:\Users\hp\Documents\New folder\mis-dashboard\node_modules\eslint-import-resolver-typescript\lib\index.cjs:30:31)
    at Module._compile (node:internal/modules/cjs/loader:1364:14)
    at Module._extensions..js (node:internal/modules/cjs/loader:1422:10)  import/no-duplicates

C:\Users\hp\Documents\New folder\mis-dashboard\src\sections\customer\apply-loan\apply-loan-view.tsx
    1:1  warning  Resolve error: Cannot find native binding. npm has a bug related to optional dependencies (https://github.com/npm/cli/issues/4828). Please try `npm i` again after removing both package-lock.json and node_modules directory.
    at Object.<anonymous> (C:\Users\hp\Documents\New folder\mis-dashboard\node_modules\unrs-resolver\index.js:376:11)
    at Module._compile (node:internal/modules/cjs/loader:1364:14)
    at Module._extensions..js (node:internal/modules/cjs/loader:1422:10)
    at Module.load (node:internal/modules/cjs/loader:1203:32)
    at Module._load (node:internal/modules/cjs/loader:1019:12)
    at Module.require (node:internal/modules/cjs/loader:1231:19)
    at require (node:internal/modules/helpers:177:18)
    at Object.<anonymous> (C:\Users\hp\Documents\New folder\mis-dashboard\node_modules\eslint-import-resolver-typescript\lib\index.cjs:30:31)
    at Module._compile (node:internal/modules/cjs/loader:1364:14)
    at Module._extensions..js (node:internal/modules/cjs/loader:1422:10)  import/no-duplicates
   38:9  warning  'bankName' is assigned a value but never used                                                                                                                                                                                                                                                                                                                                                                                                                                                                                                                                                                                                                                                                                                                                                                                                                                                                                                                                                                                                 @typescript-eslint/no-unused-vars
  113:9  warning  'handleDelete' is assigned a value but never used                                                                                                                                                                                                                                                                                                                                                                                                                                                                                                                                                                                                                                                                                                                                                                                                                                                                                                                                                                                             @typescript-eslint/no-unused-vars

C:\Users\hp\Documents\New folder\mis-dashboard\src\sections\customer\assessment\assessment-view.tsx
  1:1  warning  Resolve error: Cannot find native binding. npm has a bug related to optional dependencies (https://github.com/npm/cli/issues/4828). Please try `npm i` again after removing both package-lock.json and node_modules directory.
    at Object.<anonymous> (C:\Users\hp\Documents\New folder\mis-dashboard\node_modules\unrs-resolver\index.js:376:11)
    at Module._compile (node:internal/modules/cjs/loader:1364:14)
    at Module._extensions..js (node:internal/modules/cjs/loader:1422:10)
    at Module.load (node:internal/modules/cjs/loader:1203:32)
    at Module._load (node:internal/modules/cjs/loader:1019:12)
    at Module.require (node:internal/modules/cjs/loader:1231:19)
    at require (node:internal/modules/helpers:177:18)
    at Object.<anonymous> (C:\Users\hp\Documents\New folder\mis-dashboard\node_modules\eslint-import-resolver-typescript\lib\index.cjs:30:31)
    at Module._compile (node:internal/modules/cjs/loader:1364:14)
    at Module._extensions..js (node:internal/modules/cjs/loader:1422:10)  import/no-duplicates

C:\Users\hp\Documents\New folder\mis-dashboard\src\sections\customer\credit-rating\credit-rating-view.tsx
  1:1  warning  Resolve error: Cannot find native binding. npm has a bug related to optional dependencies (https://github.com/npm/cli/issues/4828). Please try `npm i` again after removing both package-lock.json and node_modules directory.
    at Object.<anonymous> (C:\Users\hp\Documents\New folder\mis-dashboard\node_modules\unrs-resolver\index.js:376:11)
    at Module._compile (node:internal/modules/cjs/loader:1364:14)
    at Module._extensions..js (node:internal/modules/cjs/loader:1422:10)
    at Module.load (node:internal/modules/cjs/loader:1203:32)
    at Module._load (node:internal/modules/cjs/loader:1019:12)
    at Module.require (node:internal/modules/cjs/loader:1231:19)
    at require (node:internal/modules/helpers:177:18)
    at Object.<anonymous> (C:\Users\hp\Documents\New folder\mis-dashboard\node_modules\eslint-import-resolver-typescript\lib\index.cjs:30:31)
    at Module._compile (node:internal/modules/cjs/loader:1364:14)
    at Module._extensions..js (node:internal/modules/cjs/loader:1422:10)  import/no-duplicates

C:\Users\hp\Documents\New folder\mis-dashboard\src\sections\customer\dashboard\customer-dashboard-view.tsx
  1:1  warning  Resolve error: Cannot find native binding. npm has a bug related to optional dependencies (https://github.com/npm/cli/issues/4828). Please try `npm i` again after removing both package-lock.json and node_modules directory.
    at Object.<anonymous> (C:\Users\hp\Documents\New folder\mis-dashboard\node_modules\unrs-resolver\index.js:376:11)
    at Module._compile (node:internal/modules/cjs/loader:1364:14)
    at Module._extensions..js (node:internal/modules/cjs/loader:1422:10)
    at Module.load (node:internal/modules/cjs/loader:1203:32)
    at Module._load (node:internal/modules/cjs/loader:1019:12)
    at Module.require (node:internal/modules/cjs/loader:1231:19)
    at require (node:internal/modules/helpers:177:18)
    at Object.<anonymous> (C:\Users\hp\Documents\New folder\mis-dashboard\node_modules\eslint-import-resolver-typescript\lib\index.cjs:30:31)
    at Module._compile (node:internal/modules/cjs/loader:1364:14)
    at Module._extensions..js (node:internal/modules/cjs/loader:1422:10)  import/no-duplicates

C:\Users\hp\Documents\New folder\mis-dashboard\src\sections\customer\documents\documents-view.tsx
  1:1  warning  Resolve error: Cannot find native binding. npm has a bug related to optional dependencies (https://github.com/npm/cli/issues/4828). Please try `npm i` again after removing both package-lock.json and node_modules directory.
    at Object.<anonymous> (C:\Users\hp\Documents\New folder\mis-dashboard\node_modules\unrs-resolver\index.js:376:11)
    at Module._compile (node:internal/modules/cjs/loader:1364:14)
    at Module._extensions..js (node:internal/modules/cjs/loader:1422:10)
    at Module.load (node:internal/modules/cjs/loader:1203:32)
    at Module._load (node:internal/modules/cjs/loader:1019:12)
    at Module.require (node:internal/modules/cjs/loader:1231:19)
    at require (node:internal/modules/helpers:177:18)
    at Object.<anonymous> (C:\Users\hp\Documents\New folder\mis-dashboard\node_modules\eslint-import-resolver-typescript\lib\index.cjs:30:31)
    at Module._compile (node:internal/modules/cjs/loader:1364:14)
    at Module._extensions..js (node:internal/modules/cjs/loader:1422:10)  import/no-duplicates

C:\Users\hp\Documents\New folder\mis-dashboard\src\sections\customer\installments\installment-table-row.tsx
  1:1  warning  Resolve error: Cannot find native binding. npm has a bug related to optional dependencies (https://github.com/npm/cli/issues/4828). Please try `npm i` again after removing both package-lock.json and node_modules directory.
    at Object.<anonymous> (C:\Users\hp\Documents\New folder\mis-dashboard\node_modules\unrs-resolver\index.js:376:11)
    at Module._compile (node:internal/modules/cjs/loader:1364:14)
    at Module._extensions..js (node:internal/modules/cjs/loader:1422:10)
    at Module.load (node:internal/modules/cjs/loader:1203:32)
    at Module._load (node:internal/modules/cjs/loader:1019:12)
    at Module.require (node:internal/modules/cjs/loader:1231:19)
    at require (node:internal/modules/helpers:177:18)
    at Object.<anonymous> (C:\Users\hp\Documents\New folder\mis-dashboard\node_modules\eslint-import-resolver-typescript\lib\index.cjs:30:31)
    at Module._compile (node:internal/modules/cjs/loader:1364:14)
    at Module._extensions..js (node:internal/modules/cjs/loader:1422:10)  import/no-duplicates

C:\Users\hp\Documents\New folder\mis-dashboard\src\sections\customer\installments\installment-table-toolbar.tsx
  1:1  warning  Resolve error: Cannot find native binding. npm has a bug related to optional dependencies (https://github.com/npm/cli/issues/4828). Please try `npm i` again after removing both package-lock.json and node_modules directory.
    at Object.<anonymous> (C:\Users\hp\Documents\New folder\mis-dashboard\node_modules\unrs-resolver\index.js:376:11)
    at Module._compile (node:internal/modules/cjs/loader:1364:14)
    at Module._extensions..js (node:internal/modules/cjs/loader:1422:10)
    at Module.load (node:internal/modules/cjs/loader:1203:32)
    at Module._load (node:internal/modules/cjs/loader:1019:12)
    at Module.require (node:internal/modules/cjs/loader:1231:19)
    at require (node:internal/modules/helpers:177:18)
    at Object.<anonymous> (C:\Users\hp\Documents\New folder\mis-dashboard\node_modules\eslint-import-resolver-typescript\lib\index.cjs:30:31)
    at Module._compile (node:internal/modules/cjs/loader:1364:14)
    at Module._extensions..js (node:internal/modules/cjs/loader:1422:10)  import/no-duplicates

C:\Users\hp\Documents\New folder\mis-dashboard\src\sections\customer\installments\installments-view.tsx
    1:1   warning  Resolve error: Cannot find native binding. npm has a bug related to optional dependencies (https://github.com/npm/cli/issues/4828). Please try `npm i` again after removing both package-lock.json and node_modules directory.
    at Object.<anonymous> (C:\Users\hp\Documents\New folder\mis-dashboard\node_modules\unrs-resolver\index.js:376:11)
    at Module._compile (node:internal/modules/cjs/loader:1364:14)
    at Module._extensions..js (node:internal/modules/cjs/loader:1422:10)
    at Module.load (node:internal/modules/cjs/loader:1203:32)
    at Module._load (node:internal/modules/cjs/loader:1019:12)
    at Module.require (node:internal/modules/cjs/loader:1231:19)
    at require (node:internal/modules/helpers:177:18)
    at Object.<anonymous> (C:\Users\hp\Documents\New folder\mis-dashboard\node_modules\eslint-import-resolver-typescript\lib\index.cjs:30:31)
    at Module._compile (node:internal/modules/cjs/loader:1364:14)
    at Module._extensions..js (node:internal/modules/cjs/loader:1422:10)  import/no-duplicates
   38:52  warning  `import()` type annotations are forbidden                                                                                                                                                                                                                                                                                                                                                                                                                                                                                                                                                                                                                                                                                                                                                                                                                                                                                                                                                                                                     @typescript-eslint/consistent-type-imports
   44:10  warning  'totalPages' is assigned a value but never used                                                                                                                                                                                                                                                                                                                                                                                                                                                                                                                                                                                                                                                                                                                                                                                                                                                                                                                                                                                               @typescript-eslint/no-unused-vars
   48:18  warning  `import()` type annotations are forbidden                                                                                                                                                                                                                                                                                                                                                                                                                                                                                                                                                                                                                                                                                                                                                                                                                                                                                                                                                                                                     @typescript-eslint/consistent-type-imports
  135:6   warning  React Hook useCallback has a missing dependency: 'installments'. Either include it or remove the dependency array                                                                                                                                                                                                                                                                                                                                                                                                                                                                                                                                                                                                                                                                                                                                                                                                                                                                                                                             react-hooks/exhaustive-deps

C:\Users\hp\Documents\New folder\mis-dashboard\src\sections\customer\installments\utils.ts
  1:1  warning  Resolve error: Cannot find native binding. npm has a bug related to optional dependencies (https://github.com/npm/cli/issues/4828). Please try `npm i` again after removing both package-lock.json and node_modules directory.
    at Object.<anonymous> (C:\Users\hp\Documents\New folder\mis-dashboard\node_modules\unrs-resolver\index.js:376:11)
    at Module._compile (node:internal/modules/cjs/loader:1364:14)
    at Module._extensions..js (node:internal/modules/cjs/loader:1422:10)
    at Module.load (node:internal/modules/cjs/loader:1203:32)
    at Module._load (node:internal/modules/cjs/loader:1019:12)
    at Module.require (node:internal/modules/cjs/loader:1231:19)
    at require (node:internal/modules/helpers:177:18)
    at Object.<anonymous> (C:\Users\hp\Documents\New folder\mis-dashboard\node_modules\eslint-import-resolver-typescript\lib\index.cjs:30:31)
    at Module._compile (node:internal/modules/cjs/loader:1364:14)
    at Module._extensions..js (node:internal/modules/cjs/loader:1422:10)  import/no-duplicates

C:\Users\hp\Documents\New folder\mis-dashboard\src\sections\customer\pay-installment\pay-installment-view.tsx
  1:1  warning  Resolve error: Cannot find native binding. npm has a bug related to optional dependencies (https://github.com/npm/cli/issues/4828). Please try `npm i` again after removing both package-lock.json and node_modules directory.
    at Object.<anonymous> (C:\Users\hp\Documents\New folder\mis-dashboard\node_modules\unrs-resolver\index.js:376:11)
    at Module._compile (node:internal/modules/cjs/loader:1364:14)
    at Module._extensions..js (node:internal/modules/cjs/loader:1422:10)
    at Module.load (node:internal/modules/cjs/loader:1203:32)
    at Module._load (node:internal/modules/cjs/loader:1019:12)
    at Module.require (node:internal/modules/cjs/loader:1231:19)
    at require (node:internal/modules/helpers:177:18)
    at Object.<anonymous> (C:\Users\hp\Documents\New folder\mis-dashboard\node_modules\eslint-import-resolver-typescript\lib\index.cjs:30:31)
    at Module._compile (node:internal/modules/cjs/loader:1364:14)
    at Module._extensions..js (node:internal/modules/cjs/loader:1422:10)  import/no-duplicates

C:\Users\hp\Documents\New folder\mis-dashboard\src\sections\customer\payoff-offer\payoff-offer-view.tsx
  1:1  warning  Resolve error: Cannot find native binding. npm has a bug related to optional dependencies (https://github.com/npm/cli/issues/4828). Please try `npm i` again after removing both package-lock.json and node_modules directory.
    at Object.<anonymous> (C:\Users\hp\Documents\New folder\mis-dashboard\node_modules\unrs-resolver\index.js:376:11)
    at Module._compile (node:internal/modules/cjs/loader:1364:14)
    at Module._extensions..js (node:internal/modules/cjs/loader:1422:10)
    at Module.load (node:internal/modules/cjs/loader:1203:32)
    at Module._load (node:internal/modules/cjs/loader:1019:12)
    at Module.require (node:internal/modules/cjs/loader:1231:19)
    at require (node:internal/modules/helpers:177:18)
    at Object.<anonymous> (C:\Users\hp\Documents\New folder\mis-dashboard\node_modules\eslint-import-resolver-typescript\lib\index.cjs:30:31)
    at Module._compile (node:internal/modules/cjs/loader:1364:14)
    at Module._extensions..js (node:internal/modules/cjs/loader:1422:10)  import/no-duplicates

C:\Users\hp\Documents\New folder\mis-dashboard\src\sections\customer\profile\profile-view.tsx
  1:1  warning  Resolve error: Cannot find native binding. npm has a bug related to optional dependencies (https://github.com/npm/cli/issues/4828). Please try `npm i` again after removing both package-lock.json and node_modules directory.
    at Object.<anonymous> (C:\Users\hp\Documents\New folder\mis-dashboard\node_modules\unrs-resolver\index.js:376:11)
    at Module._compile (node:internal/modules/cjs/loader:1364:14)
    at Module._extensions..js (node:internal/modules/cjs/loader:1422:10)
    at Module.load (node:internal/modules/cjs/loader:1203:32)
    at Module._load (node:internal/modules/cjs/loader:1019:12)
    at Module.require (node:internal/modules/cjs/loader:1231:19)
    at require (node:internal/modules/helpers:177:18)
    at Object.<anonymous> (C:\Users\hp\Documents\New folder\mis-dashboard\node_modules\eslint-import-resolver-typescript\lib\index.cjs:30:31)
    at Module._compile (node:internal/modules/cjs/loader:1364:14)
    at Module._extensions..js (node:internal/modules/cjs/loader:1422:10)  import/no-duplicates

C:\Users\hp\Documents\New folder\mis-dashboard\src\sections\error\not-found-view.tsx
  1:1  warning  Resolve error: Cannot find native binding. npm has a bug related to optional dependencies (https://github.com/npm/cli/issues/4828). Please try `npm i` again after removing both package-lock.json and node_modules directory.
    at Object.<anonymous> (C:\Users\hp\Documents\New folder\mis-dashboard\node_modules\unrs-resolver\index.js:376:11)
    at Module._compile (node:internal/modules/cjs/loader:1364:14)
    at Module._extensions..js (node:internal/modules/cjs/loader:1422:10)
    at Module.load (node:internal/modules/cjs/loader:1203:32)
    at Module._load (node:internal/modules/cjs/loader:1019:12)
    at Module.require (node:internal/modules/cjs/loader:1231:19)
    at require (node:internal/modules/helpers:177:18)
    at Object.<anonymous> (C:\Users\hp\Documents\New folder\mis-dashboard\node_modules\eslint-import-resolver-typescript\lib\index.cjs:30:31)
    at Module._compile (node:internal/modules/cjs/loader:1364:14)
    at Module._extensions..js (node:internal/modules/cjs/loader:1422:10)  import/no-duplicates

C:\Users\hp\Documents\New folder\mis-dashboard\src\sections\overview\analytics-conversion-rates.tsx
  1:1  warning  Resolve error: Cannot find native binding. npm has a bug related to optional dependencies (https://github.com/npm/cli/issues/4828). Please try `npm i` again after removing both package-lock.json and node_modules directory.
    at Object.<anonymous> (C:\Users\hp\Documents\New folder\mis-dashboard\node_modules\unrs-resolver\index.js:376:11)
    at Module._compile (node:internal/modules/cjs/loader:1364:14)
    at Module._extensions..js (node:internal/modules/cjs/loader:1422:10)
    at Module.load (node:internal/modules/cjs/loader:1203:32)
    at Module._load (node:internal/modules/cjs/loader:1019:12)
    at Module.require (node:internal/modules/cjs/loader:1231:19)
    at require (node:internal/modules/helpers:177:18)
    at Object.<anonymous> (C:\Users\hp\Documents\New folder\mis-dashboard\node_modules\eslint-import-resolver-typescript\lib\index.cjs:30:31)
    at Module._compile (node:internal/modules/cjs/loader:1364:14)
    at Module._extensions..js (node:internal/modules/cjs/loader:1422:10)  import/no-duplicates

C:\Users\hp\Documents\New folder\mis-dashboard\src\sections\overview\analytics-current-subject.tsx
  1:1  warning  Resolve error: Cannot find native binding. npm has a bug related to optional dependencies (https://github.com/npm/cli/issues/4828). Please try `npm i` again after removing both package-lock.json and node_modules directory.
    at Object.<anonymous> (C:\Users\hp\Documents\New folder\mis-dashboard\node_modules\unrs-resolver\index.js:376:11)
    at Module._compile (node:internal/modules/cjs/loader:1364:14)
    at Module._extensions..js (node:internal/modules/cjs/loader:1422:10)
    at Module.load (node:internal/modules/cjs/loader:1203:32)
    at Module._load (node:internal/modules/cjs/loader:1019:12)
    at Module.require (node:internal/modules/cjs/loader:1231:19)
    at require (node:internal/modules/helpers:177:18)
    at Object.<anonymous> (C:\Users\hp\Documents\New folder\mis-dashboard\node_modules\eslint-import-resolver-typescript\lib\index.cjs:30:31)
    at Module._compile (node:internal/modules/cjs/loader:1364:14)
    at Module._extensions..js (node:internal/modules/cjs/loader:1422:10)  import/no-duplicates

C:\Users\hp\Documents\New folder\mis-dashboard\src\sections\overview\analytics-current-visits.tsx
  1:1  warning  Resolve error: Cannot find native binding. npm has a bug related to optional dependencies (https://github.com/npm/cli/issues/4828). Please try `npm i` again after removing both package-lock.json and node_modules directory.
    at Object.<anonymous> (C:\Users\hp\Documents\New folder\mis-dashboard\node_modules\unrs-resolver\index.js:376:11)
    at Module._compile (node:internal/modules/cjs/loader:1364:14)
    at Module._extensions..js (node:internal/modules/cjs/loader:1422:10)
    at Module.load (node:internal/modules/cjs/loader:1203:32)
    at Module._load (node:internal/modules/cjs/loader:1019:12)
    at Module.require (node:internal/modules/cjs/loader:1231:19)
    at require (node:internal/modules/helpers:177:18)
    at Object.<anonymous> (C:\Users\hp\Documents\New folder\mis-dashboard\node_modules\eslint-import-resolver-typescript\lib\index.cjs:30:31)
    at Module._compile (node:internal/modules/cjs/loader:1364:14)
    at Module._extensions..js (node:internal/modules/cjs/loader:1422:10)  import/no-duplicates

C:\Users\hp\Documents\New folder\mis-dashboard\src\sections\overview\analytics-news.tsx
  1:1  warning  Resolve error: Cannot find native binding. npm has a bug related to optional dependencies (https://github.com/npm/cli/issues/4828). Please try `npm i` again after removing both package-lock.json and node_modules directory.
    at Object.<anonymous> (C:\Users\hp\Documents\New folder\mis-dashboard\node_modules\unrs-resolver\index.js:376:11)
    at Module._compile (node:internal/modules/cjs/loader:1364:14)
    at Module._extensions..js (node:internal/modules/cjs/loader:1422:10)
    at Module.load (node:internal/modules/cjs/loader:1203:32)
    at Module._load (node:internal/modules/cjs/loader:1019:12)
    at Module.require (node:internal/modules/cjs/loader:1231:19)
    at require (node:internal/modules/helpers:177:18)
    at Object.<anonymous> (C:\Users\hp\Documents\New folder\mis-dashboard\node_modules\eslint-import-resolver-typescript\lib\index.cjs:30:31)
    at Module._compile (node:internal/modules/cjs/loader:1364:14)
    at Module._extensions..js (node:internal/modules/cjs/loader:1422:10)  import/no-duplicates

C:\Users\hp\Documents\New folder\mis-dashboard\src\sections\overview\analytics-order-timeline.tsx
  1:1  warning  Resolve error: Cannot find native binding. npm has a bug related to optional dependencies (https://github.com/npm/cli/issues/4828). Please try `npm i` again after removing both package-lock.json and node_modules directory.
    at Object.<anonymous> (C:\Users\hp\Documents\New folder\mis-dashboard\node_modules\unrs-resolver\index.js:376:11)
    at Module._compile (node:internal/modules/cjs/loader:1364:14)
    at Module._extensions..js (node:internal/modules/cjs/loader:1422:10)
    at Module.load (node:internal/modules/cjs/loader:1203:32)
    at Module._load (node:internal/modules/cjs/loader:1019:12)
    at Module.require (node:internal/modules/cjs/loader:1231:19)
    at require (node:internal/modules/helpers:177:18)
    at Object.<anonymous> (C:\Users\hp\Documents\New folder\mis-dashboard\node_modules\eslint-import-resolver-typescript\lib\index.cjs:30:31)
    at Module._compile (node:internal/modules/cjs/loader:1364:14)
    at Module._extensions..js (node:internal/modules/cjs/loader:1422:10)  import/no-duplicates

C:\Users\hp\Documents\New folder\mis-dashboard\src\sections\overview\analytics-tasks.tsx
  1:1  warning  Resolve error: Cannot find native binding. npm has a bug related to optional dependencies (https://github.com/npm/cli/issues/4828). Please try `npm i` again after removing both package-lock.json and node_modules directory.
    at Object.<anonymous> (C:\Users\hp\Documents\New folder\mis-dashboard\node_modules\unrs-resolver\index.js:376:11)
    at Module._compile (node:internal/modules/cjs/loader:1364:14)
    at Module._extensions..js (node:internal/modules/cjs/loader:1422:10)
    at Module.load (node:internal/modules/cjs/loader:1203:32)
    at Module._load (node:internal/modules/cjs/loader:1019:12)
    at Module.require (node:internal/modules/cjs/loader:1231:19)
    at require (node:internal/modules/helpers:177:18)
    at Object.<anonymous> (C:\Users\hp\Documents\New folder\mis-dashboard\node_modules\eslint-import-resolver-typescript\lib\index.cjs:30:31)
    at Module._compile (node:internal/modules/cjs/loader:1364:14)
    at Module._extensions..js (node:internal/modules/cjs/loader:1422:10)  import/no-duplicates

C:\Users\hp\Documents\New folder\mis-dashboard\src\sections\overview\analytics-traffic-by-site.tsx
  1:1  warning  Resolve error: Cannot find native binding. npm has a bug related to optional dependencies (https://github.com/npm/cli/issues/4828). Please try `npm i` again after removing both package-lock.json and node_modules directory.
    at Object.<anonymous> (C:\Users\hp\Documents\New folder\mis-dashboard\node_modules\unrs-resolver\index.js:376:11)
    at Module._compile (node:internal/modules/cjs/loader:1364:14)
    at Module._extensions..js (node:internal/modules/cjs/loader:1422:10)
    at Module.load (node:internal/modules/cjs/loader:1203:32)
    at Module._load (node:internal/modules/cjs/loader:1019:12)
    at Module.require (node:internal/modules/cjs/loader:1231:19)
    at require (node:internal/modules/helpers:177:18)
    at Object.<anonymous> (C:\Users\hp\Documents\New folder\mis-dashboard\node_modules\eslint-import-resolver-typescript\lib\index.cjs:30:31)
    at Module._compile (node:internal/modules/cjs/loader:1364:14)
    at Module._extensions..js (node:internal/modules/cjs/loader:1422:10)  import/no-duplicates

C:\Users\hp\Documents\New folder\mis-dashboard\src\sections\overview\analytics-website-visits.tsx
  1:1  warning  Resolve error: Cannot find native binding. npm has a bug related to optional dependencies (https://github.com/npm/cli/issues/4828). Please try `npm i` again after removing both package-lock.json and node_modules directory.
    at Object.<anonymous> (C:\Users\hp\Documents\New folder\mis-dashboard\node_modules\unrs-resolver\index.js:376:11)
    at Module._compile (node:internal/modules/cjs/loader:1364:14)
    at Module._extensions..js (node:internal/modules/cjs/loader:1422:10)
    at Module.load (node:internal/modules/cjs/loader:1203:32)
    at Module._load (node:internal/modules/cjs/loader:1019:12)
    at Module.require (node:internal/modules/cjs/loader:1231:19)
    at require (node:internal/modules/helpers:177:18)
    at Object.<anonymous> (C:\Users\hp\Documents\New folder\mis-dashboard\node_modules\eslint-import-resolver-typescript\lib\index.cjs:30:31)
    at Module._compile (node:internal/modules/cjs/loader:1364:14)
    at Module._extensions..js (node:internal/modules/cjs/loader:1422:10)  import/no-duplicates

C:\Users\hp\Documents\New folder\mis-dashboard\src\sections\overview\analytics-widget-summary.tsx
  1:1  warning  Resolve error: Cannot find native binding. npm has a bug related to optional dependencies (https://github.com/npm/cli/issues/4828). Please try `npm i` again after removing both package-lock.json and node_modules directory.
    at Object.<anonymous> (C:\Users\hp\Documents\New folder\mis-dashboard\node_modules\unrs-resolver\index.js:376:11)
    at Module._compile (node:internal/modules/cjs/loader:1364:14)
    at Module._extensions..js (node:internal/modules/cjs/loader:1422:10)
    at Module.load (node:internal/modules/cjs/loader:1203:32)
    at Module._load (node:internal/modules/cjs/loader:1019:12)
    at Module.require (node:internal/modules/cjs/loader:1231:19)
    at require (node:internal/modules/helpers:177:18)
    at Object.<anonymous> (C:\Users\hp\Documents\New folder\mis-dashboard\node_modules\eslint-import-resolver-typescript\lib\index.cjs:30:31)
    at Module._compile (node:internal/modules/cjs/loader:1364:14)
    at Module._extensions..js (node:internal/modules/cjs/loader:1422:10)  import/no-duplicates

C:\Users\hp\Documents\New folder\mis-dashboard\src\sections\overview\view\overview-analytics-view.tsx
  1:1  warning  Resolve error: Cannot find native binding. npm has a bug related to optional dependencies (https://github.com/npm/cli/issues/4828). Please try `npm i` again after removing both package-lock.json and node_modules directory.
    at Object.<anonymous> (C:\Users\hp\Documents\New folder\mis-dashboard\node_modules\unrs-resolver\index.js:376:11)
    at Module._compile (node:internal/modules/cjs/loader:1364:14)
    at Module._extensions..js (node:internal/modules/cjs/loader:1422:10)
    at Module.load (node:internal/modules/cjs/loader:1203:32)
    at Module._load (node:internal/modules/cjs/loader:1019:12)
    at Module.require (node:internal/modules/cjs/loader:1231:19)
    at require (node:internal/modules/helpers:177:18)
    at Object.<anonymous> (C:\Users\hp\Documents\New folder\mis-dashboard\node_modules\eslint-import-resolver-typescript\lib\index.cjs:30:31)
    at Module._compile (node:internal/modules/cjs/loader:1364:14)
    at Module._extensions..js (node:internal/modules/cjs/loader:1422:10)  import/no-duplicates

C:\Users\hp\Documents\New folder\mis-dashboard\src\sections\portfolio\portfolio-overview-view.tsx
    1:1  warning  Resolve error: Cannot find native binding. npm has a bug related to optional dependencies (https://github.com/npm/cli/issues/4828). Please try `npm i` again after removing both package-lock.json and node_modules directory.
    at Object.<anonymous> (C:\Users\hp\Documents\New folder\mis-dashboard\node_modules\unrs-resolver\index.js:376:11)
    at Module._compile (node:internal/modules/cjs/loader:1364:14)
    at Module._extensions..js (node:internal/modules/cjs/loader:1422:10)
    at Module.load (node:internal/modules/cjs/loader:1203:32)
    at Module._load (node:internal/modules/cjs/loader:1019:12)
    at Module.require (node:internal/modules/cjs/loader:1231:19)
    at require (node:internal/modules/helpers:177:18)
    at Object.<anonymous> (C:\Users\hp\Documents\New folder\mis-dashboard\node_modules\eslint-import-resolver-typescript\lib\index.cjs:30:31)
    at Module._compile (node:internal/modules/cjs/loader:1364:14)
    at Module._extensions..js (node:internal/modules/cjs/loader:1422:10)  import/no-duplicates
  121:9  warning  'theme' is assigned a value but never used                                                                                                                                                                                                                                                                                                                                                                                                                                                                                                                                                                                                                                                                                                                                                                                                                                                                                                                                                                                                    @typescript-eslint/no-unused-vars

C:\Users\hp\Documents\New folder\mis-dashboard\src\sections\profile\profile-me-view.tsx
  1:1  warning  Resolve error: Cannot find native binding. npm has a bug related to optional dependencies (https://github.com/npm/cli/issues/4828). Please try `npm i` again after removing both package-lock.json and node_modules directory.
    at Object.<anonymous> (C:\Users\hp\Documents\New folder\mis-dashboard\node_modules\unrs-resolver\index.js:376:11)
    at Module._compile (node:internal/modules/cjs/loader:1364:14)
    at Module._extensions..js (node:internal/modules/cjs/loader:1422:10)
    at Module.load (node:internal/modules/cjs/loader:1203:32)
    at Module._load (node:internal/modules/cjs/loader:1019:12)
    at Module.require (node:internal/modules/cjs/loader:1231:19)
    at require (node:internal/modules/helpers:177:18)
    at Object.<anonymous> (C:\Users\hp\Documents\New folder\mis-dashboard\node_modules\eslint-import-resolver-typescript\lib\index.cjs:30:31)
    at Module._compile (node:internal/modules/cjs/loader:1364:14)
    at Module._extensions..js (node:internal/modules/cjs/loader:1422:10)  import/no-duplicates

C:\Users\hp\Documents\New folder\mis-dashboard\src\sections\users\employee-apply-loan-dialog.tsx
    1:1  warning  Resolve error: Cannot find native binding. npm has a bug related to optional dependencies (https://github.com/npm/cli/issues/4828). Please try `npm i` again after removing both package-lock.json and node_modules directory.
    at Object.<anonymous> (C:\Users\hp\Documents\New folder\mis-dashboard\node_modules\unrs-resolver\index.js:376:11)
    at Module._compile (node:internal/modules/cjs/loader:1364:14)
    at Module._extensions..js (node:internal/modules/cjs/loader:1422:10)
    at Module.load (node:internal/modules/cjs/loader:1203:32)
    at Module._load (node:internal/modules/cjs/loader:1019:12)
    at Module.require (node:internal/modules/cjs/loader:1231:19)
    at require (node:internal/modules/helpers:177:18)
    at Object.<anonymous> (C:\Users\hp\Documents\New folder\mis-dashboard\node_modules\eslint-import-resolver-typescript\lib\index.cjs:30:31)
    at Module._compile (node:internal/modules/cjs/loader:1364:14)
    at Module._extensions..js (node:internal/modules/cjs/loader:1422:10)  import/no-duplicates
  303:6  warning  React Hook useEffect has a missing dependency: 'initialCustomer'. Either include it or remove the dependency array. If 'setCustomer' needs the current value of 'initialCustomer', you can also switch to useReducer instead of useState and read 'initialCustomer' in the reducer                                                                                                                                                                                                                                                                                                                                                                                                                                                                                                                                                                                                                                                                                                                                                            react-hooks/exhaustive-deps

C:\Users\hp\Documents\New folder\mis-dashboard\src\sections\users\users-form-view.tsx
  1:1  warning  Resolve error: Cannot find native binding. npm has a bug related to optional dependencies (https://github.com/npm/cli/issues/4828). Please try `npm i` again after removing both package-lock.json and node_modules directory.
    at Object.<anonymous> (C:\Users\hp\Documents\New folder\mis-dashboard\node_modules\unrs-resolver\index.js:376:11)
    at Module._compile (node:internal/modules/cjs/loader:1364:14)
    at Module._extensions..js (node:internal/modules/cjs/loader:1422:10)
    at Module.load (node:internal/modules/cjs/loader:1203:32)
    at Module._load (node:internal/modules/cjs/loader:1019:12)
    at Module.require (node:internal/modules/cjs/loader:1231:19)
    at require (node:internal/modules/helpers:177:18)
    at Object.<anonymous> (C:\Users\hp\Documents\New folder\mis-dashboard\node_modules\eslint-import-resolver-typescript\lib\index.cjs:30:31)
    at Module._compile (node:internal/modules/cjs/loader:1364:14)
    at Module._extensions..js (node:internal/modules/cjs/loader:1422:10)  import/no-duplicates

C:\Users\hp\Documents\New folder\mis-dashboard\src\sections\users\users-table-row.tsx
  1:1  warning  Resolve error: Cannot find native binding. npm has a bug related to optional dependencies (https://github.com/npm/cli/issues/4828). Please try `npm i` again after removing both package-lock.json and node_modules directory.
    at Object.<anonymous> (C:\Users\hp\Documents\New folder\mis-dashboard\node_modules\unrs-resolver\index.js:376:11)
    at Module._compile (node:internal/modules/cjs/loader:1364:14)
    at Module._extensions..js (node:internal/modules/cjs/loader:1422:10)
    at Module.load (node:internal/modules/cjs/loader:1203:32)
    at Module._load (node:internal/modules/cjs/loader:1019:12)
    at Module.require (node:internal/modules/cjs/loader:1231:19)
    at require (node:internal/modules/helpers:177:18)
    at Object.<anonymous> (C:\Users\hp\Documents\New folder\mis-dashboard\node_modules\eslint-import-resolver-typescript\lib\index.cjs:30:31)
    at Module._compile (node:internal/modules/cjs/loader:1364:14)
    at Module._extensions..js (node:internal/modules/cjs/loader:1422:10)  import/no-duplicates

C:\Users\hp\Documents\New folder\mis-dashboard\src\sections\users\users-table-toolbar.tsx
  1:1  warning  Resolve error: Cannot find native binding. npm has a bug related to optional dependencies (https://github.com/npm/cli/issues/4828). Please try `npm i` again after removing both package-lock.json and node_modules directory.
    at Object.<anonymous> (C:\Users\hp\Documents\New folder\mis-dashboard\node_modules\unrs-resolver\index.js:376:11)
    at Module._compile (node:internal/modules/cjs/loader:1364:14)
    at Module._extensions..js (node:internal/modules/cjs/loader:1422:10)
    at Module.load (node:internal/modules/cjs/loader:1203:32)
    at Module._load (node:internal/modules/cjs/loader:1019:12)
    at Module.require (node:internal/modules/cjs/loader:1231:19)
    at require (node:internal/modules/helpers:177:18)
    at Object.<anonymous> (C:\Users\hp\Documents\New folder\mis-dashboard\node_modules\eslint-import-resolver-typescript\lib\index.cjs:30:31)
    at Module._compile (node:internal/modules/cjs/loader:1364:14)
    at Module._extensions..js (node:internal/modules/cjs/loader:1422:10)  import/no-duplicates

C:\Users\hp\Documents\New folder\mis-dashboard\src\sections\users\view\users-view.tsx
  1:1  warning  Resolve error: Cannot find native binding. npm has a bug related to optional dependencies (https://github.com/npm/cli/issues/4828). Please try `npm i` again after removing both package-lock.json and node_modules directory.
    at Object.<anonymous> (C:\Users\hp\Documents\New folder\mis-dashboard\node_modules\unrs-resolver\index.js:376:11)
    at Module._compile (node:internal/modules/cjs/loader:1364:14)
    at Module._extensions..js (node:internal/modules/cjs/loader:1422:10)
    at Module.load (node:internal/modules/cjs/loader:1203:32)
    at Module._load (node:internal/modules/cjs/loader:1019:12)
    at Module.require (node:internal/modules/cjs/loader:1231:19)
    at require (node:internal/modules/helpers:177:18)
    at Object.<anonymous> (C:\Users\hp\Documents\New folder\mis-dashboard\node_modules\eslint-import-resolver-typescript\lib\index.cjs:30:31)
    at Module._compile (node:internal/modules/cjs/loader:1364:14)
    at Module._extensions..js (node:internal/modules/cjs/loader:1422:10)  import/no-duplicates

C:\Users\hp\Documents\New folder\mis-dashboard\src\theme\core\components.tsx
  1:1  warning  Resolve error: Cannot find native binding. npm has a bug related to optional dependencies (https://github.com/npm/cli/issues/4828). Please try `npm i` again after removing both package-lock.json and node_modules directory.
    at Object.<anonymous> (C:\Users\hp\Documents\New folder\mis-dashboard\node_modules\unrs-resolver\index.js:376:11)
    at Module._compile (node:internal/modules/cjs/loader:1364:14)
    at Module._extensions..js (node:internal/modules/cjs/loader:1422:10)
    at Module.load (node:internal/modules/cjs/loader:1203:32)
    at Module._load (node:internal/modules/cjs/loader:1019:12)
    at Module.require (node:internal/modules/cjs/loader:1231:19)
    at require (node:internal/modules/helpers:177:18)
    at Object.<anonymous> (C:\Users\hp\Documents\New folder\mis-dashboard\node_modules\eslint-import-resolver-typescript\lib\index.cjs:30:31)
    at Module._compile (node:internal/modules/cjs/loader:1364:14)
    at Module._extensions..js (node:internal/modules/cjs/loader:1422:10)  import/no-duplicates

C:\Users\hp\Documents\New folder\mis-dashboard\src\theme\core\custom-shadows.ts
  1:1  warning  Resolve error: Cannot find native binding. npm has a bug related to optional dependencies (https://github.com/npm/cli/issues/4828). Please try `npm i` again after removing both package-lock.json and node_modules directory.
    at Object.<anonymous> (C:\Users\hp\Documents\New folder\mis-dashboard\node_modules\unrs-resolver\index.js:376:11)
    at Module._compile (node:internal/modules/cjs/loader:1364:14)
    at Module._extensions..js (node:internal/modules/cjs/loader:1422:10)
    at Module.load (node:internal/modules/cjs/loader:1203:32)
    at Module._load (node:internal/modules/cjs/loader:1019:12)
    at Module.require (node:internal/modules/cjs/loader:1231:19)
    at require (node:internal/modules/helpers:177:18)
    at Object.<anonymous> (C:\Users\hp\Documents\New folder\mis-dashboard\node_modules\eslint-import-resolver-typescript\lib\index.cjs:30:31)
    at Module._compile (node:internal/modules/cjs/loader:1364:14)
    at Module._extensions..js (node:internal/modules/cjs/loader:1422:10)  import/no-duplicates

C:\Users\hp\Documents\New folder\mis-dashboard\src\theme\core\palette.ts
  1:1  warning  Resolve error: Cannot find native binding. npm has a bug related to optional dependencies (https://github.com/npm/cli/issues/4828). Please try `npm i` again after removing both package-lock.json and node_modules directory.
    at Object.<anonymous> (C:\Users\hp\Documents\New folder\mis-dashboard\node_modules\unrs-resolver\index.js:376:11)
    at Module._compile (node:internal/modules/cjs/loader:1364:14)
    at Module._extensions..js (node:internal/modules/cjs/loader:1422:10)
    at Module.load (node:internal/modules/cjs/loader:1203:32)
    at Module._load (node:internal/modules/cjs/loader:1019:12)
    at Module.require (node:internal/modules/cjs/loader:1231:19)
    at require (node:internal/modules/helpers:177:18)
    at Object.<anonymous> (C:\Users\hp\Documents\New folder\mis-dashboard\node_modules\eslint-import-resolver-typescript\lib\index.cjs:30:31)
    at Module._compile (node:internal/modules/cjs/loader:1364:14)
    at Module._extensions..js (node:internal/modules/cjs/loader:1422:10)  import/no-duplicates

C:\Users\hp\Documents\New folder\mis-dashboard\src\theme\core\shadows.ts
  1:1  warning  Resolve error: Cannot find native binding. npm has a bug related to optional dependencies (https://github.com/npm/cli/issues/4828). Please try `npm i` again after removing both package-lock.json and node_modules directory.
    at Object.<anonymous> (C:\Users\hp\Documents\New folder\mis-dashboard\node_modules\unrs-resolver\index.js:376:11)
    at Module._compile (node:internal/modules/cjs/loader:1364:14)
    at Module._extensions..js (node:internal/modules/cjs/loader:1422:10)
    at Module.load (node:internal/modules/cjs/loader:1203:32)
    at Module._load (node:internal/modules/cjs/loader:1019:12)
    at Module.require (node:internal/modules/cjs/loader:1231:19)
    at require (node:internal/modules/helpers:177:18)
    at Object.<anonymous> (C:\Users\hp\Documents\New folder\mis-dashboard\node_modules\eslint-import-resolver-typescript\lib\index.cjs:30:31)
    at Module._compile (node:internal/modules/cjs/loader:1364:14)
    at Module._extensions..js (node:internal/modules/cjs/loader:1422:10)  import/no-duplicates

C:\Users\hp\Documents\New folder\mis-dashboard\src\theme\core\typography.ts
  1:1  warning  Resolve error: Cannot find native binding. npm has a bug related to optional dependencies (https://github.com/npm/cli/issues/4828). Please try `npm i` again after removing both package-lock.json and node_modules directory.
    at Object.<anonymous> (C:\Users\hp\Documents\New folder\mis-dashboard\node_modules\unrs-resolver\index.js:376:11)
    at Module._compile (node:internal/modules/cjs/loader:1364:14)
    at Module._extensions..js (node:internal/modules/cjs/loader:1422:10)
    at Module.load (node:internal/modules/cjs/loader:1203:32)
    at Module._load (node:internal/modules/cjs/loader:1019:12)
    at Module.require (node:internal/modules/cjs/loader:1231:19)
    at require (node:internal/modules/helpers:177:18)
    at Object.<anonymous> (C:\Users\hp\Documents\New folder\mis-dashboard\node_modules\eslint-import-resolver-typescript\lib\index.cjs:30:31)
    at Module._compile (node:internal/modules/cjs/loader:1364:14)
    at Module._extensions..js (node:internal/modules/cjs/loader:1422:10)  import/no-duplicates

C:\Users\hp\Documents\New folder\mis-dashboard\src\theme\extend-theme-types.d.ts
  1:1  warning  Resolve error: Cannot find native binding. npm has a bug related to optional dependencies (https://github.com/npm/cli/issues/4828). Please try `npm i` again after removing both package-lock.json and node_modules directory.
    at Object.<anonymous> (C:\Users\hp\Documents\New folder\mis-dashboard\node_modules\unrs-resolver\index.js:376:11)
    at Module._compile (node:internal/modules/cjs/loader:1364:14)
    at Module._extensions..js (node:internal/modules/cjs/loader:1422:10)
    at Module.load (node:internal/modules/cjs/loader:1203:32)
    at Module._load (node:internal/modules/cjs/loader:1019:12)
    at Module.require (node:internal/modules/cjs/loader:1231:19)
    at require (node:internal/modules/helpers:177:18)
    at Object.<anonymous> (C:\Users\hp\Documents\New folder\mis-dashboard\node_modules\eslint-import-resolver-typescript\lib\index.cjs:30:31)
    at Module._compile (node:internal/modules/cjs/loader:1364:14)
    at Module._extensions..js (node:internal/modules/cjs/loader:1422:10)  import/no-duplicates

C:\Users\hp\Documents\New folder\mis-dashboard\src\theme\theme-provider.tsx
  1:1  warning  Resolve error: Cannot find native binding. npm has a bug related to optional dependencies (https://github.com/npm/cli/issues/4828). Please try `npm i` again after removing both package-lock.json and node_modules directory.
    at Object.<anonymous> (C:\Users\hp\Documents\New folder\mis-dashboard\node_modules\unrs-resolver\index.js:376:11)
    at Module._compile (node:internal/modules/cjs/loader:1364:14)
    at Module._extensions..js (node:internal/modules/cjs/loader:1422:10)
    at Module.load (node:internal/modules/cjs/loader:1203:32)
    at Module._load (node:internal/modules/cjs/loader:1019:12)
    at Module.require (node:internal/modules/cjs/loader:1231:19)
    at require (node:internal/modules/helpers:177:18)
    at Object.<anonymous> (C:\Users\hp\Documents\New folder\mis-dashboard\node_modules\eslint-import-resolver-typescript\lib\index.cjs:30:31)
    at Module._compile (node:internal/modules/cjs/loader:1364:14)
    at Module._extensions..js (node:internal/modules/cjs/loader:1422:10)  import/no-duplicates

C:\Users\hp\Documents\New folder\mis-dashboard\src\utils\bank-context.ts
  1:1  warning  Resolve error: Cannot find native binding. npm has a bug related to optional dependencies (https://github.com/npm/cli/issues/4828). Please try `npm i` again after removing both package-lock.json and node_modules directory.
    at Object.<anonymous> (C:\Users\hp\Documents\New folder\mis-dashboard\node_modules\unrs-resolver\index.js:376:11)
    at Module._compile (node:internal/modules/cjs/loader:1364:14)
    at Module._extensions..js (node:internal/modules/cjs/loader:1422:10)
    at Module.load (node:internal/modules/cjs/loader:1203:32)
    at Module._load (node:internal/modules/cjs/loader:1019:12)
    at Module.require (node:internal/modules/cjs/loader:1231:19)
    at require (node:internal/modules/helpers:177:18)
    at Object.<anonymous> (C:\Users\hp\Documents\New folder\mis-dashboard\node_modules\eslint-import-resolver-typescript\lib\index.cjs:30:31)
    at Module._compile (node:internal/modules/cjs/loader:1364:14)
    at Module._extensions..js (node:internal/modules/cjs/loader:1422:10)  import/no-duplicates

C:\Users\hp\Documents\New folder\mis-dashboard\src\utils\mock-auth.ts
  1:1  warning  Resolve error: Cannot find native binding. npm has a bug related to optional dependencies (https://github.com/npm/cli/issues/4828). Please try `npm i` again after removing both package-lock.json and node_modules directory.
    at Object.<anonymous> (C:\Users\hp\Documents\New folder\mis-dashboard\node_modules\unrs-resolver\index.js:376:11)
    at Module._compile (node:internal/modules/cjs/loader:1364:14)
    at Module._extensions..js (node:internal/modules/cjs/loader:1422:10)
    at Module.load (node:internal/modules/cjs/loader:1203:32)
    at Module._load (node:internal/modules/cjs/loader:1019:12)
    at Module.require (node:internal/modules/cjs/loader:1231:19)
    at require (node:internal/modules/helpers:177:18)
    at Object.<anonymous> (C:\Users\hp\Documents\New folder\mis-dashboard\node_modules\eslint-import-resolver-typescript\lib\index.cjs:30:31)
    at Module._compile (node:internal/modules/cjs/loader:1364:14)
    at Module._extensions..js (node:internal/modules/cjs/loader:1422:10)  import/no-duplicates

C:\Users\hp\Documents\New folder\mis-dashboard\src\utils\role-home-path.ts
  1:1  warning  Resolve error: Cannot find native binding. npm has a bug related to optional dependencies (https://github.com/npm/cli/issues/4828). Please try `npm i` again after removing both package-lock.json and node_modules directory.
    at Object.<anonymous> (C:\Users\hp\Documents\New folder\mis-dashboard\node_modules\unrs-resolver\index.js:376:11)
    at Module._compile (node:internal/modules/cjs/loader:1364:14)
    at Module._extensions..js (node:internal/modules/cjs/loader:1422:10)
    at Module.load (node:internal/modules/cjs/loader:1203:32)
    at Module._load (node:internal/modules/cjs/loader:1019:12)
    at Module.require (node:internal/modules/cjs/loader:1231:19)
    at require (node:internal/modules/helpers:177:18)
    at Object.<anonymous> (C:\Users\hp\Documents\New folder\mis-dashboard\node_modules\eslint-import-resolver-typescript\lib\index.cjs:30:31)
    at Module._compile (node:internal/modules/cjs/loader:1364:14)
    at Module._extensions..js (node:internal/modules/cjs/loader:1422:10)  import/no-duplicates

Γ£û 265 problems (0 errors, 265 warnings)

rendering chunks...
computing gzip size...
dist/index.html                                               0.51 kB Γöé gzip:   0.32 kB
dist/assets/mis-logo-B9Va1oc7.png                             4.72 kB
dist/assets/barlow-vietnamese-400-normal-BFeobeCK.woff        6.09 kB
dist/assets/barlow-vietnamese-500-normal-GNfB7rCE.woff        6.15 kB
dist/assets/barlow-vietnamese-800-normal-D0VWpbij.woff        6.21 kB
dist/assets/barlow-vietnamese-700-normal-4Jt4k04K.woff        6.22 kB
dist/assets/barlow-vietnamese-600-normal-CA_GiK2e.woff        6.23 kB
dist/assets/barlow-vietnamese-400-normal-Dpl4UHAZ.woff2       7.59 kB
dist/assets/barlow-vietnamese-500-normal-zTViEIzf.woff2       7.67 kB
dist/assets/barlow-vietnamese-700-normal-D6euyNzi.woff2       7.85 kB
dist/assets/barlow-vietnamese-600-normal-DcjprdFV.woff2       7.90 kB
dist/assets/barlow-vietnamese-800-normal-Cl1Mc_Dv.woff2       7.91 kB
dist/assets/barlow-latin-ext-400-normal-CvBsJvxq.woff        12.31 kB
dist/assets/barlow-latin-ext-500-normal-CJPcKP2Q.woff        12.41 kB
dist/assets/barlow-latin-ext-800-normal-D7I3yvUw.woff        12.51 kB
dist/assets/barlow-latin-ext-700-normal-CctuGmmz.woff        12.60 kB
dist/assets/barlow-latin-ext-600-normal-DMVRjfRT.woff        12.60 kB
dist/assets/barlow-latin-ext-400-normal-HxX4XjxC.woff2       14.27 kB
dist/assets/barlow-latin-ext-500-normal-DOaysfXq.woff2       14.42 kB
dist/assets/barlow-latin-ext-700-normal-BLuWmldJ.woff2       14.84 kB
dist/assets/barlow-latin-ext-600-normal-B8NK_A3D.woff2       14.97 kB
dist/assets/barlow-latin-ext-800-normal-BiucknKG.woff2       15.10 kB
dist/assets/dm-sans-latin-ext-wght-normal-BOFOeGcA.woff2     18.23 kB
dist/assets/barlow-latin-500-normal-C1h8hMer.woff            19.52 kB
dist/assets/barlow-latin-400-normal-fsAxiSwU.woff            19.58 kB
dist/assets/barlow-latin-800-normal-BdVooDN4.woff            19.64 kB
dist/assets/barlow-latin-700-normal-__SGTsZ1.woff            19.77 kB
dist/assets/barlow-latin-600-normal-CNwfPWQD.woff            19.88 kB
dist/assets/barlow-latin-500-normal-BPAOfeC8.woff2           22.01 kB
dist/assets/barlow-latin-400-normal-qiz4-Cze.woff2           22.20 kB
dist/assets/barlow-latin-600-normal-DILqtrty.woff2           22.77 kB
dist/assets/barlow-latin-700-normal-A9pxMQ4z.woff2           22.79 kB
dist/assets/barlow-latin-800-normal-s1sAMnoV.woff2           22.98 kB
dist/assets/dm-sans-latin-wght-normal-Xz1IZZA0.woff2         36.93 kB
dist/assets/index-_UEHZ2pQ.css                               31.71 kB Γöé gzip:   5.85 kB
dist/assets/config-global-DqNOXIhY.js                         0.05 kB Γöé gzip:   0.07 kB
dist/assets/use-debounce-B-zP2PxA.js                          0.19 kB Γöé gzip:   0.17 kB
dist/assets/users.services-CfzLet5G.js                        0.22 kB Γöé gzip:   0.17 kB
dist/assets/KeyboardArrowRight-DHiOVRIw.js                    0.23 kB Γöé gzip:   0.18 kB
dist/assets/use-search-params-DJ8R7ssy.js                     0.31 kB Γöé gzip:   0.23 kB
dist/assets/system-user.services-DBqKTYlg.js                  0.35 kB Γöé gzip:   0.22 kB
dist/assets/LoadingButton-MybLomCS.js                         0.40 kB Γöé gzip:   0.29 kB
dist/assets/bank.services-CgIwoBN8.js                         0.41 kB Γöé gzip:   0.25 kB
dist/assets/borrower-add-Cdbf2I7z.js                          0.44 kB Γöé gzip:   0.29 kB
dist/assets/format-number-DlENjmoy.js                         0.46 kB Γöé gzip:   0.22 kB
dist/assets/register-CEh-7yd3.js                              0.47 kB Γöé gzip:   0.32 kB
dist/assets/Card-BL8OQyY-.js                                  0.50 kB Γöé gzip:   0.34 kB
dist/assets/content-89wea-Kp.js                               0.52 kB Γöé gzip:   0.34 kB
dist/assets/label-o5rTVKzm.js                                 0.56 kB Γöé gzip:   0.35 kB
dist/assets/users-add-DFogiUrA.js                             0.57 kB Γöé gzip:   0.37 kB
dist/assets/utils-BBINBOqx.js                                 0.59 kB Γöé gzip:   0.39 kB
dist/assets/loan-applications.services-mKI_-XAB.js            0.60 kB Γöé gzip:   0.29 kB
dist/assets/TableHead-Dzxs85Z1.js                             0.65 kB Γöé gzip:   0.42 kB
dist/assets/validations-Bp_fcT2d.js                           0.68 kB Γöé gzip:   0.33 kB
dist/assets/assessment.types-DImnLMiK.js                      0.70 kB Γöé gzip:   0.29 kB
dist/assets/use-auth-CP68R4Oh.js                              0.88 kB Γöé gzip:   0.39 kB
dist/assets/employee.services-DjgUHB0E.js                     0.89 kB Γöé gzip:   0.39 kB
dist/assets/payment.services-BgLOaWHw.js                      0.89 kB Γöé gzip:   0.39 kB
dist/assets/unauthorized-BjZ_RMNa.js                          0.96 kB Γöé gzip:   0.60 kB
dist/assets/page-not-found-D1umhUtu.js                        1.01 kB Γöé gzip:   0.60 kB
dist/assets/memoized-form-field-Bd7s4yHG.js                   1.16 kB Γöé gzip:   0.51 kB
dist/assets/borrower-edit-Ca6fSoan.js                         1.27 kB Γöé gzip:   0.73 kB
dist/assets/users-edit-CUVkbP7S.js                            1.62 kB Γöé gzip:   0.83 kB
dist/assets/my-credit-rating-_GBPTls5.js                      1.66 kB Γöé gzip:   0.78 kB
dist/assets/styles-BDzQ5XFs.js                                1.79 kB Γöé gzip:   0.77 kB
dist/assets/Stack-BP5Zdo5P.js                                 1.86 kB Γöé gzip:   0.97 kB
dist/assets/InputAdornment-0xyrNMNj.js                        1.87 kB Γöé gzip:   0.96 kB
dist/assets/TableSortLabel-Dnlp6NEV.js                        2.14 kB Γöé gzip:   1.02 kB
dist/assets/SwitchBase-Bf29mvIU.js                            2.49 kB Γöé gzip:   1.20 kB
dist/assets/FormControlLabel-DFvP7_su.js                      2.63 kB Γöé gzip:   1.25 kB
dist/assets/subscription-required-BHREiKu_.js                 2.74 kB Γöé gzip:   1.29 kB
dist/assets/Checkbox-BlXeyXo1.js                              2.74 kB Γöé gzip:   1.24 kB
dist/assets/assessment.services-Cpx-oO8f.js                   2.77 kB Γöé gzip:   1.05 kB
dist/assets/forgot-password-admin-DGS9q8Du.js                 2.83 kB Γöé gzip:   1.38 kB
dist/assets/documents-COrSn91v.js                             3.06 kB Γöé gzip:   1.33 kB
dist/assets/Skeleton-CpAeKg9Z.js                              3.09 kB Γöé gzip:   1.36 kB
dist/assets/bank-settings-BcAIH6yv.js                         3.37 kB Γöé gzip:   1.41 kB
dist/assets/apply-loan-BypRtFQN.js                            3.74 kB Γöé gzip:   1.65 kB
dist/assets/pay-installment-D221f4m5.js                       3.76 kB Γöé gzip:   1.44 kB
dist/assets/forgot-password-CtC8UFaZ.js                       3.83 kB Γöé gzip:   1.77 kB
dist/assets/assessment-PzygcGiI.js                            4.33 kB Γöé gzip:   1.91 kB
dist/assets/payoff-offer-BzKnmXmY.js                          4.43 kB Γöé gzip:   1.75 kB
dist/assets/verify-otp-admin-BQuURtma.js                      4.46 kB Γöé gzip:   2.12 kB
dist/assets/profile-B5M8eZTn.js                               4.51 kB Γöé gzip:   1.60 kB
dist/assets/borrower-form-view-RPCgbpYi.js                    4.62 kB Γöé gzip:   1.82 kB
dist/assets/users-form-view-Cy2-QMNX.js                       4.63 kB Γöé gzip:   1.97 kB
dist/assets/users-detail-BLwvPH1C.js                          4.73 kB Γöé gzip:   1.76 kB
dist/assets/Grid-OoqsAzDJ.js                                  4.93 kB Γöé gzip:   1.99 kB
dist/assets/credit-proposal-report-detail-B7MkulGf.js         4.94 kB Γöé gzip:   1.74 kB
dist/assets/reset-password-DEkbsqLF.js                        5.70 kB Γöé gzip:   2.16 kB
dist/assets/verify-otp-BQ2-C_9W.js                            5.76 kB Γöé gzip:   2.55 kB
dist/assets/sign-in-CntYH5sK.js                               5.94 kB Γöé gzip:   2.48 kB
dist/assets/TableRow-r_iSaM75.js                              6.04 kB Γöé gzip:   2.06 kB
dist/assets/bank-details-BWrnpYRk.js                          6.26 kB Γöé gzip:   2.15 kB
dist/assets/installments-DBFKyyiI.js                          6.72 kB Γöé gzip:   2.89 kB
dist/assets/DialogTitle-CAb85cF0.js                           6.91 kB Γöé gzip:   2.37 kB
dist/assets/user-BcFF4OTr.js                                  6.99 kB Γöé gzip:   2.91 kB
dist/assets/TablePagination-C5uog7M8.js                       7.35 kB Γöé gzip:   2.72 kB
dist/assets/profile-QAZphlBJ.js                               7.40 kB Γöé gzip:   2.38 kB
dist/assets/bank-payments-BMLuNuR2.js                         7.78 kB Γöé gzip:   2.50 kB
dist/assets/Stepper-ClwHJGhx.js                               8.98 kB Γöé gzip:   2.85 kB
dist/assets/payment-D1mHT8qS.js                               9.07 kB Γöé gzip:   3.55 kB
dist/assets/credit-proposal-reports-C5ZUYq6x.js               9.13 kB Γöé gzip:   3.58 kB
dist/assets/Chip-6e_TALkp.js                                  9.17 kB Γöé gzip:   2.87 kB
dist/assets/borrower-management-CIWR1pyP.js                   9.43 kB Γöé gzip:   3.81 kB
dist/assets/credit-ratings-BSmld-0v.js                        9.86 kB Γöé gzip:   3.79 kB
dist/assets/TextField-CSxCIFDA.js                            10.94 kB Γöé gzip:   3.66 kB
dist/assets/loan-application-BHtA8PR8.js                     11.19 kB Γöé gzip:   4.10 kB
dist/assets/register-view-BihJKzHa.js                        11.31 kB Γöé gzip:   4.17 kB
dist/assets/bank-form-Bv7b5WNc.js                            11.41 kB Γöé gzip:   3.53 kB
dist/assets/bank-management-DnsDKPQW.js                      11.43 kB Γöé gzip:   4.30 kB
dist/assets/employees-pU3w6USB.js                            11.53 kB Γöé gzip:   4.49 kB
dist/assets/assessment-DORlSAFJ.js                           11.84 kB Γöé gzip:   4.46 kB
dist/assets/recovery-dashboard-BcFN7ezD.js                   12.46 kB Γöé gzip:   3.43 kB
dist/assets/loan-application-detail-B2pbdjsg.js              12.63 kB Γöé gzip:   3.74 kB
dist/assets/apply-loan-form-CgurzLE0.js                      13.89 kB Γöé gzip:   4.81 kB
dist/assets/borrower-detail-C-2t-oV4.js                      14.08 kB Γöé gzip:   3.04 kB
dist/assets/mis-reports-BQIW7k8i.js                          15.05 kB Γöé gzip:   5.36 kB
dist/assets/Tabs-CTFUpQpC.js                                 15.75 kB Γöé gzip:   5.43 kB
dist/assets/users-management-CFqVOi_x.js                     17.05 kB Γöé gzip:   6.26 kB
dist/assets/recovery-DFO_dDKX.js                             21.10 kB Γöé gzip:   6.27 kB
dist/assets/settings-hrpnP0FM.js                             24.07 kB Γöé gzip:   6.87 kB
dist/assets/Select-Cbc7E7bo.js                               33.96 kB Γöé gzip:  10.24 kB
dist/assets/dashboard-D_njXvSk.js                            34.52 kB Γöé gzip:   9.68 kB
dist/assets/formik.esm-B6f-VqEn.js                           66.96 kB Γöé gzip:  22.17 kB
dist/assets/react-apexcharts.esm-CjFGGFyt.js                579.95 kB Γöé gzip: 157.86 kB
dist/assets/index-BbZEXmwp.js                             1,011.13 kB Γöé gzip: 308.65 kB
npm : 
At C:\Users\hp\AppData\Local\Temp\ps-script-be957ae2-8630-4471-ad76-dae156900b2e.ps1:81 char:54
+ ... rs\hp\Documents\New folder\mis-dashboard"; npm run build 2>&1 | Out-F ...
+                                                ~~~~~~~~~~~~~~~~~~
    + CategoryInfo          : NotSpecified: (:String) [], RemoteException
    + FullyQualifiedErrorId : NativeCommandError
 
(!) Some chunks are larger than 500 kB after minification. Consider:
- Using dynamic import() to code-split the application
- Use build.rollupOptions.output.manualChunks to improve chunking: 
https://rollupjs.org/configuration-options/#output-manualchunks
- Adjust chunk size limit for this warning via build.chunkSizeWarningLimit.
Γ£ô built in 42.83s
